<html>
<body>
<pre>
<h1>礦ision Build Log</h1>
<h2>Tool Versions:</h2>
IDE-Version: μVision V5.15
Copyright (C) 2015 ARM Ltd and ARM Germany GmbH. All rights reserved.
License Information: 112 Administrator, 112, LIC=Y2B12-9GCTH-5BREB-2RWRX-XURXD-VJ4KJ
 
Tool Versions:
Toolchain:       MDK-ARM Professional  Version: 5.15.0
Toolchain Path:  C:\Keil_v5\ARM\ARMCC\Bin
C Compiler:      Armcc.exe V5.05 update 2 (build 169)
Assembler:       Armasm.exe V5.05 update 2 (build 169)
Linker/Locator:  ArmLink.exe V5.05 update 2 (build 169)
Library Manager: ArmAr.exe V5.05 update 2 (build 169)
Hex Converter:   FromElf.exe V5.05 update 2 (build 169)
CPU DLL:         SARMCM3.DLL V5.15.0
Dialog DLL:      DCM.DLL V1.13.2.0
Target DLL:      Segger\JL2CM3.dll V2.99.15.0
Dialog DLL:      TCM.DLL V1.14.5.0
 
<h2>Project:</h2>
C:\Users\Administrator\Desktop\积木\9-3   1.04积木程序无需引导程序\USER\JM-CPU.uvprojx
Project File Date:  06/28/2019

<h2>Output:</h2>
*** Using Compiler 'V5.05 update 2 (build 169)', folder: 'C:\Keil_v5\ARM\ARMCC\Bin'
Build target 'JM-CPU'
compiling main.c...
compiling stm32f4xx_it.c...
compiling system_stm32f4xx.c...
compiling led.c...
compiling beep.c...
compiling key.c...
compiling PWM.c...
compiling lcd.c...
..\HARDWARE\LCD\lcd.c(506): warning:  #550-D: variable "twidth" was set but never used
        u16 twidth,theight;
..\HARDWARE\LCD\lcd.c(506): warning:  #550-D: variable "theight" was set but never used
        u16 twidth,theight;
..\HARDWARE\LCD\lcd.c: 2 warnings, 0 errors
compiling i2s.c...
compiling myiic.c...
compiling sdio_sdcard.c...
compiling spi.c...
compiling sram.c...
compiling wm8978.c...
compiling w25qxx.c...
compiling wkup.c...
..\HARDWARE\WKUP\wkup.c(69): warning:  #940-D: missing return statement at end of non-void function "Check_WKUP"
  }  
..\HARDWARE\WKUP\wkup.c: 1 warning, 0 errors
compiling adc.c...
compiling iwdg.c...
compiling power .c...
compiling delay.c...
compiling sys.c...
compiling usart.c...
..\SYSTEM\usart\usart.c(22): warning:  #260-D: explicit type is missing ("int" assumed)
  extern run_flag;
..\SYSTEM\usart\usart.c: 1 warning, 0 errors
compiling usart2.c...
compiling data.c...
compiling time.c...
assembling startup_stm32f40_41xxx.s...
compiling misc.c...
compiling stm32f4xx_gpio.c...
compiling stm32f4xx_rcc.c...
compiling stm32f4xx_usart.c...
compiling stm32f4xx_syscfg.c...
compiling stm32f4xx_tim.c...
compiling stm32f4xx_fsmc.c...
compiling stm32f4xx_spi.c...
compiling stm32f4xx_sdio.c...
compiling stm32f4xx_dma.c...
compiling stm32f4xx_rtc.c...
compiling stm32f4xx_exti.c...
compiling stm32f4xx_pwr.c...
compiling stm32f4xx_adc.c...
compiling stm32f4xx_iwdg.c...
compiling malloc.c...
compiling usmart.c...
compiling usmart_config.c...
compiling usmart_str.c...
compiling diskio.c...
compiling ff.c...
compiling exfuns.c...
compiling fattester.c...
compiling mycc936.c...
compiling fontupd.c...
compiling text.c...
compiling wavplay.c...
compiling audioplay.c...
..\APP\audioplay.c(107): warning:  #177-D: variable "res" was declared but never referenced
        u8 res;
..\APP\audioplay.c: 1 warning, 0 errors
linking...
Program Size: Code=67382 RO-data=7174 RW-data=684 ZI-data=1234460  
FromELF: creating hex file...
After Build - User command #1: C:\Keil_v5\ARM\ARMCC\bin\fromelf.exe --bin -o  ..\OBJ\IAP.bin ..\OBJ\IAP.axf
"..\OBJ\IAP.axf" - 0 Error(s), 5 Warning(s).

<h2>Collection of Component include folders:</h2>
  C:\Users\Administrator\Desktop\积木\9-3   1.04积木程序无需引导程序\USER\RTE
  C:\Keil_v5\ARM\PACK\Keil\STM32F4xx_DFP\2.5.0\Drivers\CMSIS\Device\ST\STM32F4xx\Include

<h2>Collection of Component Files used:</h2>
</pre>
</body>
</html>
