Component: ARM Compiler 5.05 update 2 (build 169) Tool: armlink [4d0f33]

==============================================================================

Section Cross References

    main.o(i.main) refers to misc.o(i.NVIC_PriorityGroupConfig) for NVIC_PriorityGroupConfig
    main.o(i.main) refers to delay.o(i.delay_init) for delay_init
    main.o(i.main) refers to usart.o(i.Usart1Init) for Usart1Init
    main.o(i.main) refers to usart2.o(i.usart2_init) for usart2_init
    main.o(i.main) refers to led.o(i.LED_Init) for LED_Init
    main.o(i.main) refers to lcd.o(i.LCD_Init) for LCD_Init
    main.o(i.main) refers to usart.o(i.Data_Clear) for Data_Clear
    main.o(i.main) refers to key.o(i.KEY_Init) for KEY_Init
    main.o(i.main) refers to pwm.o(i.TIM4_PWM_Init) for TIM4_PWM_Init
    main.o(i.main) refers to pwm.o(i.TIM3_PWM_Init) for TIM3_PWM_Init
    main.o(i.main) refers to pwm.o(i.TIM1_PWM_Init) for TIM1_PWM_Init
    main.o(i.main) refers to adc.o(i.Adc_Init) for Adc_Init
    main.o(i.main) refers to wm8978.o(i.WM8978_Init) for WM8978_Init
    main.o(i.main) refers to wm8978.o(i.WM8978_HPvol_Set) for WM8978_HPvol_Set
    main.o(i.main) refers to wm8978.o(i.WM8978_SPKvol_Set) for WM8978_SPKvol_Set
    main.o(i.main) refers to iwdg.o(i.IWDG_Init) for IWDG_Init
    main.o(i.main) refers to malloc.o(i.my_mem_init) for my_mem_init
    main.o(i.main) refers to exfuns.o(i.exfuns_init) for exfuns_init
    main.o(i.main) refers to w25qxx.o(i.W25QXX_Init) for W25QXX_Init
    main.o(i.main) refers to lcd.o(i.LCD_Display) for LCD_Display
    main.o(i.main) refers to lcd.o(i.DisplayPicture) for DisplayPicture
    main.o(i.main) refers to stm32f4xx_gpio.o(i.GPIO_SetBits) for GPIO_SetBits
    main.o(i.main) refers to audioplay.o(i.audio_play) for audio_play
    main.o(i.main) refers to lcd.o(i.LCD_DisplayJiuGongGe) for LCD_DisplayJiuGongGe
    main.o(i.main) refers to data.o(i.UI_init) for UI_init
    main.o(i.main) refers to time.o(i.TIM2_int_Init) for TIM2_int_Init
    main.o(i.main) refers to time.o(i.TIM7_Init) for TIM7_Init
    main.o(i.main) refers to power .o(i.powe) for powe
    main.o(i.main) refers to key.o(i.key_L) for key_L
    main.o(i.main) refers to adc.o(i.VBAT) for VBAT
    main.o(i.main) refers to data.o(i.out_init) for out_init
    main.o(i.main) refers to lcd.o(i.LCD_ShowString) for LCD_ShowString
    main.o(i.main) refers to data.o(i.buf_data) for buf_data
    main.o(i.main) refers to iwdg.o(i.IWDG_Feed) for IWDG_Feed
    main.o(i.main) refers to usart.o(.data) for flag_Ka
    main.o(i.main) refers to main.o(.data) for G_led_download
    main.o(i.main) refers to stm32f4xx_it.o(.data) for time
    stm32f4xx_it.o(i.BusFault_Handler) refers to wkup.o(i.Sys_Enter_Standby) for Sys_Enter_Standby
    stm32f4xx_it.o(i.HardFault_Handler) refers to wkup.o(i.Sys_Enter_Standby) for Sys_Enter_Standby
    stm32f4xx_it.o(i.MemManage_Handler) refers to wkup.o(i.Sys_Enter_Standby) for Sys_Enter_Standby
    stm32f4xx_it.o(i.TIM2_IRQHandler) refers to stm32f4xx_tim.o(i.TIM_GetITStatus) for TIM_GetITStatus
    stm32f4xx_it.o(i.TIM2_IRQHandler) refers to stm32f4xx_gpio.o(i.GPIO_ReadInputDataBit) for GPIO_ReadInputDataBit
    stm32f4xx_it.o(i.TIM2_IRQHandler) refers to wkup.o(i.Sys_Enter_Standby) for Sys_Enter_Standby
    stm32f4xx_it.o(i.TIM2_IRQHandler) refers to stm32f4xx_tim.o(i.TIM_ClearITPendingBit) for TIM_ClearITPendingBit
    stm32f4xx_it.o(i.TIM2_IRQHandler) refers to stm32f4xx_it.o(.data) for time
    stm32f4xx_it.o(i.TIM7_IRQHandler) refers to stm32f4xx_tim.o(i.TIM_GetITStatus) for TIM_GetITStatus
    stm32f4xx_it.o(i.TIM7_IRQHandler) refers to data.o(i.UI_IN) for UI_IN
    stm32f4xx_it.o(i.TIM7_IRQHandler) refers to stm32f4xx_tim.o(i.TIM_ClearITPendingBit) for TIM_ClearITPendingBit
    stm32f4xx_it.o(i.UsageFault_Handler) refers to wkup.o(i.Sys_Enter_Standby) for Sys_Enter_Standby
    system_stm32f4xx.o(i.SystemCoreClockUpdate) refers to system_stm32f4xx.o(.data) for SystemCoreClock
    system_stm32f4xx.o(i.SystemInit) refers to system_stm32f4xx.o(i.SetSysClock) for SetSysClock
    led.o(i.LED_Init) refers to stm32f4xx_rcc.o(i.RCC_AHB1PeriphClockCmd) for RCC_AHB1PeriphClockCmd
    led.o(i.LED_Init) refers to stm32f4xx_gpio.o(i.GPIO_Init) for GPIO_Init
    led.o(i.LED_Init) refers to stm32f4xx_gpio.o(i.GPIO_ResetBits) for GPIO_ResetBits
    led.o(i.LED_Init) refers to stm32f4xx_gpio.o(i.GPIO_SetBits) for GPIO_SetBits
    key.o(i.KEY_Init) refers to stm32f4xx_rcc.o(i.RCC_AHB1PeriphClockCmd) for RCC_AHB1PeriphClockCmd
    key.o(i.KEY_Init) refers to stm32f4xx_gpio.o(i.GPIO_Init) for GPIO_Init
    key.o(i.key_L) refers to stm32f4xx_gpio.o(i.GPIO_ReadInputDataBit) for GPIO_ReadInputDataBit
    key.o(i.key_L) refers to delay.o(i.delay_ms) for delay_ms
    key.o(i.key_L) refers to lcd.o(i.LCD_DisplayJiuGongGe) for LCD_DisplayJiuGongGe
    key.o(i.key_L) refers to data.o(i.out_init) for out_init
    key.o(i.key_L) refers to data.o(i.UI_init) for UI_init
    key.o(i.key_L) refers to data.o(i.OUT1NO) for OUT1NO
[...]
    __printf                                 0x080004ad   Thumb Code   388  __printf_flags_ss_wp.o(.text)
    __aeabi_memcpy                           0x08000635   Thumb Code     0  rt_memcpy_v6.o(.text)
    __rt_memcpy                              0x08000635   Thumb Code   138  rt_memcpy_v6.o(.text)
    _memcpy_lastbytes                        0x0800069b   Thumb Code     0  rt_memcpy_v6.o(.text)
    __use_two_region_memory                  0x080006bf   Thumb Code     2  heapauxi.o(.text)
    __rt_heap_escrow$2region                 0x080006c1   Thumb Code     2  heapauxi.o(.text)
    __rt_heap_expand$2region                 0x080006c3   Thumb Code     2  heapauxi.o(.text)
    __I$use$semihosting                      0x080006c5   Thumb Code     0  use_no_semi.o(.text)
    __use_no_semihosting_swi                 0x080006c5   Thumb Code     2  use_no_semi.o(.text)
    __aeabi_uldivmod                         0x080006c7   Thumb Code     0  lludivv7m.o(.text)
    _ll_udiv                                 0x080006c7   Thumb Code   238  lludivv7m.o(.text)
    _printf_int_common                       0x080007b5   Thumb Code   178  _printf_intcommon.o(.text)
    _printf_cs_common                        0x08000867   Thumb Code    20  _printf_char.o(.text)
    _printf_char                             0x0800087b   Thumb Code    16  _printf_char.o(.text)
    _printf_string                           0x0800088b   Thumb Code     8  _printf_char.o(.text)
    _printf_char_file                        0x08000895   Thumb Code    32  _printf_char_file.o(.text)
    __aeabi_memcpy4                          0x080008b9   Thumb Code     0  rt_memcpy_w.o(.text)
    __aeabi_memcpy8                          0x080008b9   Thumb Code     0  rt_memcpy_w.o(.text)
    __rt_memcpy_w                            0x080008b9   Thumb Code   100  rt_memcpy_w.o(.text)
    _memcpy_lastbytes_aligned                0x08000901   Thumb Code     0  rt_memcpy_w.o(.text)
    _printf_char_common                      0x08000927   Thumb Code    32  _printf_char_common.o(.text)
    ferror                                   0x0800094d   Thumb Code     8  ferror.o(.text)
    __user_setup_stackheap                   0x08000955   Thumb Code    74  sys_stackheap_outer.o(.text)
    exit                                     0x0800099f   Thumb Code    12  exit.o(.text)
    __user_libspace                          0x080009ad   Thumb Code     8  libspace.o(.text)
    __user_perproc_libspace                  0x080009ad   Thumb Code     0  libspace.o(.text)
    __user_perthread_libspace                0x080009ad   Thumb Code     0  libspace.o(.text)
    ADC_Cmd                                  0x080009b5   Thumb Code    22  stm32f4xx_adc.o(i.ADC_Cmd)
    ADC_CommonInit                           0x080009cd   Thumb Code    34  stm32f4xx_adc.o(i.ADC_CommonInit)
    ADC_GetConversionValue                   0x080009fd   Thumb Code     8  stm32f4xx_adc.o(i.ADC_GetConversionValue)
    ADC_GetFlagStatus                        0x08000a05   Thumb Code    18  stm32f4xx_adc.o(i.ADC_GetFlagStatus)
    ADC_Init                                 0x08000a19   Thumb Code    74  stm32f4xx_adc.o(i.ADC_Init)
    ADC_RegularChannelConfig                 0x08000a6d   Thumb Code   184  stm32f4xx_adc.o(i.ADC_RegularChannelConfig)
    ADC_SoftwareStartConv                    0x08000b25   Thumb Code    10  stm32f4xx_adc.o(i.ADC_SoftwareStartConv)
    Adc_Init                                 0x08000b31   Thumb Code   124  adc.o(i.Adc_Init)
    BlockWrite                               0x08000bb5   Thumb Code    90  lcd.o(i.BlockWrite)
    BusFault_Handler                         0x08000c0f   Thumb Code     8  stm32f4xx_it.o(i.BusFault_Handler)
    Check_WKUP                               0x08000c19   Thumb Code    60  wkup.o(i.Check_WKUP)
    CmdError                                 0x08000c59   Thumb Code    48  sdio_sdcard.o(i.CmdError)
    CmdResp1Error                            0x08000c89   Thumb Code    94  sdio_sdcard.o(i.CmdResp1Error)
    CmdResp2Error                            0x08000ced   Thumb Code    80  sdio_sdcard.o(i.CmdResp2Error)
    CmdResp3Error                            0x08000d41   Thumb Code    50  sdio_sdcard.o(i.CmdResp3Error)
    CmdResp6Error                            0x08000d79   Thumb Code   144  sdio_sdcard.o(i.CmdResp6Error)
    CmdResp7Error                            0x08000e0d   Thumb Code    70  sdio_sdcard.o(i.CmdResp7Error)
    DMA1_Stream5_IRQHandler                  0x08000e59   Thumb Code    30  i2s.o(i.DMA1_Stream5_IRQHandler)
    DMA_ClearITPendingBit                    0x08000e85   Thumb Code    38  stm32f4xx_dma.o(i.DMA_ClearITPendingBit)
    DMA_Cmd                                  0x08000eb9   Thumb Code    22  stm32f4xx_dma.o(i.DMA_Cmd)
    DMA_DeInit                               0x08000ed1   Thumb Code   324  stm32f4xx_dma.o(i.DMA_DeInit)
    DMA_DoubleBufferModeCmd                  0x08001029   Thumb Code    22  stm32f4xx_dma.o(i.DMA_DoubleBufferModeCmd)
    DMA_DoubleBufferModeConfig               0x0800103f   Thumb Code    24  stm32f4xx_dma.o(i.DMA_DoubleBufferModeConfig)
    DMA_FlowControllerConfig                 0x08001057   Thumb Code    22  stm32f4xx_dma.o(i.DMA_FlowControllerConfig)
    DMA_GetCmdStatus                         0x0800106d   Thumb Code    20  stm32f4xx_dma.o(i.DMA_GetCmdStatus)
    DMA_GetITStatus                          0x08001081   Thumb Code    82  stm32f4xx_dma.o(i.DMA_GetITStatus)
    DMA_ITConfig                             0x080010e5   Thumb Code    58  stm32f4xx_dma.o(i.DMA_ITConfig)
    DMA_Init                                 0x08001121   Thumb Code    82  stm32f4xx_dma.o(i.DMA_Init)
    Data_Clear                               0x08001179   Thumb Code    28  usart.o(i.Data_Clear)
    DebugMon_Handler                         0x08001199   Thumb Code     2  stm32f4xx_it.o(i.DebugMon_Handler)
    DisplayPicture                           0x0800119d   Thumb Code   124  lcd.o(i.DisplayPicture)
    EXTI0_IRQHandler                         0x08001225   Thumb Code    32  wkup.o(i.EXTI0_IRQHandler)
    EXTI_ClearITPendingBit                   0x08001249   Thumb Code     6  stm32f4xx_exti.o(i.EXTI_ClearITPendingBit)
    FSMC_NORSRAMCmd                          0x08001255   Thumb Code    46  stm32f4xx_fsmc.o(i.FSMC_NORSRAMCmd)
    FSMC_NORSRAMInit                         0x08001289   Thumb Code   230  stm32f4xx_fsmc.o(i.FSMC_NORSRAMInit)
    FindSCR                                  0x08001371   Thumb Code   388  sdio_sdcard.o(i.FindSCR)
    GPIO_Init                                0x0800156d   Thumb Code   144  stm32f4xx_gpio.o(i.GPIO_Init)
    GPIO_PinAFConfig                         0x080015fd   Thumb Code    70  stm32f4xx_gpio.o(i.GPIO_PinAFConfig)
    GPIO_ReadInputDataBit                    0x08001643   Thumb Code    18  stm32f4xx_gpio.o(i.GPIO_ReadInputDataBit)
    GPIO_ResetBits                           0x08001655   Thumb Code     4  stm32f4xx_gpio.o(i.GPIO_ResetBits)
    GPIO_SetBits                             0x08001659   Thumb Code     4  stm32f4xx_gpio.o(i.GPIO_SetBits)
    Get_Adc                                  0x0800165d   Thumb Code    44  adc.o(i.Get_Adc)
    Get_Adc_Average                          0x0800168d   Thumb Code    46  adc.o(i.Get_Adc_Average)
    HardFault_Handler                        0x080016bb   Thumb Code     8  stm32f4xx_it.o(i.HardFault_Handler)
    I2S2_Init                                0x080016c5   Thumb Code    94  i2s.o(i.I2S2_Init)
    I2S2_SampleRate_Set                      0x08001729   Thumb Code   142  i2s.o(i.I2S2_SampleRate_Set)
    I2S2_TX_DMA_Init                         0x080017d5   Thumb Code   154  i2s.o(i.I2S2_TX_DMA_Init)
    I2S_Cmd                                  0x08001879   Thumb Code    24  stm32f4xx_spi.o(i.I2S_Cmd)
    I2S_Init                                 0x08001891   Thumb Code   396  stm32f4xx_spi.o(i.I2S_Init)
    I2S_Play_Start                           0x08001a29   Thumb Code    12  i2s.o(i.I2S_Play_Start)
    I2S_Play_Stop                            0x08001a39   Thumb Code    12  i2s.o(i.I2S_Play_Stop)
    IIC_Init                                 0x08001a49   Thumb Code    62  myiic.o(i.IIC_Init)
    IIC_Send_Byte                            0x08001a95   Thumb Code    90  myiic.o(i.IIC_Send_Byte)
    IIC_Start                                0x08001afd   Thumb Code    64  myiic.o(i.IIC_Start)
    IIC_Stop                                 0x08001b49   Thumb Code    62  myiic.o(i.IIC_Stop)
    IIC_Wait_Ack                             0x08001b95   Thumb Code    82  myiic.o(i.IIC_Wait_Ack)
    ILI9225G_Rst                             0x08001bf5   Thumb Code    52  lcd.o(i.ILI9225G_Rst)
    IWDG_Enable                              0x08001c2d   Thumb Code    10  stm32f4xx_iwdg.o(i.IWDG_Enable)
    IWDG_Feed                                0x08001c3d   Thumb Code     8  iwdg.o(i.IWDG_Feed)
    IWDG_Init                                0x08001c45   Thumb Code    36  iwdg.o(i.IWDG_Init)
    IWDG_ReloadCounter                       0x08001c69   Thumb Code    10  stm32f4xx_iwdg.o(i.IWDG_ReloadCounter)
    IWDG_SetPrescaler                        0x08001c79   Thumb Code     6  stm32f4xx_iwdg.o(i.IWDG_SetPrescaler)
    IWDG_SetReload                           0x08001c85   Thumb Code     6  stm32f4xx_iwdg.o(i.IWDG_SetReload)
    IWDG_WriteAccessCmd                      0x08001c91   Thumb Code     6  stm32f4xx_iwdg.o(i.IWDG_WriteAccessCmd)
    IsCardProgramming                        0x08001c9d   Thumb Code   146  sdio_sdcard.o(i.IsCardProgramming)
    KEY_Init                                 0x08001d3d   Thumb Code   104  key.o(i.KEY_Init)
    LCD_Display                              0x08001db1   Thumb Code    90  lcd.o(i.LCD_Display)
    LCD_DisplayJiuGongGe                     0x08001e11   Thumb Code   598  lcd.o(i.LCD_DisplayJiuGongGe)
    LCD_Fast_DrawPoint                       0x08002079   Thumb Code    24  lcd.o(i.LCD_Fast_DrawPoint)
    LCD_Init                                 0x08002091   Thumb Code   946  lcd.o(i.LCD_Init)
    LCD_RD_DATA                              0x08002455   Thumb Code    18  lcd.o(i.LCD_RD_DATA)
    LCD_Set                                  0x0800246d   Thumb Code    28  lcd.o(i.LCD_Set)
    LCD_SetCursor                            0x0800248d   Thumb Code    86  lcd.o(i.LCD_SetCursor)
    LCD_ShowChar                             0x080024e5   Thumb Code   272  lcd.o(i.LCD_ShowChar)
    LCD_ShowString                           0x0800260d   Thumb Code   102  lcd.o(i.LCD_ShowString)
    LCD_WR_DATA                              0x08002675   Thumb Code    10  lcd.o(i.LCD_WR_DATA)
    LCD_WR_REG                               0x08002685   Thumb Code    20  lcd.o(i.LCD_WR_REG)
    LCD_WriteRAM                             0x0800269d   Thumb Code    10  lcd.o(i.LCD_WriteRAM)
    LCD_WriteReg                             0x080026ad   Thumb Code    18  lcd.o(i.LCD_WriteReg)
    LED_Init                                 0x080026c5   Thumb Code   158  led.o(i.LED_Init)
    MemManage_Handler                        0x08002771   Thumb Code     8  stm32f4xx_it.o(i.MemManage_Handler)
    NMI_Handler                              0x08002779   Thumb Code     2  stm32f4xx_it.o(i.NMI_Handler)
    NVIC_Init                                0x0800277d   Thumb Code   106  misc.o(i.NVIC_Init)
    NVIC_PriorityGroupConfig                 0x080027f5   Thumb Code    10  misc.o(i.NVIC_PriorityGroupConfig)
    OUT1NO                                   0x08002809   Thumb Code    64  data.o(i.OUT1NO)
    OUT1OFF                                  0x0800285d   Thumb Code    62  data.o(i.OUT1OFF)
    OUT1ON                                   0x080028b1   Thumb Code    62  data.o(i.OUT1ON)
    OUT2NO                                   0x08002905   Thumb Code    64  data.o(i.OUT2NO)
    OUT2OFF                                  0x08002959   Thumb Code    62  data.o(i.OUT2OFF)
    OUT2ON                                   0x080029ad   Thumb Code    62  data.o(i.OUT2ON)
    OUT3NO                                   0x08002a01   Thumb Code    64  data.o(i.OUT3NO)
    OUT3OFF                                  0x08002a55   Thumb Code    62  data.o(i.OUT3OFF)
    OUT3ON                                   0x08002aa9   Thumb Code    62  data.o(i.OUT3ON)
    OUT4NO                                   0x08002afd   Thumb Code    64  data.o(i.OUT4NO)
    OUT4OFF                                  0x08002b51   Thumb Code    62  data.o(i.OUT4OFF)
    OUT4ON                                   0x08002ba5   Thumb Code    62  data.o(i.OUT4ON)
    PWR_BackupAccessCmd                      0x08002bf9   Thumb Code     6  stm32f4xx_pwr.o(i.PWR_BackupAccessCmd)
    PWR_ClearFlag                            0x08002c05   Thumb Code    14  stm32f4xx_pwr.o(i.PWR_ClearFlag)
    PWR_EnterSTANDBYMode                     0x08002c19   Thumb Code    32  stm32f4xx_pwr.o(i.PWR_EnterSTANDBYMode)
    PWR_WakeUpPinCmd                         0x08002c41   Thumb Code     6  stm32f4xx_pwr.o(i.PWR_WakeUpPinCmd)
    PendSV_Handler                           0x08002c4d   Thumb Code     2  stm32f4xx_it.o(i.PendSV_Handler)
    RCC_AHB1PeriphClockCmd                   0x08002c51   Thumb Code    26  stm32f4xx_rcc.o(i.RCC_AHB1PeriphClockCmd)
    RCC_AHB1PeriphResetCmd                   0x08002c71   Thumb Code    26  stm32f4xx_rcc.o(i.RCC_AHB1PeriphResetCmd)
    RCC_AHB3PeriphClockCmd                   0x08002c91   Thumb Code    26  stm32f4xx_rcc.o(i.RCC_AHB3PeriphClockCmd)
    RCC_APB1PeriphClockCmd                   0x08002cb1   Thumb Code    26  stm32f4xx_rcc.o(i.RCC_APB1PeriphClockCmd)
    RCC_APB1PeriphResetCmd                   0x08002cd1   Thumb Code    26  stm32f4xx_rcc.o(i.RCC_APB1PeriphResetCmd)
    RCC_APB2PeriphClockCmd                   0x08002cf1   Thumb Code    26  stm32f4xx_rcc.o(i.RCC_APB2PeriphClockCmd)
    RCC_APB2PeriphResetCmd                   0x08002d11   Thumb Code    26  stm32f4xx_rcc.o(i.RCC_APB2PeriphResetCmd)
    RCC_GetClocksFreq                        0x08002d31   Thumb Code   214  stm32f4xx_rcc.o(i.RCC_GetClocksFreq)
    RCC_PLLI2SCmd                            0x08002e19   Thumb Code     6  stm32f4xx_rcc.o(i.RCC_PLLI2SCmd)
    RCC_PLLI2SConfig                         0x08002e25   Thumb Code    12  stm32f4xx_rcc.o(i.RCC_PLLI2SConfig)
    RTC_ClearITPendingBit                    0x08002e35   Thumb Code    28  stm32f4xx_rtc.o(i.RTC_ClearITPendingBit)
    RTC_ITConfig                             0x08002e55   Thumb Code    94  stm32f4xx_rtc.o(i.RTC_ITConfig)
    SDEnWideBus                              0x08002eb9   Thumb Code   158  sdio_sdcard.o(i.SDEnWideBus)
    SDIO_ClearFlag                           0x08002f65   Thumb Code     6  stm32f4xx_sdio.o(i.SDIO_ClearFlag)
    SDIO_Clock_Set                           0x08002f71   Thumb Code    16  sdio_sdcard.o(i.SDIO_Clock_Set)
    SDIO_DataConfig                          0x08002f85   Thumb Code    46  stm32f4xx_sdio.o(i.SDIO_DataConfig)
    SDIO_GetFlagStatus                       0x08002fb9   Thumb Code    20  stm32f4xx_sdio.o(i.SDIO_GetFlagStatus)
    SDIO_GetPowerState                       0x08002fd1   Thumb Code    10  stm32f4xx_sdio.o(i.SDIO_GetPowerState)
    SDIO_IRQHandler                          0x08002fe1   Thumb Code     8  sdio_sdcard.o(i.SDIO_IRQHandler)
    SDIO_Init                                0x08002fe9   Thumb Code    42  stm32f4xx_sdio.o(i.SDIO_Init)
    SDIO_Register_Deinit                     0x08003019   Thumb Code    48  sdio_sdcard.o(i.SDIO_Register_Deinit)
    SDIO_SendCommand                         0x08003051   Thumb Code    40  stm32f4xx_sdio.o(i.SDIO_SendCommand)
    SDIO_SetPowerState                       0x0800307d   Thumb Code     6  stm32f4xx_sdio.o(i.SDIO_SetPowerState)
    SD_DMA_Config                            0x08003089   Thumb Code   118  sdio_sdcard.o(i.SD_DMA_Config)
    SD_EnableWideBusOperation                0x08003109   Thumb Code    94  sdio_sdcard.o(i.SD_EnableWideBusOperation)
    SD_GetCardInfo                           0x08003171   Thumb Code   772  sdio_sdcard.o(i.SD_GetCardInfo)
    SD_Init                                  0x08003485   Thumb Code   284  sdio_sdcard.o(i.SD_Init)
    SD_InitializeCards                       0x080035b5   Thumb Code   330  sdio_sdcard.o(i.SD_InitializeCards)
    SD_PowerON                               0x08003719   Thumb Code   460  sdio_sdcard.o(i.SD_PowerON)
    SD_ProcessIRQSrc                         0x080038fd   Thumb Code   318  sdio_sdcard.o(i.SD_ProcessIRQSrc)
    SD_ReadBlock                             0x08003a51   Thumb Code   574  sdio_sdcard.o(i.SD_ReadBlock)
    SD_ReadDisk                              0x08003cb9   Thumb Code   148  sdio_sdcard.o(i.SD_ReadDisk)
    SD_ReadMultiBlocks                       0x08003d51   Thumb Code   710  sdio_sdcard.o(i.SD_ReadMultiBlocks)
    SD_SelectDeselect                        0x08004045   Thumb Code    42  sdio_sdcard.o(i.SD_SelectDeselect)
    SD_SetDeviceMode                         0x08004075   Thumb Code    20  sdio_sdcard.o(i.SD_SetDeviceMode)
    SD_WriteBlock                            0x0800408d   Thumb Code   862  sdio_sdcard.o(i.SD_WriteBlock)
    SD_WriteDisk                             0x08004415   Thumb Code   148  sdio_sdcard.o(i.SD_WriteDisk)
    SD_WriteMultiBlocks                      0x080044ad   Thumb Code   934  sdio_sdcard.o(i.SD_WriteMultiBlocks)
    SPI2_Init                                0x0800487d   Thumb Code   188  spi.o(i.SPI2_Init)
    SPI2_ReadWriteByte                       0x08004941   Thumb Code    50  spi.o(i.SPI2_ReadWriteByte)
    SPI2_SetSpeed                            0x08004979   Thumb Code    36  spi.o(i.SPI2_SetSpeed)
    SPI_Cmd                                  0x080049a1   Thumb Code    24  stm32f4xx_spi.o(i.SPI_Cmd)
    SPI_I2S_DMACmd                           0x080049b9   Thumb Code    18  stm32f4xx_spi.o(i.SPI_I2S_DMACmd)
    SPI_I2S_GetFlagStatus                    0x080049cb   Thumb Code    18  stm32f4xx_spi.o(i.SPI_I2S_GetFlagStatus)
    SPI_I2S_ReceiveData                      0x080049dd   Thumb Code     6  stm32f4xx_spi.o(i.SPI_I2S_ReceiveData)
    SPI_I2S_SendData                         0x080049e3   Thumb Code     4  stm32f4xx_spi.o(i.SPI_I2S_SendData)
    SPI_Init                                 0x080049e7   Thumb Code    60  stm32f4xx_spi.o(i.SPI_Init)
    SVC_Handler                              0x08004a23   Thumb Code     2  stm32f4xx_it.o(i.SVC_Handler)
    SysTick_CLKSourceConfig                  0x08004b11   Thumb Code    40  misc.o(i.SysTick_CLKSourceConfig)
    SysTick_Handler                          0x08004b39   Thumb Code     2  stm32f4xx_it.o(i.SysTick_Handler)
    Sys_Enter_Standby                        0x08004b3d   Thumb Code   100  wkup.o(i.Sys_Enter_Standby)
    SystemInit                               0x08004ba9   Thumb Code    88  system_stm32f4xx.o(i.SystemInit)
    TIM1_PWM_Init                            0x08004c11   Thumb Code   250  pwm.o(i.TIM1_PWM_Init)
    TIM2_IRQHandler                          0x08004d19   Thumb Code    60  stm32f4xx_it.o(i.TIM2_IRQHandler)
    TIM2_int_Init                            0x08004d5d   Thumb Code    92  time.o(i.TIM2_int_Init)
    TIM3_PWM_Init                            0x08004db9   Thumb Code   230  pwm.o(i.TIM3_PWM_Init)
    TIM4_IRQHandler                          0x08004ea9   Thumb Code    46  usmart.o(i.TIM4_IRQHandler)
    TIM4_PWM_Init                            0x08004ee1   Thumb Code   406  pwm.o(i.TIM4_PWM_Init)
    TIM7_IRQHandler                          0x08005085   Thumb Code    26  stm32f4xx_it.o(i.TIM7_IRQHandler)
    TIM7_Init                                0x080050a5   Thumb Code    12  time.o(i.TIM7_Init)
    TIM_ARRPreloadConfig                     0x080050b1   Thumb Code    24  stm32f4xx_tim.o(i.TIM_ARRPreloadConfig)
    TIM_ClearFlag                            0x080050c9   Thumb Code     6  stm32f4xx_tim.o(i.TIM_ClearFlag)
    TIM_ClearITPendingBit                    0x080050cf   Thumb Code     6  stm32f4xx_tim.o(i.TIM_ClearITPendingBit)
    TIM_Cmd                                  0x080050d5   Thumb Code    24  stm32f4xx_tim.o(i.TIM_Cmd)
    TIM_GetCounter                           0x080050ed   Thumb Code     6  stm32f4xx_tim.o(i.TIM_GetCounter)
    TIM_GetFlagStatus                        0x080050f3   Thumb Code    18  stm32f4xx_tim.o(i.TIM_GetFlagStatus)
    TIM_GetITStatus                          0x08005105   Thumb Code    34  stm32f4xx_tim.o(i.TIM_GetITStatus)
    TIM_ITConfig                             0x08005127   Thumb Code    18  stm32f4xx_tim.o(i.TIM_ITConfig)
    TIM_OC1Init                              0x08005139   Thumb Code   114  stm32f4xx_tim.o(i.TIM_OC1Init)
    TIM_OC1PreloadConfig                     0x080051b5   Thumb Code    18  stm32f4xx_tim.o(i.TIM_OC1PreloadConfig)
    TIM_OC2Init                              0x080051c9   Thumb Code   154  stm32f4xx_tim.o(i.TIM_OC2Init)
    TIM_OC2PreloadConfig                     0x0800526d   Thumb Code    26  stm32f4xx_tim.o(i.TIM_OC2PreloadConfig)
    TIM_OC3Init                              0x08005289   Thumb Code   150  stm32f4xx_tim.o(i.TIM_OC3Init)
    TIM_OC3PreloadConfig                     0x08005329   Thumb Code    18  stm32f4xx_tim.o(i.TIM_OC3PreloadConfig)
    TIM_OC4Init                              0x0800533d   Thumb Code   112  stm32f4xx_tim.o(i.TIM_OC4Init)
    TIM_OC4PreloadConfig                     0x080053b5   Thumb Code    26  stm32f4xx_tim.o(i.TIM_OC4PreloadConfig)
    TIM_SetAutoreload                        0x080053cf   Thumb Code     4  stm32f4xx_tim.o(i.TIM_SetAutoreload)
    TIM_SetCompare1                          0x080053d3   Thumb Code     4  stm32f4xx_tim.o(i.TIM_SetCompare1)
    TIM_SetCompare2                          0x080053d7   Thumb Code     4  stm32f4xx_tim.o(i.TIM_SetCompare2)
    TIM_SetCompare3                          0x080053db   Thumb Code     4  stm32f4xx_tim.o(i.TIM_SetCompare3)
    TIM_SetCompare4                          0x080053df   Thumb Code     4  stm32f4xx_tim.o(i.TIM_SetCompare4)
    TIM_SetCounter                           0x080053e3   Thumb Code     4  stm32f4xx_tim.o(i.TIM_SetCounter)
    TIM_TimeBaseInit                         0x080053e9   Thumb Code   104  stm32f4xx_tim.o(i.TIM_TimeBaseInit)
    Timer4_Init                              0x0800546d   Thumb Code    86  usmart.o(i.Timer4_Init)
    UI_IN                                    0x080054c9   Thumb Code   212  data.o(i.UI_IN)
    UI_IN1                                   0x080055cd   Thumb Code    44  data.o(i.UI_IN1)
    UI_IN2                                   0x08005609   Thumb Code    44  data.o(i.UI_IN2)
    UI_IN3                                   0x08005645   Thumb Code    44  data.o(i.UI_IN3)
    UI_init                                  0x08005681   Thumb Code   324  data.o(i.UI_init)
    USART1_IRQHandler                        0x0800580d   Thumb Code   904  usart.o(i.USART1_IRQHandler)
    USART2_IRQHandler                        0x08005bcd   Thumb Code   124  usart2.o(i.USART2_IRQHandler)
    USART_Cmd                                0x08005c55   Thumb Code    24  stm32f4xx_usart.o(i.USART_Cmd)
    USART_GetITStatus                        0x08005c6d   Thumb Code    84  stm32f4xx_usart.o(i.USART_GetITStatus)
    USART_ITConfig                           0x08005cc1   Thumb Code    74  stm32f4xx_usart.o(i.USART_ITConfig)
    USART_Init                               0x08005d0d   Thumb Code   204  stm32f4xx_usart.o(i.USART_Init)
    USART_ReceiveData                        0x08005de1   Thumb Code    10  stm32f4xx_usart.o(i.USART_ReceiveData)
    UsageFault_Handler                       0x08005deb   Thumb Code     8  stm32f4xx_it.o(i.UsageFault_Handler)
    Usart1Init                               0x08005df5   Thumb Code   206  usart.o(i.Usart1Init)
    VBAT                                     0x08005ecd   Thumb Code   244  adc.o(i.VBAT)
    W25QXX_Erase_Sector                      0x08006009   Thumb Code    70  w25qxx.o(i.W25QXX_Erase_Sector)
    W25QXX_Init                              0x08006061   Thumb Code    74  w25qxx.o(i.W25QXX_Init)
    W25QXX_Read                              0x080060b9   Thumb Code    74  w25qxx.o(i.W25QXX_Read)
    W25QXX_ReadID                            0x08006109   Thumb Code    64  w25qxx.o(i.W25QXX_ReadID)
    W25QXX_ReadSR                            0x08006151   Thumb Code    36  w25qxx.o(i.W25QXX_ReadSR)
    W25QXX_Read_Dyte                         0x0800617d   Thumb Code    58  w25qxx.o(i.W25QXX_Read_Dyte)
    W25QXX_Read_Num                          0x080061c1   Thumb Code    70  w25qxx.o(i.W25QXX_Read_Num)
    W25QXX_Wait_Busy                         0x08006211   Thumb Code    18  w25qxx.o(i.W25QXX_Wait_Busy)
    W25QXX_Write                             0x08006225   Thumb Code   178  w25qxx.o(i.W25QXX_Write)
    W25QXX_Write_Enable                      0x080062dd   Thumb Code    24  w25qxx.o(i.W25QXX_Write_Enable)
    W25QXX_Write_NoCheck                     0x080062fd   Thumb Code    70  w25qxx.o(i.W25QXX_Write_NoCheck)
    W25QXX_Write_Page                        0x08006345   Thumb Code    80  w25qxx.o(i.W25QXX_Write_Page)
    WM8978_3D_Set                            0x08006399   Thumb Code    18  wm8978.o(i.WM8978_3D_Set)
    WM8978_ADDA_Cfg                          0x080063ab   Thumb Code    64  wm8978.o(i.WM8978_ADDA_Cfg)
    WM8978_AUX_Gain                          0x080063eb   Thumb Code    54  wm8978.o(i.WM8978_AUX_Gain)
    WM8978_EQ1_Set                           0x08006421   Thumb Code    50  wm8978.o(i.WM8978_EQ1_Set)
    WM8978_EQ2_Set                           0x08006453   Thumb Code    40  wm8978.o(i.WM8978_EQ2_Set)
    WM8978_EQ3_Set                           0x0800647b   Thumb Code    40  wm8978.o(i.WM8978_EQ3_Set)
    WM8978_EQ4_Set                           0x080064a3   Thumb Code    40  wm8978.o(i.WM8978_EQ4_Set)
    WM8978_EQ5_Set                           0x080064cb   Thumb Code    40  wm8978.o(i.WM8978_EQ5_Set)
    WM8978_EQ_3D_Dir                         0x080064f3   Thumb Code    34  wm8978.o(i.WM8978_EQ_3D_Dir)
    WM8978_HPvol_Set                         0x08006515   Thumb Code    46  wm8978.o(i.WM8978_HPvol_Set)
    WM8978_I2S_Cfg                           0x08006543   Thumb Code    28  wm8978.o(i.WM8978_I2S_Cfg)
    WM8978_Init                              0x08006561   Thumb Code   270  wm8978.o(i.WM8978_Init)
    WM8978_Input_Cfg                         0x0800667d   Thumb Code   102  wm8978.o(i.WM8978_Input_Cfg)
    WM8978_LINEIN_Gain                       0x080066e3   Thumb Code    54  wm8978.o(i.WM8978_LINEIN_Gain)
    WM8978_Output_Cfg                        0x08006719   Thumb Code    42  wm8978.o(i.WM8978_Output_Cfg)
    WM8978_Read_Reg                          0x08006745   Thumb Code    10  wm8978.o(i.WM8978_Read_Reg)
    WM8978_SPKvol_Set                        0x08006755   Thumb Code    34  wm8978.o(i.WM8978_SPKvol_Set)
    WM8978_Write_Reg                         0x08006779   Thumb Code    80  wm8978.o(i.WM8978_Write_Reg)
    _is_digit                                0x080067cd   Thumb Code    14  __printf_wp.o(i._is_digit)
    _sys_exit                                0x080067db   Thumb Code     6  usart.o(i._sys_exit)
    audio_play                               0x080067e1   Thumb Code    82  audioplay.o(i.audio_play)
    audio_start                              0x08006835   Thumb Code    14  audioplay.o(i.audio_start)
    audio_stop                               0x08006849   Thumb Code    14  audioplay.o(i.audio_stop)
    buf_data                                 0x0800685d   Thumb Code 26504  data.o(i.buf_data)
    convert_from_bytes_to_power_of_two       0x0800cffd   Thumb Code    18  sdio_sdcard.o(i.convert_from_bytes_to_power_of_two)
    delay_init                               0x0800d011   Thumb Code    52  delay.o(i.delay_init)
    delay_ms                                 0x0800d04d   Thumb Code    70  delay.o(i.delay_ms)
    delay_us                                 0x0800d099   Thumb Code    72  delay.o(i.delay_us)
    delay_xms                                0x0800d0e5   Thumb Code    82  delay.o(i.delay_xms)
    disk_ioctl                               0x0800d13d   Thumb Code   170  diskio.o(i.disk_ioctl)
    disk_read                                0x0800d1f1   Thumb Code   122  diskio.o(i.disk_read)
    disk_status                              0x0800d26b   Thumb Code     6  diskio.o(i.disk_status)
    disk_write                               0x0800d271   Thumb Code   122  diskio.o(i.disk_write)
    exfuns_init                              0x0800d2ed   Thumb Code   114  exfuns.o(i.exfuns_init)
    f_close                                  0x0800d371   Thumb Code    36  ff.o(i.f_close)
    f_sync                                   0x0800d395   Thumb Code   176  ff.o(i.f_sync)
    fputc                                    0x0800d445   Thumb Code    24  usart.o(i.fputc)
    get_fattime                              0x0800d461   Thumb Code     4  diskio.o(i.get_fattime)
    ka_9                                     0x0800d465   Thumb Code   508  data.o(i.ka_9)
    ka_A                                     0x0800d675   Thumb Code  1738  data.o(i.ka_A)
    ka_H                                     0x0800dd99   Thumb Code  5680  data.o(i.ka_H)
    key_L                                    0x0800f3d9   Thumb Code   162  key.o(i.key_L)
    main                                     0x0800f48d   Thumb Code   392  main.o(i.main)
    my_mem_free                              0x0800f6c1   Thumb Code    96  malloc.o(i.my_mem_free)
    my_mem_init                              0x0800f72d   Thumb Code    54  malloc.o(i.my_mem_init)
    my_mem_malloc                            0x0800f771   Thumb Code   156  malloc.o(i.my_mem_malloc)
    my_mem_perused                           0x0800f819   Thumb Code    54  malloc.o(i.my_mem_perused)
    myfree                                   0x0800f859   Thumb Code    30  malloc.o(i.myfree)
    mymalloc                                 0x0800f87d   Thumb Code    34  malloc.o(i.mymalloc)
    mymemset                                 0x0800f8a5   Thumb Code    20  malloc.o(i.mymemset)
    out_init                                 0x0800f8b9   Thumb Code    84  data.o(i.out_init)
    powe                                     0x0800f919   Thumb Code   138  power .o(i.powe)
    read_addr                                0x0800f9f1   Thumb Code     6  usmart.o(i.read_addr)
    usart2_init                              0x0800fb1d   Thumb Code   162  usart2.o(i.usart2_init)
    usmart_cmd_rec                           0x0800fbc9   Thumb Code   170  usmart.o(i.usmart_cmd_rec)
    usmart_exe                               0x0800fc79   Thumb Code   632  usmart.o(i.usmart_exe)
    usmart_get_aparm                         0x0800ff4d   Thumb Code   200  usmart_str.o(i.usmart_get_aparm)
    usmart_get_fname                         0x08010015   Thumb Code   440  usmart_str.o(i.usmart_get_fname)
    usmart_get_fparam                        0x080101d5   Thumb Code   262  usmart_str.o(i.usmart_get_fparam)
    usmart_get_parmpos                       0x080102e1   Thumb Code    26  usmart_str.o(i.usmart_get_parmpos)
    usmart_get_runtime                       0x08010301   Thumb Code    60  usmart.o(i.usmart_get_runtime)
    usmart_init                              0x08010345   Thumb Code    36  usmart.o(i.usmart_init)
    usmart_pow                               0x0801036d   Thumb Code    22  usmart_str.o(i.usmart_pow)
    usmart_reset_runtime                     0x08010385   Thumb Code    38  usmart.o(i.usmart_reset_runtime)
    usmart_scan                              0x080103b5   Thumb Code     2  usmart.o(i.usmart_scan)
    usmart_search_nextc                      0x080103b7   Thumb Code    22  usmart_str.o(i.usmart_search_nextc)
    usmart_str2num                           0x080103cd   Thumb Code   202  usmart_str.o(i.usmart_str2num)
    usmart_strcmp                            0x08010497   Thumb Code    34  usmart_str.o(i.usmart_strcmp)
    usmart_strcopy                           0x080104b9   Thumb Code    22  usmart_str.o(i.usmart_strcopy)
    usmart_strlen                            0x080104cf   Thumb Code    24  usmart_str.o(i.usmart_strlen)
    wav_buffill                              0x0801051d   Thumb Code   364  wavplay.o(i.wav_buffill)
    wav_decode_init                          0x080106b9   Thumb Code    52  wavplay.o(i.wav_decode_init)
    wav_i2s_dma_tx_callback                  0x080106ed   Thumb Code    96  wavplay.o(i.wav_i2s_dma_tx_callback)
    wav_play_song                            0x0801075d   Thumb Code   314  wavplay.o(i.wav_play_song)
    write_addr                               0x080108b1   Thumb Code     4  usmart.o(i.write_addr)
    _fp_init                                 0x080108b5   Thumb Code    10  fpinit.o(x$fpl$fpinit)
    __fplib_config_fpu_vfp                   0x080108bd   Thumb Code     0  fpinit.o(x$fpl$fpinit)
    __fplib_config_pureend_doubles           0x080108bd   Thumb Code     0  fpinit.o(x$fpl$fpinit)
    asc2_1206                                0x080108be   Data        1140  lcd.o(.constdata)
    asc2_1608                                0x08010d32   Data        1520  lcd.o(.constdata)
    asc2_2412                                0x08011322   Data        3420  lcd.o(.constdata)
    I2S_PSC_TBL                              0x0801207e   Data         110  i2s.o(.constdata)
    memtblsize                               0x080120ec   Data          12  malloc.o(.constdata)
    memblksize                               0x080120f8   Data          12  malloc.o(.constdata)
    memsize                                  0x08012104   Data          12  malloc.o(.constdata)
    Region$$Table$$Base                      0x0801231c   Number         0  anon$$obj.o(Region$$Table)
    Region$$Table$$Limit                     0x0801233c   Number         0  anon$$obj.o(Region$$Table)
    mem3base                                 0x10000000   Data       61440  malloc.o(.ARM.__AT_0x10000000)
    mem3mapbase                              0x1000f000   Data        3840  malloc.o(.ARM.__AT_0x1000F000)
    usart1_buffer_len                        0x20000000   Data           4  main.o(.data)
    usart2_buffer_len                        0x20000004   Data           4  main.o(.data)
    r_buffer_len                             0x20000008   Data           4  main.o(.data)
    usart1_ka                                0x2000000c   Data           1  main.o(.data)
    rc                                       0x2000000d   Data           1  main.o(.data)
    sys_ready                                0x2000000e   Data           1  main.o(.data)
    G_ka_num                                 0x2000000f   Data           1  main.o(.data)
    G_cond                                   0x20000010   Data           1  main.o(.data)
    G_led_download                           0x20000011   Data           1  main.o(.data)
    audioplay                                0x20000012   Data           1  main.o(.data)
    time                                     0x20000014   Data           4  stm32f4xx_it.o(.data)
    POINT_COLOR                              0x20000018   Data           2  lcd.o(.data)
    BACK_COLOR                               0x2000001a   Data           2  lcd.o(.data)
    FLASH_SIZE                               0x2000001c   Data           4  lcd.o(.data)
    i2s_tx_callback                          0x20000020   Data           4  i2s.o(.data)
    TransferError                            0x2000002e   Data           1  sdio_sdcard.o(.data)
    TransferEnd                              0x2000002f   Data           1  sdio_sdcard.o(.data)
    tempbuff                                 0x20000030   Data           4  sdio_sdcard.o(.data)
    W25QXX_TYPE                              0x200000a8   Data           2  w25qxx.o(.data)
    adcx                                     0x200000aa   Data           2  adc.o(.data)
    i                                        0x200000ac   Data           2  adc.o(.data)
    j                                        0x200000ae   Data           1  power .o(.data)
    state                                    0x200000b4   Data           1  usart.o(.data)
    u1_ka_num                                0x200000b5   Data           1  usart.o(.data)
    flag_Ka                                  0x200000b6   Data           1  usart.o(.data)
    run                                      0x200000b7   Data           1  usart.o(.data)
    __stdout                                 0x200000b8   Data           4  usart.o(.data)
    USART2_RX_STA                            0x200000bc   Data           2  usart2.o(.data)
    H1                                       0x200000be   Data           2  data.o(.data)
    H0                                       0x200000c0   Data           2  data.o(.data)
    H2                                       0x200000c2   Data           2  data.o(.data)
    H3                                       0x200000c4   Data           2  data.o(.data)
    H4                                       0x200000c6   Data           2  data.o(.data)
    H5                                       0x200000c8   Data           2  data.o(.data)
    H6                                       0x200000ca   Data           2  data.o(.data)
    H7                                       0x200000cc   Data           2  data.o(.data)
    S1                                       0x200000ce   Data           2  data.o(.data)
    S2                                       0x200000d0   Data           2  data.o(.data)
    S3                                       0x200000d2   Data           2  data.o(.data)
    S4                                       0x200000d4   Data           2  data.o(.data)
    k4                                       0x200000d6   Data           1  data.o(.data)
    k5                                       0x200000d7   Data           1  data.o(.data)
    j1                                       0x200000d8   Data           1  data.o(.data)
    j2                                       0x200000d9   Data           1  data.o(.data)
    j3                                       0x200000da   Data           1  data.o(.data)
    j4                                       0x200000db   Data           1  data.o(.data)
    j5                                       0x200000dc   Data           1  data.o(.data)
    j6                                       0x200000dd   Data           1  data.o(.data)
    j7                                       0x200000de   Data           1  data.o(.data)
    j8                                       0x200000df   Data           1  data.o(.data)
    j9                                       0x200000e0   Data           1  data.o(.data)
    j10                                      0x200000e1   Data           1  data.o(.data)
    i1                                       0x200000e2   Data           1  data.o(.data)
    i2                                       0x200000e3   Data           1  data.o(.data)
    i3                                       0x200000e4   Data           1  data.o(.data)
    i4                                       0x200000e5   Data           1  data.o(.data)
    i5                                       0x200000e6   Data           1  data.o(.data)
    i6                                       0x200000e7   Data           1  data.o(.data)
    i7                                       0x200000e8   Data           1  data.o(.data)
    i8                                       0x200000e9   Data           1  data.o(.data)
    i9                                       0x200000ea   Data           1  data.o(.data)
    cond1                                    0x200000eb   Data           1  data.o(.data)
    cond2                                    0x200000ec   Data           1  data.o(.data)
    cond3                                    0x200000ed   Data           1  data.o(.data)
    cond4                                    0x200000ee   Data           1  data.o(.data)
    cond5                                    0x200000ef   Data           1  data.o(.data)
    cond6                                    0x200000f0   Data           1  data.o(.data)
    cond7                                    0x200000f1   Data           1  data.o(.data)
    cond8                                    0x200000f2   Data           1  data.o(.data)
    cond9                                    0x200000f3   Data           1  data.o(.data)
    run_flag                                 0x200000f4   Data           1  data.o(.data)
    mallco_dev                               0x20000108   Data          36  malloc.o(.data)
    usmart_nametab                           0x2000012c   Data         104  usmart_config.o(.data)
    usmart_dev                               0x20000194   Data         244  usmart_config.o(.data)
    FLASH_SECTOR_COUNT                       0x20000288   Data           2  diskio.o(.data)
    file                                     0x2000028c   Data           4  exfuns.o(.data)
    ftemp                                    0x20000290   Data           4  exfuns.o(.data)
    br                                       0x20000294   Data           4  exfuns.o(.data)
    bw                                       0x20000298   Data           4  exfuns.o(.data)
    fatbuf                                   0x2000029c   Data           4  exfuns.o(.data)
    wavtransferend                           0x200002a0   Data           1  wavplay.o(.data)
    wavwitchbuf                              0x200002a1   Data           1  wavplay.o(.data)
    addflag                                  0x200002a4   Data           4  wavplay.o(.data)
    play_mun                                 0x200002a8   Data           1  audioplay.o(.data)
    usart1_buffer_data                       0x200002ac   Data         240  main.o(.bss)
    usart2_buffer_data                       0x2000039c   Data          40  main.o(.bss)
    r_buffer_data                            0x200003c4   Data          12  main.o(.bss)
    lcddev                                   0x200003d0   Data          14  lcd.o(.bss)
    lcd_id                                   0x200003de   Data          12  lcd.o(.bss)
    SDIO_InitStructure                       0x200003f0   Data          24  sdio_sdcard.o(.bss)
    SDIO_CmdInitStructure                    0x20000408   Data          20  sdio_sdcard.o(.bss)
    SDIO_DataInitStructure                   0x2000041c   Data          24  sdio_sdcard.o(.bss)
    SDCardInfo                               0x20000458   Data          88  sdio_sdcard.o(.bss)
    SDIO_DATA_BUFFER                         0x200004b0   Data         512  sdio_sdcard.o(.bss)
    W25QXX_BUFFER                            0x200006b0   Data        4096  w25qxx.o(.bss)
    USART2_TX_BUF                            0x200016b0   Data         400  usart2.o(.bss)
    USART2_RX_BUF                            0x20001840   Data         400  usart2.o(.bss)
    mem1base                                 0x200019e0   Data       102400  malloc.o(.bss)
    mem1mapbase                              0x2001a9e0   Data        6400  malloc.o(.bss)
    fs                                       0x2001c2e0   Data          12  exfuns.o(.bss)
    fileinfo                                 0x2001c2ec   Data          32  exfuns.o(.bss)
    dir                                      0x2001c30c   Data          36  exfuns.o(.bss)
    wavctrl                                  0x2001c330   Data          32  wavplay.o(.bss)
    Buffer                                   0x2001c350   Data        8192  wavplay.o(.bss)
    audiodev                                 0x2001e350   Data          17  audioplay.o(.bss)
    __libspace_start                         0x2001e364   Data          96  libspace.o(.bss)
    __temporary_stack_top$libspace           0x2001e3c4   Data           0  libspace.o(.bss)
    mem2base                                 0x68000000   Data       983040  malloc.o(.ARM.__AT_0x68000000)
    mem2mapbase                              0x680f0000   Data       61440  malloc.o(.ARM.__AT_0x680F0000)



==============================================================================

Memory Map of the image

  Image Entry point : 0x08000189

  Load Region LR_IROM1 (Base: 0x08000000, Size: 0x000125e8, Max: 0x00080000, ABSOLUTE, COMPRESSED[0x00012428])

    Execution Region ER_IROM1 (Base: 0x08000000, Size: 0x0001233c, Max: 0x00080000, ABSOLUTE)

    Base Addr    Size         Type   Attr      Idx    E Section Name        Object

    0x08000000   0x00000188   Data   RO         1793    RESET               startup_stm32f40_41xxx.o
    0x08000188   0x00000008   Code   RO         5726  * !!!main             c_w.l(__main.o)
    0x08000190   0x00000034   Code   RO         5911    !!!scatter          c_w.l(__scatter.o)
    0x080001c4   0x0000005a   Code   RO         5909    !!dczerorl2         c_w.l(__dczerorl2.o)
    0x0800021e   0x00000002   PAD
    0x08000220   0x0000001c   Code   RO         5913    !!handler_zi        c_w.l(__scatter_zi.o)
    0x0800023c   0x00000000   Code   RO         5713    .ARM.Collect$$_printf_percent$$00000000  c_w.l(_printf_percent.o)
    0x0800023c   0x00000006   Code   RO         5711    .ARM.Collect$$_printf_percent$$00000009  c_w.l(_printf_d.o)
    0x08000242   0x00000006   Code   RO         5712    .ARM.Collect$$_printf_percent$$0000000A  c_w.l(_printf_u.o)
    0x08000248   0x00000006   Code   RO         5710    .ARM.Collect$$_printf_percent$$0000000C  c_w.l(_printf_x.o)
    0x0800024e   0x00000006   Code   RO         5708    .ARM.Collect$$_printf_percent$$00000013  c_w.l(_printf_c.o)
    0x08000254   0x00000006   Code   RO         5709    .ARM.Collect$$_printf_percent$$00000014  c_w.l(_printf_s.o)
    0x0800025a   0x00000004   Code   RO         5739    .ARM.Collect$$_printf_percent$$00000017  c_w.l(_printf_percent_end.o)
    0x0800025e   0x00000002   Code   RO         5780    .ARM.Collect$$libinit$$00000000  c_w.l(libinit.o)
    0x08000260   0x00000004   Code   RO         5790    .ARM.Collect$$libinit$$00000001  c_w.l(libinit2.o)
    0x08000264   0x00000000   Code   RO         5793    .ARM.Collect$$libinit$$00000004  c_w.l(libinit2.o)
    0x08000264   0x00000000   Code   RO         5796    .ARM.Collect$$libinit$$0000000A  c_w.l(libinit2.o)
    0x08000264   0x00000000   Code   RO         5798    .ARM.Collect$$libinit$$0000000C  c_w.l(libinit2.o)
    0x08000264   0x00000000   Code   RO         5800    .ARM.Collect$$libinit$$0000000E  c_w.l(libinit2.o)
    0x08000264   0x00000000   Code   RO         5803    .ARM.Collect$$libinit$$00000011  c_w.l(libinit2.o)
    0x08000264   0x00000000   Code   RO         5805    .ARM.Collect$$libinit$$00000013  c_w.l(libinit2.o)
    0x08000264   0x00000000   Code   RO         5807    .ARM.Collect$$libinit$$00000015  c_w.l(libinit2.o)
    0x08000264   0x00000000   Code   RO         5809    .ARM.Collect$$libinit$$00000017  c_w.l(libinit2.o)
    0x08000264   0x00000000   Code   RO         5811    .ARM.Collect$$libinit$$00000019  c_w.l(libinit2.o)
    0x08000264   0x00000000   Code   RO         5813    .ARM.Collect$$libinit$$0000001B  c_w.l(libinit2.o)
    0x08000264   0x00000000   Code   RO         5815    .ARM.Collect$$libinit$$0000001D  c_w.l(libinit2.o)
    0x08000264   0x00000000   Code   RO         5817    .ARM.Collect$$libinit$$0000001F  c_w.l(libinit2.o)
    0x08000264   0x00000000   Code   RO         5819    .ARM.Collect$$libinit$$00000021  c_w.l(libinit2.o)
    0x08000264   0x00000000   Code   RO         5821    .ARM.Collect$$libinit$$00000023  c_w.l(libinit2.o)
    0x08000264   0x00000000   Code   RO         5823    .ARM.Collect$$libinit$$00000025  c_w.l(libinit2.o)
    0x08000264   0x00000000   Code   RO         5827    .ARM.Collect$$libinit$$0000002C  c_w.l(libinit2.o)
    0x08000264   0x00000000   Code   RO         5829    .ARM.Collect$$libinit$$0000002E  c_w.l(libinit2.o)
    0x08000264   0x00000000   Code   RO         5831    .ARM.Collect$$libinit$$00000030  c_w.l(libinit2.o)
    0x08000264   0x00000000   Code   RO         5833    .ARM.Collect$$libinit$$00000032  c_w.l(libinit2.o)
    0x08000264   0x00000002   Code   RO         5834    .ARM.Collect$$libinit$$00000033  c_w.l(libinit2.o)
    0x08000266   0x00000002   Code   RO         5862    .ARM.Collect$$libshutdown$$00000000  c_w.l(libshutdown.o)
    0x08000268   0x00000000   Code   RO         5877    .ARM.Collect$$libshutdown$$00000003  c_w.l(libshutdown2.o)
    0x08000268   0x00000000   Code   RO         5880    .ARM.Collect$$libshutdown$$00000006  c_w.l(libshutdown2.o)
    0x08000268   0x00000000   Code   RO         5883    .ARM.Collect$$libshutdown$$00000009  c_w.l(libshutdown2.o)
    0x08000268   0x00000000   Code   RO         5885    .ARM.Collect$$libshutdown$$0000000B  c_w.l(libshutdown2.o)
    0x08000268   0x00000000   Code   RO         5888    .ARM.Collect$$libshutdown$$0000000E  c_w.l(libshutdown2.o)
    0x08000268   0x00000002   Code   RO         5889    .ARM.Collect$$libshutdown$$0000000F  c_w.l(libshutdown2.o)
    0x0800026a   0x00000000   Code   RO         5730    .ARM.Collect$$rtentry$$00000000  c_w.l(__rtentry.o)
    0x0800026a   0x00000000   Code   RO         5743    .ARM.Collect$$rtentry$$00000002  c_w.l(__rtentry2.o)
    0x0800026a   0x00000006   Code   RO         5755    .ARM.Collect$$rtentry$$00000004  c_w.l(__rtentry4.o)
    0x08000270   0x00000000   Code   RO         5745    .ARM.Collect$$rtentry$$00000009  c_w.l(__rtentry2.o)
    0x08000270   0x00000004   Code   RO         5746    .ARM.Collect$$rtentry$$0000000A  c_w.l(__rtentry2.o)
    0x08000274   0x00000000   Code   RO         5748    .ARM.Collect$$rtentry$$0000000C  c_w.l(__rtentry2.o)
    0x08000274   0x00000008   Code   RO         5749    .ARM.Collect$$rtentry$$0000000D  c_w.l(__rtentry2.o)
    0x0800027c   0x00000002   Code   RO         5784    .ARM.Collect$$rtexit$$00000000  c_w.l(rtexit.o)
    0x0800027e   0x00000000   Code   RO         5836    .ARM.Collect$$rtexit$$00000002  c_w.l(rtexit2.o)
    0x0800027e   0x00000004   Code   RO         5837    .ARM.Collect$$rtexit$$00000003  c_w.l(rtexit2.o)
    0x08000282   0x00000006   Code   RO         5838    .ARM.Collect$$rtexit$$00000004  c_w.l(rtexit2.o)
    0x08000288   0x00000010   Code   RO         1467    .emb_text           sys.o
    0x08000298   0x00000040   Code   RO         1794    .text               startup_stm32f40_41xxx.o
    0x080002d8   0x00000002   Code   RO         5651    .text               c_w.l(use_no_semi_2.o)
    0x080002da   0x00000048   Code   RO         5653    .text               c_w.l(llsdiv.o)
    0x08000322   0x00000002   PAD
    0x08000324   0x00000018   Code   RO         5657    .text               c_w.l(noretval__2printf.o)
    0x0800033c   0x0000004e   Code   RO         5661    .text               c_w.l(_printf_pad.o)
    0x0800038a   0x00000052   Code   RO         5663    .text               c_w.l(_printf_str.o)
    0x080003dc   0x00000078   Code   RO         5665    .text               c_w.l(_printf_dec.o)
    0x08000454   0x00000058   Code   RO         5670    .text               c_w.l(_printf_hex_int.o)
    0x080004ac   0x00000188   Code   RO         5705    .text               c_w.l(__printf_flags_ss_wp.o)
    0x08000634   0x0000008a   Code   RO         5720    .text               c_w.l(rt_memcpy_v6.o)
    0x080006be   0x00000006   Code   RO         5724    .text               c_w.l(heapauxi.o)
    0x080006c4   0x00000002   Code   RO         5728    .text               c_w.l(use_no_semi.o)
    0x080006c6   0x000000ee   Code   RO         5731    .text               c_w.l(lludivv7m.o)
    0x080007b4   0x000000b2   Code   RO         5733    .text               c_w.l(_printf_intcommon.o)
    0x08000866   0x0000002c   Code   RO         5735    .text               c_w.l(_printf_char.o)
    0x08000892   0x00000002   PAD
    0x08000894   0x00000024   Code   RO         5737    .text               c_w.l(_printf_char_file.o)
    0x080008b8   0x00000064   Code   RO         5740    .text               c_w.l(rt_memcpy_w.o)
    0x0800091c   0x00000030   Code   RO         5761    .text               c_w.l(_printf_char_common.o)
    0x0800094c   0x00000008   Code   RO         5763    .text               c_w.l(ferror.o)
    0x08000954   0x0000004a   Code   RO         5767    .text               c_w.l(sys_stackheap_outer.o)
    0x0800099e   0x0000000c   Code   RO         5773    .text               c_w.l(exit.o)
    0x080009aa   0x00000002   PAD
    0x080009ac   0x00000008   Code   RO         5781    .text               c_w.l(libspace.o)
    0x080009b4   0x00000016   Code   RO         4243    i.ADC_Cmd           stm32f4xx_adc.o
    0x080009ca   0x00000002   PAD
    0x080009cc   0x00000030   Code   RO         4244    i.ADC_CommonInit    stm32f4xx_adc.o
    0x080009fc   0x00000008   Code   RO         4255    i.ADC_GetConversionValue  stm32f4xx_adc.o
    0x08000a04   0x00000012   Code   RO         4256    i.ADC_GetFlagStatus  stm32f4xx_adc.o
    0x08000a16   0x00000002   PAD
    0x08000a18   0x00000054   Code   RO         4263    i.ADC_Init          stm32f4xx_adc.o
    0x08000a6c   0x000000b8   Code   RO         4268    i.ADC_RegularChannelConfig  stm32f4xx_adc.o
    0x08000b24   0x0000000a   Code   RO         4270    i.ADC_SoftwareStartConv  stm32f4xx_adc.o
    0x08000b2e   0x00000002   PAD
    0x08000b30   0x00000084   Code   RO         1334    i.Adc_Init          adc.o
    0x08000bb4   0x0000005a   Code   RO          479    i.BlockWrite        lcd.o
    0x08000c0e   0x00000008   Code   RO          232    i.BusFault_Handler  stm32f4xx_it.o
    0x08000c16   0x00000002   PAD
    0x08000c18   0x00000040   Code   RO         1295    i.Check_WKUP        wkup.o
    0x08000c58   0x00000030   Code   RO          745    i.CmdError          sdio_sdcard.o
    0x08000c88   0x00000064   Code   RO          746    i.CmdResp1Error     sdio_sdcard.o
    0x08000cec   0x00000054   Code   RO          747    i.CmdResp2Error     sdio_sdcard.o
    0x08000d40   0x00000038   Code   RO          748    i.CmdResp3Error     sdio_sdcard.o
    0x08000d78   0x00000094   Code   RO          749    i.CmdResp6Error     sdio_sdcard.o
    0x08000e0c   0x0000004c   Code   RO          750    i.CmdResp7Error     sdio_sdcard.o
    0x08000e58   0x0000002c   Code   RO          622    i.DMA1_Stream5_IRQHandler  i2s.o
    0x08000e84   0x00000034   Code   RO         3572    i.DMA_ClearITPendingBit  stm32f4xx_dma.o
    0x08000eb8   0x00000016   Code   RO         3573    i.DMA_Cmd           stm32f4xx_dma.o
    0x08000ece   0x00000002   PAD
    0x08000ed0   0x00000158   Code   RO         3574    i.DMA_DeInit        stm32f4xx_dma.o
    0x08001028   0x00000016   Code   RO         3575    i.DMA_DoubleBufferModeCmd  stm32f4xx_dma.o
    0x0800103e   0x00000018   Code   RO         3576    i.DMA_DoubleBufferModeConfig  stm32f4xx_dma.o
    0x08001056   0x00000016   Code   RO         3577    i.DMA_FlowControllerConfig  stm32f4xx_dma.o
    0x0800106c   0x00000014   Code   RO         3578    i.DMA_GetCmdStatus  stm32f4xx_dma.o
    0x08001080   0x00000064   Code   RO         3583    i.DMA_GetITStatus   stm32f4xx_dma.o
    0x080010e4   0x0000003a   Code   RO         3584    i.DMA_ITConfig      stm32f4xx_dma.o
    0x0800111e   0x00000002   PAD
    0x08001120   0x00000058   Code   RO         3585    i.DMA_Init          stm32f4xx_dma.o
    0x08001178   0x00000020   Code   RO         1488    i.Data_Clear        usart.o
    0x08001198   0x00000002   Code   RO          233    i.DebugMon_Handler  stm32f4xx_it.o
    0x0800119a   0x00000002   PAD
    0x0800119c   0x00000088   Code   RO          480    i.DisplayPicture    lcd.o
    0x08001224   0x00000024   Code   RO         1296    i.EXTI0_IRQHandler  wkup.o
    0x08001248   0x0000000c   Code   RO         4054    i.EXTI_ClearITPendingBit  stm32f4xx_exti.o
    0x08001254   0x00000034   Code   RO         3093    i.FSMC_NORSRAMCmd   stm32f4xx_fsmc.o
    0x08001288   0x000000e6   Code   RO         3095    i.FSMC_NORSRAMInit  stm32f4xx_fsmc.o
    0x0800136e   0x00000002   PAD
    0x08001370   0x00000194   Code   RO          751    i.FindSCR           sdio_sdcard.o
    0x08001504   0x00000040   Code   RO         1757    i.GENERAL_TIM7_Mode_Config  time.o
    0x08001544   0x00000028   Code   RO         1758    i.GENERAL_TIM7_NVIC_Config  time.o
    0x0800156c   0x00000090   Code   RO         1845    i.GPIO_Init         stm32f4xx_gpio.o
    0x080015fc   0x00000046   Code   RO         1846    i.GPIO_PinAFConfig  stm32f4xx_gpio.o
    0x08001642   0x00000012   Code   RO         1849    i.GPIO_ReadInputDataBit  stm32f4xx_gpio.o
    0x08001654   0x00000004   Code   RO         1852    i.GPIO_ResetBits    stm32f4xx_gpio.o
    0x08001658   0x00000004   Code   RO         1853    i.GPIO_SetBits      stm32f4xx_gpio.o
    0x0800165c   0x00000030   Code   RO         1335    i.Get_Adc           adc.o
    0x0800168c   0x0000002e   Code   RO         1336    i.Get_Adc_Average   adc.o
    0x080016ba   0x00000008   Code   RO          234    i.HardFault_Handler  stm32f4xx_it.o
    0x080016c2   0x00000002   PAD
    0x080016c4   0x00000064   Code   RO          623    i.I2S2_Init         i2s.o
    0x08001728   0x000000ac   Code   RO          624    i.I2S2_SampleRate_Set  i2s.o
    0x080017d4   0x000000a4   Code   RO          625    i.I2S2_TX_DMA_Init  i2s.o
    0x08001878   0x00000018   Code   RO         3213    i.I2S_Cmd           stm32f4xx_spi.o
    0x08001890   0x00000198   Code   RO         3215    i.I2S_Init          stm32f4xx_spi.o
    0x08001a28   0x00000010   Code   RO          626    i.I2S_Play_Start    i2s.o
    0x08001a38   0x00000010   Code   RO          627    i.I2S_Play_Stop     i2s.o
    0x08001a48   0x0000004c   Code   RO          681    i.IIC_Init          myiic.o
    0x08001a94   0x00000068   Code   RO          684    i.IIC_Send_Byte     myiic.o
    0x08001afc   0x0000004c   Code   RO          685    i.IIC_Start         myiic.o
    0x08001b48   0x0000004c   Code   RO          686    i.IIC_Stop          myiic.o
    0x08001b94   0x00000060   Code   RO          687    i.IIC_Wait_Ack      myiic.o
    0x08001bf4   0x00000038   Code   RO          481    i.ILI9225G_Rst      lcd.o
    0x08001c2c   0x00000010   Code   RO         4479    i.IWDG_Enable       stm32f4xx_iwdg.o
    0x08001c3c   0x00000008   Code   RO         1376    i.IWDG_Feed         iwdg.o
    0x08001c44   0x00000024   Code   RO         1377    i.IWDG_Init         iwdg.o
    0x08001c68   0x00000010   Code   RO         4481    i.IWDG_ReloadCounter  stm32f4xx_iwdg.o
    0x08001c78   0x0000000c   Code   RO         4482    i.IWDG_SetPrescaler  stm32f4xx_iwdg.o
    0x08001c84   0x0000000c   Code   RO         4483    i.IWDG_SetReload    stm32f4xx_iwdg.o
    0x08001c90   0x0000000c   Code   RO         4484    i.IWDG_WriteAccessCmd  stm32f4xx_iwdg.o
    0x08001c9c   0x000000a0   Code   RO          752    i.IsCardProgramming  sdio_sdcard.o
    0x08001d3c   0x00000074   Code   RO          417    i.KEY_Init          key.o
    0x08001db0   0x00000060   Code   RO          483    i.LCD_Display       lcd.o
    0x08001e10   0x00000268   Code   RO          484    i.LCD_DisplayJiuGongGe  lcd.o
    0x08002078   0x00000018   Code   RO          485    i.LCD_Fast_DrawPoint  lcd.o
    0x08002090   0x000003c4   Code   RO          487    i.LCD_Init          lcd.o
    0x08002454   0x00000018   Code   RO          488    i.LCD_RD_DATA       lcd.o
    0x0800246c   0x00000020   Code   RO          489    i.LCD_Set           lcd.o
    0x0800248c   0x00000056   Code   RO          490    i.LCD_SetCursor     lcd.o
    0x080024e2   0x00000002   PAD
    0x080024e4   0x00000128   Code   RO          491    i.LCD_ShowChar      lcd.o
    0x0800260c   0x00000066   Code   RO          492    i.LCD_ShowString    lcd.o
    0x08002672   0x00000002   PAD
    0x08002674   0x00000010   Code   RO          493    i.LCD_WR_DATA       lcd.o
    0x08002684   0x00000018   Code   RO          494    i.LCD_WR_REG        lcd.o
    0x0800269c   0x00000010   Code   RO          495    i.LCD_WriteRAM      lcd.o
    0x080026ac   0x00000018   Code   RO          496    i.LCD_WriteReg      lcd.o
    0x080026c4   0x000000ac   Code   RO          382    i.LED_Init          led.o
    0x08002770   0x00000008   Code   RO          235    i.MemManage_Handler  stm32f4xx_it.o
    0x08002778   0x00000002   Code   RO          236    i.NMI_Handler       stm32f4xx_it.o
    0x0800277a   0x00000002   PAD
    0x0800277c   0x00000078   Code   RO         1800    i.NVIC_Init         misc.o
    0x080027f4   0x00000014   Code   RO         1801    i.NVIC_PriorityGroupConfig  misc.o
    0x08002808   0x00000054   Code   RO         1601    i.OUT1NO            data.o
    0x0800285c   0x00000054   Code   RO         1602    i.OUT1OFF           data.o
    0x080028b0   0x00000054   Code   RO         1603    i.OUT1ON            data.o
    0x08002904   0x00000054   Code   RO         1604    i.OUT2NO            data.o
    0x08002958   0x00000054   Code   RO         1605    i.OUT2OFF           data.o
    0x080029ac   0x00000054   Code   RO         1606    i.OUT2ON            data.o
    0x08002a00   0x00000054   Code   RO         1607    i.OUT3NO            data.o
    0x08002a54   0x00000054   Code   RO         1608    i.OUT3OFF           data.o
    0x08002aa8   0x00000054   Code   RO         1609    i.OUT3ON            data.o
    0x08002afc   0x00000054   Code   RO         1610    i.OUT4NO            data.o
    0x08002b50   0x00000054   Code   RO         1611    i.OUT4OFF           data.o
    0x08002ba4   0x00000054   Code   RO         1612    i.OUT4ON            data.o
    0x08002bf8   0x0000000c   Code   RO         4115    i.PWR_BackupAccessCmd  stm32f4xx_pwr.o
    0x08002c04   0x00000014   Code   RO         4117    i.PWR_ClearFlag     stm32f4xx_pwr.o
    0x08002c18   0x00000028   Code   RO         4119    i.PWR_EnterSTANDBYMode  stm32f4xx_pwr.o
    0x08002c40   0x0000000c   Code   RO         4132    i.PWR_WakeUpPinCmd  stm32f4xx_pwr.o
    0x08002c4c   0x00000002   Code   RO          237    i.PendSV_Handler    stm32f4xx_it.o
    0x08002c4e   0x00000002   PAD
    0x08002c50   0x00000020   Code   RO         1942    i.RCC_AHB1PeriphClockCmd  stm32f4xx_rcc.o
    0x08002c70   0x00000020   Code   RO         1944    i.RCC_AHB1PeriphResetCmd  stm32f4xx_rcc.o
    0x08002c90   0x00000020   Code   RO         1948    i.RCC_AHB3PeriphClockCmd  stm32f4xx_rcc.o
    0x08002cb0   0x00000020   Code   RO         1951    i.RCC_APB1PeriphClockCmd  stm32f4xx_rcc.o
    0x08002cd0   0x00000020   Code   RO         1953    i.RCC_APB1PeriphResetCmd  stm32f4xx_rcc.o
    0x08002cf0   0x00000020   Code   RO         1954    i.RCC_APB2PeriphClockCmd  stm32f4xx_rcc.o
    0x08002d10   0x00000020   Code   RO         1956    i.RCC_APB2PeriphResetCmd  stm32f4xx_rcc.o
    0x08002d30   0x000000e8   Code   RO         1963    i.RCC_GetClocksFreq  stm32f4xx_rcc.o
    0x08002e18   0x0000000c   Code   RO         1982    i.RCC_PLLI2SCmd     stm32f4xx_rcc.o
    0x08002e24   0x00000010   Code   RO         1983    i.RCC_PLLI2SConfig  stm32f4xx_rcc.o
    0x08002e34   0x00000020   Code   RO         3708    i.RTC_ClearITPendingBit  stm32f4xx_rtc.o
    0x08002e54   0x00000064   Code   RO         3727    i.RTC_ITConfig      stm32f4xx_rtc.o
    0x08002eb8   0x000000ac   Code   RO          753    i.SDEnWideBus       sdio_sdcard.o
    0x08002f64   0x0000000c   Code   RO         3378    i.SDIO_ClearFlag    stm32f4xx_sdio.o
    0x08002f70   0x00000014   Code   RO          754    i.SDIO_Clock_Set    sdio_sdcard.o
    0x08002f84   0x00000034   Code   RO         3384    i.SDIO_DataConfig   stm32f4xx_sdio.o
    0x08002fb8   0x00000018   Code   RO         3390    i.SDIO_GetFlagStatus  stm32f4xx_sdio.o
    0x08002fd0   0x00000010   Code   RO         3392    i.SDIO_GetPowerState  stm32f4xx_sdio.o
    0x08002fe0   0x00000008   Code   RO          755    i.SDIO_IRQHandler   sdio_sdcard.o
    0x08002fe8   0x00000030   Code   RO         3395    i.SDIO_Init         stm32f4xx_sdio.o
    0x08003018   0x00000038   Code   RO          756    i.SDIO_Register_Deinit  sdio_sdcard.o
    0x08003050   0x0000002c   Code   RO         3398    i.SDIO_SendCommand  stm32f4xx_sdio.o
    0x0800307c   0x0000000c   Code   RO         3400    i.SDIO_SetPowerState  stm32f4xx_sdio.o
    0x08003088   0x00000080   Code   RO          757    i.SD_DMA_Config     sdio_sdcard.o
    0x08003108   0x00000068   Code   RO          758    i.SD_EnableWideBusOperation  sdio_sdcard.o
    0x08003170   0x00000314   Code   RO          759    i.SD_GetCardInfo    sdio_sdcard.o
    0x08003484   0x00000130   Code   RO          761    i.SD_Init           sdio_sdcard.o
    0x080035b4   0x00000164   Code   RO          762    i.SD_InitializeCards  sdio_sdcard.o
    0x08003718   0x000001e4   Code   RO          764    i.SD_PowerON        sdio_sdcard.o
    0x080038fc   0x00000154   Code   RO          765    i.SD_ProcessIRQSrc  sdio_sdcard.o
    0x08003a50   0x00000268   Code   RO          766    i.SD_ReadBlock      sdio_sdcard.o
    0x08003cb8   0x00000098   Code   RO          767    i.SD_ReadDisk       sdio_sdcard.o
    0x08003d50   0x000002f4   Code   RO          768    i.SD_ReadMultiBlocks  sdio_sdcard.o
    0x08004044   0x00000030   Code   RO          769    i.SD_SelectDeselect  sdio_sdcard.o
    0x08004074   0x00000018   Code   RO          771    i.SD_SetDeviceMode  sdio_sdcard.o
    0x0800408c   0x00000388   Code   RO          772    i.SD_WriteBlock     sdio_sdcard.o
    0x08004414   0x00000098   Code   RO          773    i.SD_WriteDisk      sdio_sdcard.o
    0x080044ac   0x000003d0   Code   RO          774    i.SD_WriteMultiBlocks  sdio_sdcard.o
    0x0800487c   0x000000c4   Code   RO          959    i.SPI2_Init         spi.o
    0x08004940   0x00000038   Code   RO          960    i.SPI2_ReadWriteByte  spi.o
    0x08004978   0x00000028   Code   RO          961    i.SPI2_SetSpeed     spi.o
    0x080049a0   0x00000018   Code   RO         3219    i.SPI_Cmd           stm32f4xx_spi.o
    0x080049b8   0x00000012   Code   RO         3225    i.SPI_I2S_DMACmd    stm32f4xx_spi.o
    0x080049ca   0x00000012   Code   RO         3227    i.SPI_I2S_GetFlagStatus  stm32f4xx_spi.o
    0x080049dc   0x00000006   Code   RO         3230    i.SPI_I2S_ReceiveData  stm32f4xx_spi.o
    0x080049e2   0x00000004   Code   RO         3231    i.SPI_I2S_SendData  stm32f4xx_spi.o
    0x080049e6   0x0000003c   Code   RO         3232    i.SPI_Init          stm32f4xx_spi.o
    0x08004a22   0x00000002   Code   RO          238    i.SVC_Handler       stm32f4xx_it.o
    0x08004a24   0x000000ec   Code   RO          345    i.SetSysClock       system_stm32f4xx.o
    0x08004b10   0x00000028   Code   RO         1804    i.SysTick_CLKSourceConfig  misc.o
    0x08004b38   0x00000002   Code   RO          239    i.SysTick_Handler   stm32f4xx_it.o
    0x08004b3a   0x00000002   PAD
    0x08004b3c   0x0000006c   Code   RO         1297    i.Sys_Enter_Standby  wkup.o
    0x08004ba8   0x00000068   Code   RO          347    i.SystemInit        system_stm32f4xx.o
    0x08004c10   0x00000108   Code   RO          447    i.TIM1_PWM_Init     pwm.o
    0x08004d18   0x00000044   Code   RO          240    i.TIM2_IRQHandler   stm32f4xx_it.o
    0x08004d5c   0x0000005c   Code   RO         1759    i.TIM2_int_Init     time.o
    0x08004db8   0x000000f0   Code   RO          448    i.TIM3_PWM_Init     pwm.o
    0x08004ea8   0x00000038   Code   RO         4609    i.TIM4_IRQHandler   usmart.o
    0x08004ee0   0x000001a4   Code   RO          449    i.TIM4_PWM_Init     pwm.o
    0x08005084   0x00000020   Code   RO          241    i.TIM7_IRQHandler   stm32f4xx_it.o
    0x080050a4   0x0000000c   Code   RO         1760    i.TIM7_Init         time.o
    0x080050b0   0x00000018   Code   RO         2524    i.TIM_ARRPreloadConfig  stm32f4xx_tim.o
    0x080050c8   0x00000006   Code   RO         2530    i.TIM_ClearFlag     stm32f4xx_tim.o
    0x080050ce   0x00000006   Code   RO         2531    i.TIM_ClearITPendingBit  stm32f4xx_tim.o
    0x080050d4   0x00000018   Code   RO         2536    i.TIM_Cmd           stm32f4xx_tim.o
    0x080050ec   0x00000006   Code   RO         2555    i.TIM_GetCounter    stm32f4xx_tim.o
    0x080050f2   0x00000012   Code   RO         2556    i.TIM_GetFlagStatus  stm32f4xx_tim.o
    0x08005104   0x00000022   Code   RO         2557    i.TIM_GetITStatus   stm32f4xx_tim.o
    0x08005126   0x00000012   Code   RO         2561    i.TIM_ITConfig      stm32f4xx_tim.o
    0x08005138   0x0000007c   Code   RO         2565    i.TIM_OC1Init       stm32f4xx_tim.o
    0x080051b4   0x00000012   Code   RO         2568    i.TIM_OC1PreloadConfig  stm32f4xx_tim.o
    0x080051c6   0x00000002   PAD
    0x080051c8   0x000000a4   Code   RO         2570    i.TIM_OC2Init       stm32f4xx_tim.o
    0x0800526c   0x0000001a   Code   RO         2573    i.TIM_OC2PreloadConfig  stm32f4xx_tim.o
    0x08005286   0x00000002   PAD
    0x08005288   0x000000a0   Code   RO         2575    i.TIM_OC3Init       stm32f4xx_tim.o
    0x08005328   0x00000012   Code   RO         2578    i.TIM_OC3PreloadConfig  stm32f4xx_tim.o
    0x0800533a   0x00000002   PAD
    0x0800533c   0x00000078   Code   RO         2580    i.TIM_OC4Init       stm32f4xx_tim.o
    0x080053b4   0x0000001a   Code   RO         2582    i.TIM_OC4PreloadConfig  stm32f4xx_tim.o
    0x080053ce   0x00000004   Code   RO         2596    i.TIM_SetAutoreload  stm32f4xx_tim.o
    0x080053d2   0x00000004   Code   RO         2598    i.TIM_SetCompare1   stm32f4xx_tim.o
    0x080053d6   0x00000004   Code   RO         2599    i.TIM_SetCompare2   stm32f4xx_tim.o
    0x080053da   0x00000004   Code   RO         2600    i.TIM_SetCompare3   stm32f4xx_tim.o
    0x080053de   0x00000004   Code   RO         2601    i.TIM_SetCompare4   stm32f4xx_tim.o
    0x080053e2   0x00000004   Code   RO         2602    i.TIM_SetCounter    stm32f4xx_tim.o
    0x080053e6   0x00000002   PAD
    0x080053e8   0x00000084   Code   RO         2608    i.TIM_TimeBaseInit  stm32f4xx_tim.o
    0x0800546c   0x0000005c   Code   RO         4610    i.Timer4_Init       usmart.o
    0x080054c8   0x00000104   Code   RO         1613    i.UI_IN             data.o
    0x080055cc   0x0000003c   Code   RO         1614    i.UI_IN1            data.o
    0x08005608   0x0000003c   Code   RO         1615    i.UI_IN2            data.o
    0x08005644   0x0000003c   Code   RO         1616    i.UI_IN3            data.o
    0x08005680   0x0000018c   Code   RO         1618    i.UI_init           data.o
    0x0800580c   0x000003c0   Code   RO         1489    i.USART1_IRQHandler  usart.o
    0x08005bcc   0x00000088   Code   RO         1567    i.USART2_IRQHandler  usart2.o
    0x08005c54   0x00000018   Code   RO         2280    i.USART_Cmd         stm32f4xx_usart.o
    0x08005c6c   0x00000054   Code   RO         2284    i.USART_GetITStatus  stm32f4xx_usart.o
    0x08005cc0   0x0000004a   Code   RO         2286    i.USART_ITConfig    stm32f4xx_usart.o
    0x08005d0a   0x00000002   PAD
    0x08005d0c   0x000000d4   Code   RO         2287    i.USART_Init        stm32f4xx_usart.o
    0x08005de0   0x0000000a   Code   RO         2294    i.USART_ReceiveData  stm32f4xx_usart.o
    0x08005dea   0x00000008   Code   RO          242    i.UsageFault_Handler  stm32f4xx_it.o
    0x08005df2   0x00000002   PAD
    0x08005df4   0x000000d8   Code   RO         1492    i.Usart1Init        usart.o
    0x08005ecc   0x0000013c   Code   RO         1337    i.VBAT              adc.o
    0x08006008   0x00000058   Code   RO         1172    i.W25QXX_Erase_Sector  w25qxx.o
    0x08006060   0x00000058   Code   RO         1173    i.W25QXX_Init       w25qxx.o
    0x080060b8   0x00000050   Code   RO         1175    i.W25QXX_Read       w25qxx.o
    0x08006108   0x00000048   Code   RO         1176    i.W25QXX_ReadID     w25qxx.o
    0x08006150   0x0000002c   Code   RO         1177    i.W25QXX_ReadSR     w25qxx.o
    0x0800617c   0x00000044   Code   RO         1178    i.W25QXX_Read_Dyte  w25qxx.o
    0x080061c0   0x00000050   Code   RO         1179    i.W25QXX_Read_Num   w25qxx.o
    0x08006210   0x00000012   Code   RO         1181    i.W25QXX_Wait_Busy  w25qxx.o
    0x08006222   0x00000002   PAD
    0x08006224   0x000000b8   Code   RO         1182    i.W25QXX_Write      w25qxx.o
    0x080062dc   0x00000020   Code   RO         1184    i.W25QXX_Write_Enable  w25qxx.o
    0x080062fc   0x00000046   Code   RO         1185    i.W25QXX_Write_NoCheck  w25qxx.o
    0x08006342   0x00000002   PAD
    0x08006344   0x00000054   Code   RO         1186    i.W25QXX_Write_Page  w25qxx.o
    0x08006398   0x00000012   Code   RO         1041    i.WM8978_3D_Set     wm8978.o
    0x080063aa   0x00000040   Code   RO         1042    i.WM8978_ADDA_Cfg   wm8978.o
    0x080063ea   0x00000036   Code   RO         1043    i.WM8978_AUX_Gain   wm8978.o
    0x08006420   0x00000032   Code   RO         1044    i.WM8978_EQ1_Set    wm8978.o
    0x08006452   0x00000028   Code   RO         1045    i.WM8978_EQ2_Set    wm8978.o
    0x0800647a   0x00000028   Code   RO         1046    i.WM8978_EQ3_Set    wm8978.o
    0x080064a2   0x00000028   Code   RO         1047    i.WM8978_EQ4_Set    wm8978.o
    0x080064ca   0x00000028   Code   RO         1048    i.WM8978_EQ5_Set    wm8978.o
    0x080064f2   0x00000022   Code   RO         1049    i.WM8978_EQ_3D_Dir  wm8978.o
    0x08006514   0x0000002e   Code   RO         1050    i.WM8978_HPvol_Set  wm8978.o
    0x08006542   0x0000001c   Code   RO         1051    i.WM8978_I2S_Cfg    wm8978.o
    0x0800655e   0x00000002   PAD
    0x08006560   0x0000011c   Code   RO         1052    i.WM8978_Init       wm8978.o
    0x0800667c   0x00000066   Code   RO         1053    i.WM8978_Input_Cfg  wm8978.o
    0x080066e2   0x00000036   Code   RO         1054    i.WM8978_LINEIN_Gain  wm8978.o
    0x08006718   0x0000002a   Code   RO         1056    i.WM8978_Output_Cfg  wm8978.o
    0x08006742   0x00000002   PAD
    0x08006744   0x00000010   Code   RO         1057    i.WM8978_Read_Reg   wm8978.o
    0x08006754   0x00000022   Code   RO         1058    i.WM8978_SPKvol_Set  wm8978.o
    0x08006776   0x00000002   PAD
    0x08006778   0x00000054   Code   RO         1059    i.WM8978_Write_Reg  wm8978.o
    0x080067cc   0x0000000e   Code   RO         5698    i._is_digit         c_w.l(__printf_wp.o)
    0x080067da   0x00000006   Code   RO         1493    i._sys_exit         usart.o
    0x080067e0   0x00000052   Code   RO         5592    i.audio_play        audioplay.o
    0x08006832   0x00000002   PAD
    0x08006834   0x00000014   Code   RO         5593    i.audio_start       audioplay.o
    0x08006848   0x00000014   Code   RO         5594    i.audio_stop        audioplay.o
    0x0800685c   0x000067a0   Code   RO         1619    i.buf_data          data.o
    0x0800cffc   0x00000012   Code   RO          775    i.convert_from_bytes_to_power_of_two  sdio_sdcard.o
    0x0800d00e   0x00000002   PAD
    0x0800d010   0x0000003c   Code   RO         1426    i.delay_init        delay.o
    0x0800d04c   0x0000004c   Code   RO         1427    i.delay_ms          delay.o
    0x0800d098   0x0000004c   Code   RO         1428    i.delay_us          delay.o
    0x0800d0e4   0x00000058   Code   RO         1429    i.delay_xms         delay.o
    0x0800d13c   0x000000b4   Code   RO         4802    i.disk_ioctl        diskio.o
    0x0800d1f0   0x0000007a   Code   RO         4803    i.disk_read         diskio.o
    0x0800d26a   0x00000006   Code   RO         4804    i.disk_status       diskio.o
    0x0800d270   0x0000007a   Code   RO         4805    i.disk_write        diskio.o
    0x0800d2ea   0x00000002   PAD
    0x0800d2ec   0x00000084   Code   RO         5216    i.exfuns_init       exfuns.o
    0x0800d370   0x00000024   Code   RO         4882    i.f_close           ff.o
    0x0800d394   0x000000b0   Code   RO         4901    i.f_sync            ff.o
    0x0800d444   0x0000001c   Code   RO         1494    i.fputc             usart.o
    0x0800d460   0x00000004   Code   RO         4808    i.get_fattime       diskio.o
    0x0800d464   0x00000210   Code   RO         1620    i.ka_9              data.o
    0x0800d674   0x00000724   Code   RO         1621    i.ka_A              data.o
    0x0800dd98   0x00001640   Code   RO         1622    i.ka_H              data.o
    0x0800f3d8   0x000000b4   Code   RO          418    i.key_L             key.o
    0x0800f48c   0x000001ec   Code   RO            3    i.main              main.o
    0x0800f678   0x00000014   Code   RO         4916    i.mem_set           ff.o
    0x0800f68c   0x00000032   Code   RO         4917    i.move_window       ff.o
    0x0800f6be   0x00000002   PAD
    0x0800f6c0   0x0000006c   Code   RO         4529    i.my_mem_free       malloc.o
    0x0800f72c   0x00000044   Code   RO         4530    i.my_mem_init       malloc.o
    0x0800f770   0x000000a8   Code   RO         4531    i.my_mem_malloc     malloc.o
    0x0800f818   0x00000040   Code   RO         4532    i.my_mem_perused    malloc.o
    0x0800f858   0x00000024   Code   RO         4533    i.myfree            malloc.o
    0x0800f87c   0x00000028   Code   RO         4534    i.mymalloc          malloc.o
    0x0800f8a4   0x00000014   Code   RO         4536    i.mymemset          malloc.o
    0x0800f8b8   0x00000060   Code   RO         1623    i.out_init          data.o
    0x0800f918   0x000000d8   Code   RO         1402    i.powe              power .o
    0x0800f9f0   0x00000006   Code   RO         4611    i.read_addr         usmart.o
    0x0800f9f6   0x00000010   Code   RO         4922    i.st_clust          ff.o
    0x0800fa06   0x000000c8   Code   RO         4924    i.sync_fs           ff.o
    0x0800face   0x0000004c   Code   RO         4925    i.sync_window       ff.o
    0x0800fb1a   0x00000002   PAD
    0x0800fb1c   0x000000ac   Code   RO         1568    i.usart2_init       usart2.o
    0x0800fbc8   0x000000b0   Code   RO         4612    i.usmart_cmd_rec    usmart.o
    0x0800fc78   0x000002d4   Code   RO         4613    i.usmart_exe        usmart.o
    0x0800ff4c   0x000000c8   Code   RO         4721    i.usmart_get_aparm  usmart_str.o
    0x08010014   0x000001c0   Code   RO         4723    i.usmart_get_fname  usmart_str.o
    0x080101d4   0x0000010c   Code   RO         4724    i.usmart_get_fparam  usmart_str.o
    0x080102e0   0x00000020   Code   RO         4725    i.usmart_get_parmpos  usmart_str.o
    0x08010300   0x00000044   Code   RO         4614    i.usmart_get_runtime  usmart.o
    0x08010344   0x00000028   Code   RO         4615    i.usmart_init       usmart.o
    0x0801036c   0x00000016   Code   RO         4726    i.usmart_pow        usmart_str.o
    0x08010382   0x00000002   PAD
    0x08010384   0x00000030   Code   RO         4616    i.usmart_reset_runtime  usmart.o
    0x080103b4   0x00000002   Code   RO         4617    i.usmart_scan       usmart.o
    0x080103b6   0x00000016   Code   RO         4727    i.usmart_search_nextc  usmart_str.o
    0x080103cc   0x000000ca   Code   RO         4728    i.usmart_str2num    usmart_str.o
    0x08010496   0x00000022   Code   RO         4729    i.usmart_strcmp     usmart_str.o
    0x080104b8   0x00000016   Code   RO         4730    i.usmart_strcopy    usmart_str.o
    0x080104ce   0x00000018   Code   RO         4731    i.usmart_strlen     usmart_str.o
    0x080104e6   0x00000036   Code   RO         4926    i.validate          ff.o
    0x0801051c   0x0000019c   Code   RO         5532    i.wav_buffill       wavplay.o
    0x080106b8   0x00000034   Code   RO         5533    i.wav_decode_init   wavplay.o
    0x080106ec   0x00000070   Code   RO         5535    i.wav_i2s_dma_tx_callback  wavplay.o
    0x0801075c   0x00000154   Code   RO         5536    i.wav_play_song     wavplay.o
    0x080108b0   0x00000004   Code   RO         4619    i.write_addr        usmart.o
    0x080108b4   0x0000000a   Code   RO         5850    x$fpl$fpinit        fz_wm.l(fpinit.o)
    0x080108be   0x000017c0   Data   RO          499    .constdata          lcd.o
    0x0801207e   0x0000006e   Data   RO          628    .constdata          i2s.o
    0x080120ec   0x00000024   Data   RO         4543    .constdata          malloc.o
    0x08012110   0x00000028   Data   RO         5671    .constdata          c_w.l(_printf_hex_int.o)
    0x08012138   0x00000011   Data   RO         5706    .constdata          c_w.l(__printf_flags_ss_wp.o)
    0x08012149   0x00000003   PAD
    0x0801214c   0x000001d0   Data   RO         4700    .conststring        usmart_config.o
    0x0801231c   0x00000020   Data   RO         5907    Region$$Table       anon$$obj.o


    Execution Region RW_IRAM1 (Base: 0x20000000, Size: 0x0001e9c8, Max: 0x00020000, ABSOLUTE, COMPRESSED[0x000000ec])

    Base Addr    Size         Type   Attr      Idx    E Section Name        Object

    0x20000000   0x00000013   Data   RW            5    .data               main.o
    0x20000013   0x00000001   PAD
    0x20000014   0x00000004   Data   RW          243    .data               stm32f4xx_it.o
    0x20000018   0x00000008   Data   RW          500    .data               lcd.o
    0x20000020   0x00000004   Data   RW          629    .data               i2s.o
    0x20000024   0x00000010   Data   RW          777    .data               sdio_sdcard.o
    0x20000034   0x00000074   Data   RW         1060    .data               wm8978.o
    0x200000a8   0x00000002   Data   RW         1189    .data               w25qxx.o
    0x200000aa   0x00000004   Data   RW         1338    .data               adc.o
    0x200000ae   0x00000001   Data   RW         1403    .data               power .o
    0x200000af   0x00000001   PAD
    0x200000b0   0x00000004   Data   RW         1430    .data               delay.o
    0x200000b4   0x00000008   Data   RW         1495    .data               usart.o
    0x200000bc   0x00000002   Data   RW         1570    .data               usart2.o
    0x200000be   0x00000037   Data   RW         1624    .data               data.o
    0x200000f5   0x00000010   Data   RW         1995    .data               stm32f4xx_rcc.o
    0x20000105   0x00000003   PAD
    0x20000108   0x00000024   Data   RW         4544    .data               malloc.o
    0x2000012c   0x0000015c   Data   RW         4701    .data               usmart_config.o
    0x20000288   0x00000002   Data   RW         4809    .data               diskio.o
    0x2000028a   0x00000002   PAD
    0x2000028c   0x00000014   Data   RW         5221    .data               exfuns.o
    0x200002a0   0x00000008   Data   RW         5538    .data               wavplay.o
    0x200002a8   0x00000004   Data   RW         5596    .data               audioplay.o
    0x200002ac   0x00000124   Zero   RW            4    .bss                main.o
    0x200003d0   0x0000001a   Zero   RW          498    .bss                lcd.o
    0x200003ea   0x00000006   PAD
    0x200003f0   0x000002c0   Zero   RW          776    .bss                sdio_sdcard.o
    0x200006b0   0x00001000   Zero   RW         1188    .bss                w25qxx.o
    0x200016b0   0x00000320   Zero   RW         1569    .bss                usart2.o
    0x200019d0   0x00000010   PAD
    0x200019e0   0x0001a900   Zero   RW         4542    .bss                malloc.o
    0x2001c2e0   0x00000050   Zero   RW         5218    .bss                exfuns.o
    0x2001c330   0x00002020   Zero   RW         5537    .bss                wavplay.o
    0x2001e350   0x00000011   Zero   RW         5595    .bss                audioplay.o
    0x2001e361   0x00000003   PAD
    0x2001e364   0x00000060   Zero   RW         5782    .bss                c_w.l(libspace.o)
    0x2001e3c4   0x00000004   PAD
    0x2001e3c8   0x00000200   Zero   RW         1792    HEAP                startup_stm32f40_41xxx.o
    0x2001e5c8   0x00000400   Zero   RW         1791    STACK               startup_stm32f40_41xxx.o



  Load Region LR$$.ARM.__AT_0x10000000 (Base: 0x10000000, Size: 0x00000000, Max: 0x0000f000, ABSOLUTE)

    Execution Region ER$$.ARM.__AT_0x10000000 (Base: 0x10000000, Size: 0x0000f000, Max: 0x0000f000, ABSOLUTE, UNINIT)

    Base Addr    Size         Type   Attr      Idx    E Section Name        Object

    0x10000000   0x0000f000   Zero   RW         4538    .ARM.__AT_0x10000000  malloc.o



  Load Region LR$$.ARM.__AT_0x1000F000 (Base: 0x1000f000, Size: 0x00000000, Max: 0x00000f00, ABSOLUTE)

    Execution Region ER$$.ARM.__AT_0x1000F000 (Base: 0x1000f000, Size: 0x00000f00, Max: 0x00000f00, ABSOLUTE, UNINIT)

    Base Addr    Size         Type   Attr      Idx    E Section Name        Object

    0x1000f000   0x00000f00   Zero   RW         4539    .ARM.__AT_0x1000F000  malloc.o



  Load Region LR$$.ARM.__AT_0x68000000 (Base: 0x68000000, Size: 0x00000000, Max: 0x000f0000, ABSOLUTE)

    Execution Region ER$$.ARM.__AT_0x68000000 (Base: 0x68000000, Size: 0x000f0000, Max: 0x000f0000, ABSOLUTE, UNINIT)

    Base Addr    Size         Type   Attr      Idx    E Section Name        Object

    0x68000000   0x000f0000   Zero   RW         4540    .ARM.__AT_0x68000000  malloc.o



  Load Region LR$$.ARM.__AT_0x680F0000 (Base: 0x680f0000, Size: 0x00000000, Max: 0x0000f000, ABSOLUTE)

    Execution Region ER$$.ARM.__AT_0x680F0000 (Base: 0x680f0000, Size: 0x0000f000, Max: 0x0000f000, ABSOLUTE, UNINIT)

    Base Addr    Size         Type   Attr      Idx    E Section Name        Object

    0x680f0000   0x0000f000   Zero   RW         4541    .ARM.__AT_0x680F0000  malloc.o


==============================================================================

Image component sizes


      Code (inc. data)   RO Data    RW Data    ZI Data      Debug   Object Name

       542         84          0          4          0       2827   adc.o
       122         12          0          4         17       3826   audioplay.o
     36520       3254          0         55          0      30989   data.o
       300         24          0          4          0       2675   delay.o
       434         10          0          2          0       5175   diskio.o
       132         18          0         20         80       1682   exfuns.o
       628          0          0          0          0      10271   ff.o
       512         68        110          4          0       4722   i2s.o
        44          0          0          0          0       1116   iwdg.o
       296         30          0          0          0       1235   key.o
      2602        114       6080          8         26      16011   lcd.o
       172         14          0          0          0        623   led.o
       492        100          0         19        292     337730   main.o
       504         60         36         36    1218560       6690   malloc.o
       180         24          0          0          0       2185   misc.o
       428         68          0          0          0       2961   myiic.o
       216         78          0          1          0        799   power .o
       924         38          0          0          0       2652   pwm.o
      7482        400          0         16        704      35257   sdio_sdcard.o
       292         18          0          0          0       1889   spi.o
        64         26        392          0       1536        860   startup_stm32f40_41xxx.o
       374         24          0          0          0       5706   stm32f4xx_adc.o
       752         58          0          0          0       7864   stm32f4xx_dma.o
        12          6          0          0          0        569   stm32f4xx_exti.o
       282          6          0          0          0       1905   stm32f4xx_fsmc.o
       240          0          0          0          0       3655   stm32f4xx_gpio.o
       142         14          0          4          0       5645   stm32f4xx_it.o
        68         30          0          0          0       2710   stm32f4xx_iwdg.o
        84         26          0          0          0       2192   stm32f4xx_pwr.o
       484         70          0         16          0       8386   stm32f4xx_rcc.o
       132         10          0          0          0       1191   stm32f4xx_rtc.o
       208         38          0          0          0       5881   stm32f4xx_sdio.o
       562         12          0          0          0       5796   stm32f4xx_spi.o
       948         66          0          0          0      15251   stm32f4xx_tim.o
       404          8          0          0          0       4374   stm32f4xx_usart.o
        16          0          0          0          0        516   sys.o
       340         32          0          0          0       1557   system_stm32f4xx.o
       208          4          0          0          0       2304   time.o
      1242         82          0          8          0       6076   usart.o
       308         22          0          2        800       2209   usart2.o
      1216        148          0          0          0       6671   usmart.o
         0          0        464        348          0       1608   usmart_config.o
      1274         20          0          0          0       8280   usmart_str.o
       908         92          0          2       4096       8743   w25qxx.o
       916         90          0          8       8224       4249   wavplay.o
       208         16          0          0          0       1820   wkup.o
      1070         24          0        116          0      12359   wm8978.o

    ----------------------------------------------------------------------
     65346       5338       7114        684    1234360     599692   Object Totals
         0          0         32          0          0          0   (incl. Generated)
        62          0          0          7         25          0   (incl. Padding)

    ----------------------------------------------------------------------

      Code (inc. data)   RO Data    RW Data    ZI Data      Debug   Library Member Name

        90          0          0          0          0          0   __dczerorl2.o
         8          0          0          0          0         68   __main.o
       392          4         17          0          0         92   __printf_flags_ss_wp.o
        14          0          0          0          0         68   __printf_wp.o
         0          0          0          0          0          0   __rtentry.o
        12          0          0          0          0          0   __rtentry2.o
         6          0          0          0          0          0   __rtentry4.o
        52          8          0          0          0          0   __scatter.o
        28          0          0          0          0          0   __scatter_zi.o
         6          0          0          0          0          0   _printf_c.o
        44          0          0          0          0        108   _printf_char.o
        48          6          0          0          0         96   _printf_char_common.o
        36          4          0          0          0         80   _printf_char_file.o
         6          0          0          0          0          0   _printf_d.o
       120         16          0          0          0         92   _printf_dec.o
        88          4         40          0          0         88   _printf_hex_int.o
       178          0          0          0          0         88   _printf_intcommon.o
        78          0          0          0          0        108   _printf_pad.o
         0          0          0          0          0          0   _printf_percent.o
         4          0          0          0          0          0   _printf_percent_end.o
         6          0          0          0          0          0   _printf_s.o
        82          0          0          0          0         80   _printf_str.o
         6          0          0          0          0          0   _printf_u.o
         6          0          0          0          0          0   _printf_x.o
        12          0          0          0          0         72   exit.o
         8          0          0          0          0         68   ferror.o
         6          0          0          0          0        152   heapauxi.o
         2          0          0          0          0          0   libinit.o
         6          0          0          0          0          0   libinit2.o
         2          0          0          0          0          0   libshutdown.o
         2          0          0          0          0          0   libshutdown2.o
         8          4          0          0         96         68   libspace.o
        72          0          0          0          0         76   llsdiv.o
       238          0          0          0          0        100   lludivv7m.o
        24          4          0          0          0         84   noretval__2printf.o
       138          0          0          0          0         68   rt_memcpy_v6.o
       100          0          0          0          0         80   rt_memcpy_w.o
         2          0          0          0          0          0   rtexit.o
        10          0          0          0          0          0   rtexit2.o
        74          0          0          0          0         80   sys_stackheap_outer.o
         2          0          0          0          0         68   use_no_semi.o
         2          0          0          0          0         68   use_no_semi_2.o
        10          0          0          0          0        116   fpinit.o

    ----------------------------------------------------------------------
      2036         50         60          0        100       2068   Library Totals
         8          0          3          0          4          0   (incl. Padding)

    ----------------------------------------------------------------------

      Code (inc. data)   RO Data    RW Data    ZI Data      Debug   Library Name

      2018         50         57          0         96       1952   c_w.l
        10          0          0          0          0        116   fz_wm.l

    ----------------------------------------------------------------------
      2036         50         60          0        100       2068   Library Totals

    ----------------------------------------------------------------------

==============================================================================


      Code (inc. data)   RO Data    RW Data    ZI Data      Debug   

     67382       5388       7174        684    1234460     571972   Grand Totals
     67382       5388       7174        236    1234460     571972   ELF Image Totals (compressed)
     67382       5388       7174        236          0          0   ROM Totals

==============================================================================

    Total RO  Size (Code + RO Data)                74556 (  72.81kB)
    Total RW  Size (RW Data + ZI Data)           1235144 (1206.20kB)
    Total ROM Size (Code + RO Data + RW Data)      74792 (  73.04kB)

==============================================================================

