Component: ARM Compiler 5.05 update 2 (build 169) Tool: armlink [4d0f33]

==============================================================================

Section Cross References

    main.o(i.main) refers to misc.o(i.NVIC_PriorityGroupConfig) for NVIC_PriorityGroupConfig
    main.o(i.main) refers to delay.o(i.delay_init) for delay_init
    main.o(i.main) refers to usart.o(i.Usart1Init) for Usart1Init
    main.o(i.main) refers to usart2.o(i.usart2_init) for usart2_init
    main.o(i.main) refers to led.o(i.LED_Init) for LED_Init
    main.o(i.main) refers to lcd.o(i.LCD_Init) for LCD_Init
    main.o(i.main) refers to usart.o(i.Data_Clear) for Data_Clear
    main.o(i.main) refers to key.o(i.KEY_Init) for KEY_Init
    main.o(i.main) refers to wkup.o(i.WKUP_Init) for WKUP_Init
    main.o(i.main) refers to pwm.o(i.TIM4_PWM_Init) for TIM4_PWM_Init
    main.o(i.main) refers to pwm.o(i.TIM3_PWM_Init) for TIM3_PWM_Init
    main.o(i.main) refers to adc.o(i.Adc_Init) for Adc_Init
    main.o(i.main) refers to wm8978.o(i.WM8978_Init) for WM8978_Init
    main.o(i.main) refers to wm8978.o(i.WM8978_HPvol_Set) for WM8978_HPvol_Set
    main.o(i.main) refers to wm8978.o(i.WM8978_SPKvol_Set) for WM8978_SPKvol_Set
    main.o(i.main) refers to iwdg.o(i.IWDG_Init) for IWDG_Init
    main.o(i.main) refers to malloc.o(i.my_mem_init) for my_mem_init
    main.o(i.main) refers to exfuns.o(i.exfuns_init) for exfuns_init
    main.o(i.main) refers to w25qxx.o(i.W25QXX_Init) for W25QXX_Init
    main.o(i.main) refers to stm32f4xx_gpio.o(i.GPIO_SetBits) for GPIO_SetBits
    main.o(i.main) refers to lcd.o(i.LCD_Display) for LCD_Display
    main.o(i.main) refers to lcd.o(i.DisplayPicture) for DisplayPicture
    main.o(i.main) refers to audioplay.o(i.audio_play) for audio_play
    main.o(i.main) refers to lcd.o(i.LCD_DisplayJiuGongGe) for LCD_DisplayJiuGongGe
    main.o(i.main) refers to data.o(i.UI_init) for UI_init
    main.o(i.main) refers to power .o(i.powe) for powe
    main.o(i.main) refers to key.o(i.key_L) for key_L
    main.o(i.main) refers to adc.o(i.VBAT) for VBAT
    main.o(i.main) refers to data.o(i.out_init) for out_init
    main.o(i.main) refers to lcd.o(i.LCD_ShowString) for LCD_ShowString
    main.o(i.main) refers to data.o(i.buf_data) for buf_data
    main.o(i.main) refers to iwdg.o(i.IWDG_Feed) for IWDG_Feed
    main.o(i.main) refers to wkup.o(i.Sys_Enter_Standby) for Sys_Enter_Standby
    main.o(i.main) refers to usart.o(.data) for flag_Ka
    main.o(i.main) refers to main.o(.data) for G_led_download
    system_stm32f4xx.o(i.SystemCoreClockUpdate) refers to system_stm32f4xx.o(.data) for SystemCoreClock
    system_stm32f4xx.o(i.SystemInit) refers to system_stm32f4xx.o(i.SetSysClock) for SetSysClock
    led.o(i.LED_Init) refers to stm32f4xx_rcc.o(i.RCC_AHB1PeriphClockCmd) for RCC_AHB1PeriphClockCmd
    led.o(i.LED_Init) refers to stm32f4xx_gpio.o(i.GPIO_Init) for GPIO_Init
    led.o(i.LED_Init) refers to stm32f4xx_gpio.o(i.GPIO_SetBits) for GPIO_SetBits
    led.o(i.LED_Init) refers to stm32f4xx_gpio.o(i.GPIO_ResetBits) for GPIO_ResetBits
    key.o(i.KEY_Init) refers to stm32f4xx_rcc.o(i.RCC_AHB1PeriphClockCmd) for RCC_AHB1PeriphClockCmd
    key.o(i.KEY_Init) refers to stm32f4xx_gpio.o(i.GPIO_Init) for GPIO_Init
    key.o(i.key_L) refers to stm32f4xx_gpio.o(i.GPIO_ReadInputDataBit) for GPIO_ReadInputDataBit
    key.o(i.key_L) refers to delay.o(i.delay_ms) for delay_ms
    key.o(i.key_L) refers to lcd.o(i.LCD_DisplayJiuGongGe) for LCD_DisplayJiuGongGe
    key.o(i.key_L) refers to data.o(i.out_init) for out_init
    key.o(i.key_L) refers to data.o(i.UI_init) for UI_init
    key.o(i.key_L) refers to data.o(i.OUT1NO) for OUT1NO
    key.o(i.key_L) refers to data.o(i.OUT2NO) for OUT2NO
    key.o(i.key_L) refers to data.o(i.OUT3NO) for OUT3NO
    key.o(i.key_L) refers to data.o(i.OUT4NO) for OUT4NO
    key.o(i.key_L) refers to data.o(i.OUT1ON) for OUT1ON
    key.o(i.key_L) refers to data.o(i.OUT2ON) for OUT2ON
    key.o(i.key_L) refers to data.o(i.OUT3ON) for OUT3ON
    key.o(i.key_L) refers to data.o(i.OUT4ON) for OUT4ON
    key.o(i.key_L) refers to data.o(i.OUT1OFF) for OUT1OFF
    key.o(i.key_L) refers to data.o(i.OUT2OFF) for OUT2OFF
    key.o(i.key_L) refers to data.o(i.OUT3OFF) for OUT3OFF
    key.o(i.key_L) refers to data.o(i.OUT4OFF) for OUT4OFF
    key.o(i.key_L) refers to main.o(.data) for G_led_download
    key.o(i.key_L) refers to usart.o(.data) for run
    pwm.o(i.TIM3_PWM_Init) refers to stm32f4xx_rcc.o(i.RCC_APB1PeriphClockCmd) for RCC_APB1PeriphClockCmd
    pwm.o(i.TIM3_PWM_Init) refers to stm32f4xx_rcc.o(i.RCC_AHB1PeriphClockCmd) for RCC_AHB1PeriphClockCmd
    pwm.o(i.TIM3_PWM_Init) refers to stm32f4xx_gpio.o(i.GPIO_PinAFConfig) for GPIO_PinAFConfig
    pwm.o(i.TIM3_PWM_Init) refers to stm32f4xx_gpio.o(i.GPIO_Init) for GPIO_Init
    pwm.o(i.TIM3_PWM_Init) refers to stm32f4xx_tim.o(i.TIM_TimeBaseInit) for TIM_TimeBaseInit
    pwm.o(i.TIM3_PWM_Init) refers to stm32f4xx_tim.o(i.TIM_OC1Init) for TIM_OC1Init
[...]
    SPI1_IRQHandler                          0x080002b3   Thumb Code     0  startup_stm32f40_41xxx.o(.text)
    SPI2_IRQHandler                          0x080002b3   Thumb Code     0  startup_stm32f40_41xxx.o(.text)
    SPI3_IRQHandler                          0x080002b3   Thumb Code     0  startup_stm32f40_41xxx.o(.text)
    TAMP_STAMP_IRQHandler                    0x080002b3   Thumb Code     0  startup_stm32f40_41xxx.o(.text)
    TIM1_BRK_TIM9_IRQHandler                 0x080002b3   Thumb Code     0  startup_stm32f40_41xxx.o(.text)
    TIM1_CC_IRQHandler                       0x080002b3   Thumb Code     0  startup_stm32f40_41xxx.o(.text)
    TIM1_TRG_COM_TIM11_IRQHandler            0x080002b3   Thumb Code     0  startup_stm32f40_41xxx.o(.text)
    TIM1_UP_TIM10_IRQHandler                 0x080002b3   Thumb Code     0  startup_stm32f40_41xxx.o(.text)
    TIM2_IRQHandler                          0x080002b3   Thumb Code     0  startup_stm32f40_41xxx.o(.text)
    TIM3_IRQHandler                          0x080002b3   Thumb Code     0  startup_stm32f40_41xxx.o(.text)
    TIM5_IRQHandler                          0x080002b3   Thumb Code     0  startup_stm32f40_41xxx.o(.text)
    TIM6_DAC_IRQHandler                      0x080002b3   Thumb Code     0  startup_stm32f40_41xxx.o(.text)
    TIM7_IRQHandler                          0x080002b3   Thumb Code     0  startup_stm32f40_41xxx.o(.text)
    TIM8_BRK_TIM12_IRQHandler                0x080002b3   Thumb Code     0  startup_stm32f40_41xxx.o(.text)
    TIM8_CC_IRQHandler                       0x080002b3   Thumb Code     0  startup_stm32f40_41xxx.o(.text)
    TIM8_TRG_COM_TIM14_IRQHandler            0x080002b3   Thumb Code     0  startup_stm32f40_41xxx.o(.text)
    TIM8_UP_TIM13_IRQHandler                 0x080002b3   Thumb Code     0  startup_stm32f40_41xxx.o(.text)
    UART4_IRQHandler                         0x080002b3   Thumb Code     0  startup_stm32f40_41xxx.o(.text)
    UART5_IRQHandler                         0x080002b3   Thumb Code     0  startup_stm32f40_41xxx.o(.text)
    USART3_IRQHandler                        0x080002b3   Thumb Code     0  startup_stm32f40_41xxx.o(.text)
    USART6_IRQHandler                        0x080002b3   Thumb Code     0  startup_stm32f40_41xxx.o(.text)
    WWDG_IRQHandler                          0x080002b3   Thumb Code     0  startup_stm32f40_41xxx.o(.text)
    __user_initial_stackheap                 0x080002b5   Thumb Code     0  startup_stm32f40_41xxx.o(.text)
    __use_no_semihosting                     0x080002d9   Thumb Code     2  use_no_semi_2.o(.text)
    __aeabi_ldivmod                          0x080002db   Thumb Code     0  llsdiv.o(.text)
    _ll_sdiv                                 0x080002db   Thumb Code    72  llsdiv.o(.text)
    __2printf                                0x08000325   Thumb Code    20  noretval__2printf.o(.text)
    _printf_pre_padding                      0x0800033d   Thumb Code    44  _printf_pad.o(.text)
    _printf_post_padding                     0x08000369   Thumb Code    34  _printf_pad.o(.text)
    _printf_str                              0x0800038b   Thumb Code    82  _printf_str.o(.text)
    _printf_int_dec                          0x080003dd   Thumb Code   104  _printf_dec.o(.text)
    _printf_int_hex                          0x08000455   Thumb Code    84  _printf_hex_int.o(.text)
    _printf_longlong_hex                     0x08000455   Thumb Code     0  _printf_hex_int.o(.text)
    __printf                                 0x080004ad   Thumb Code   388  __printf_flags_ss_wp.o(.text)
    __aeabi_memcpy                           0x08000635   Thumb Code     0  rt_memcpy_v6.o(.text)
    __rt_memcpy                              0x08000635   Thumb Code   138  rt_memcpy_v6.o(.text)
    _memcpy_lastbytes                        0x0800069b   Thumb Code     0  rt_memcpy_v6.o(.text)
    __use_two_region_memory                  0x080006bf   Thumb Code     2  heapauxi.o(.text)
    __rt_heap_escrow$2region                 0x080006c1   Thumb Code     2  heapauxi.o(.text)
    __rt_heap_expand$2region                 0x080006c3   Thumb Code     2  heapauxi.o(.text)
    __I$use$semihosting                      0x080006c5   Thumb Code     0  use_no_semi.o(.text)
    __use_no_semihosting_swi                 0x080006c5   Thumb Code     2  use_no_semi.o(.text)
    __aeabi_uldivmod                         0x080006c7   Thumb Code     0  lludivv7m.o(.text)
    _ll_udiv                                 0x080006c7   Thumb Code   238  lludivv7m.o(.text)
    _printf_int_common                       0x080007b5   Thumb Code   178  _printf_intcommon.o(.text)
    _printf_cs_common                        0x08000867   Thumb Code    20  _printf_char.o(.text)
    _printf_char                             0x0800087b   Thumb Code    16  _printf_char.o(.text)
    _printf_string                           0x0800088b   Thumb Code     8  _printf_char.o(.text)
    _printf_char_file                        0x08000895   Thumb Code    32  _printf_char_file.o(.text)
    __aeabi_memcpy4                          0x080008b9   Thumb Code     0  rt_memcpy_w.o(.text)
    __aeabi_memcpy8                          0x080008b9   Thumb Code     0  rt_memcpy_w.o(.text)
    __rt_memcpy_w                            0x080008b9   Thumb Code   100  rt_memcpy_w.o(.text)
    _memcpy_lastbytes_aligned                0x08000901   Thumb Code     0  rt_memcpy_w.o(.text)
    _printf_char_common                      0x08000927   Thumb Code    32  _printf_char_common.o(.text)
    ferror                                   0x0800094d   Thumb Code     8  ferror.o(.text)
    __user_setup_stackheap                   0x08000955   Thumb Code    74  sys_stackheap_outer.o(.text)
    exit                                     0x0800099f   Thumb Code    12  exit.o(.text)
    __user_libspace                          0x080009ad   Thumb Code     8  libspace.o(.text)
    __user_perproc_libspace                  0x080009ad   Thumb Code     0  libspace.o(.text)
    __user_perthread_libspace                0x080009ad   Thumb Code     0  libspace.o(.text)
    ADC_Cmd                                  0x080009b5   Thumb Code    22  stm32f4xx_adc.o(i.ADC_Cmd)
    ADC_CommonInit                           0x080009cd   Thumb Code    34  stm32f4xx_adc.o(i.ADC_CommonInit)
    ADC_GetConversionValue                   0x080009fd   Thumb Code     8  stm32f4xx_adc.o(i.ADC_GetConversionValue)
    ADC_GetFlagStatus                        0x08000a05   Thumb Code    18  stm32f4xx_adc.o(i.ADC_GetFlagStatus)
    ADC_Init                                 0x08000a19   Thumb Code    74  stm32f4xx_adc.o(i.ADC_Init)
    ADC_RegularChannelConfig                 0x08000a6d   Thumb Code   184  stm32f4xx_adc.o(i.ADC_RegularChannelConfig)
    ADC_SoftwareStartConv                    0x08000b25   Thumb Code    10  stm32f4xx_adc.o(i.ADC_SoftwareStartConv)
    Adc_Init                                 0x08000b31   Thumb Code   124  adc.o(i.Adc_Init)
    BlockWrite                               0x08000bb5   Thumb Code    90  lcd.o(i.BlockWrite)
    BusFault_Handler                         0x08000c0f   Thumb Code     4  stm32f4xx_it.o(i.BusFault_Handler)
    Check_WKUP                               0x08000c15   Thumb Code    50  wkup.o(i.Check_WKUP)
    CmdError                                 0x08000c4d   Thumb Code    48  sdio_sdcard.o(i.CmdError)
    CmdResp1Error                            0x08000c7d   Thumb Code    94  sdio_sdcard.o(i.CmdResp1Error)
    CmdResp2Error                            0x08000ce1   Thumb Code    80  sdio_sdcard.o(i.CmdResp2Error)
    CmdResp3Error                            0x08000d35   Thumb Code    50  sdio_sdcard.o(i.CmdResp3Error)
    CmdResp6Error                            0x08000d6d   Thumb Code   144  sdio_sdcard.o(i.CmdResp6Error)
    CmdResp7Error                            0x08000e01   Thumb Code    70  sdio_sdcard.o(i.CmdResp7Error)
    DMA1_Stream5_IRQHandler                  0x08000e4d   Thumb Code    30  i2s.o(i.DMA1_Stream5_IRQHandler)
    DMA_ClearITPendingBit                    0x08000e79   Thumb Code    38  stm32f4xx_dma.o(i.DMA_ClearITPendingBit)
    DMA_Cmd                                  0x08000ead   Thumb Code    22  stm32f4xx_dma.o(i.DMA_Cmd)
    DMA_DeInit                               0x08000ec5   Thumb Code   324  stm32f4xx_dma.o(i.DMA_DeInit)
    DMA_DoubleBufferModeCmd                  0x0800101d   Thumb Code    22  stm32f4xx_dma.o(i.DMA_DoubleBufferModeCmd)
    DMA_DoubleBufferModeConfig               0x08001033   Thumb Code    24  stm32f4xx_dma.o(i.DMA_DoubleBufferModeConfig)
    DMA_FlowControllerConfig                 0x0800104b   Thumb Code    22  stm32f4xx_dma.o(i.DMA_FlowControllerConfig)
    DMA_GetCmdStatus                         0x08001061   Thumb Code    20  stm32f4xx_dma.o(i.DMA_GetCmdStatus)
    DMA_GetITStatus                          0x08001075   Thumb Code    82  stm32f4xx_dma.o(i.DMA_GetITStatus)
    DMA_ITConfig                             0x080010d9   Thumb Code    58  stm32f4xx_dma.o(i.DMA_ITConfig)
    DMA_Init                                 0x08001115   Thumb Code    82  stm32f4xx_dma.o(i.DMA_Init)
    Data_Clear                               0x0800116d   Thumb Code    28  usart.o(i.Data_Clear)
    DebugMon_Handler                         0x0800118d   Thumb Code     2  stm32f4xx_it.o(i.DebugMon_Handler)
    DisplayPicture                           0x08001191   Thumb Code   124  lcd.o(i.DisplayPicture)
    EXTI0_IRQHandler                         0x08001219   Thumb Code    30  wkup.o(i.EXTI0_IRQHandler)
    EXTI_ClearITPendingBit                   0x0800123d   Thumb Code     6  stm32f4xx_exti.o(i.EXTI_ClearITPendingBit)
    EXTI_Init                                0x08001249   Thumb Code   142  stm32f4xx_exti.o(i.EXTI_Init)
    FSMC_NORSRAMCmd                          0x080012dd   Thumb Code    46  stm32f4xx_fsmc.o(i.FSMC_NORSRAMCmd)
    FSMC_NORSRAMInit                         0x08001311   Thumb Code   230  stm32f4xx_fsmc.o(i.FSMC_NORSRAMInit)
    FindSCR                                  0x080013f9   Thumb Code   388  sdio_sdcard.o(i.FindSCR)
    GPIO_Init                                0x0800158d   Thumb Code   144  stm32f4xx_gpio.o(i.GPIO_Init)
    GPIO_PinAFConfig                         0x0800161d   Thumb Code    70  stm32f4xx_gpio.o(i.GPIO_PinAFConfig)
    GPIO_ReadInputDataBit                    0x08001663   Thumb Code    18  stm32f4xx_gpio.o(i.GPIO_ReadInputDataBit)
    GPIO_ResetBits                           0x08001675   Thumb Code     4  stm32f4xx_gpio.o(i.GPIO_ResetBits)
    GPIO_SetBits                             0x08001679   Thumb Code     4  stm32f4xx_gpio.o(i.GPIO_SetBits)
    Get_Adc                                  0x0800167d   Thumb Code    44  adc.o(i.Get_Adc)
    Get_Adc_Average                          0x080016ad   Thumb Code    46  adc.o(i.Get_Adc_Average)
    HardFault_Handler                        0x080016db   Thumb Code     4  stm32f4xx_it.o(i.HardFault_Handler)
    I2S2_Init                                0x080016e1   Thumb Code    94  i2s.o(i.I2S2_Init)
    I2S2_SampleRate_Set                      0x08001745   Thumb Code   142  i2s.o(i.I2S2_SampleRate_Set)
    I2S2_TX_DMA_Init                         0x080017f1   Thumb Code   154  i2s.o(i.I2S2_TX_DMA_Init)
    I2S_Cmd                                  0x08001895   Thumb Code    24  stm32f4xx_spi.o(i.I2S_Cmd)
    I2S_Init                                 0x080018ad   Thumb Code   396  stm32f4xx_spi.o(i.I2S_Init)
    I2S_Play_Start                           0x08001a45   Thumb Code    12  i2s.o(i.I2S_Play_Start)
    I2S_Play_Stop                            0x08001a55   Thumb Code    12  i2s.o(i.I2S_Play_Stop)
    IIC_Init                                 0x08001a65   Thumb Code    62  myiic.o(i.IIC_Init)
    IIC_Send_Byte                            0x08001ab1   Thumb Code    90  myiic.o(i.IIC_Send_Byte)
    IIC_Start                                0x08001b19   Thumb Code    64  myiic.o(i.IIC_Start)
    IIC_Stop                                 0x08001b65   Thumb Code    62  myiic.o(i.IIC_Stop)
    IIC_Wait_Ack                             0x08001bb1   Thumb Code    82  myiic.o(i.IIC_Wait_Ack)
    ILI9225G_Rst                             0x08001c11   Thumb Code    52  lcd.o(i.ILI9225G_Rst)
    IWDG_Enable                              0x08001c49   Thumb Code    10  stm32f4xx_iwdg.o(i.IWDG_Enable)
    IWDG_Feed                                0x08001c59   Thumb Code     8  iwdg.o(i.IWDG_Feed)
    IWDG_Init                                0x08001c61   Thumb Code    36  iwdg.o(i.IWDG_Init)
    IWDG_ReloadCounter                       0x08001c85   Thumb Code    10  stm32f4xx_iwdg.o(i.IWDG_ReloadCounter)
    IWDG_SetPrescaler                        0x08001c95   Thumb Code     6  stm32f4xx_iwdg.o(i.IWDG_SetPrescaler)
    IWDG_SetReload                           0x08001ca1   Thumb Code     6  stm32f4xx_iwdg.o(i.IWDG_SetReload)
    IWDG_WriteAccessCmd                      0x08001cad   Thumb Code     6  stm32f4xx_iwdg.o(i.IWDG_WriteAccessCmd)
    IsCardProgramming                        0x08001cb9   Thumb Code   146  sdio_sdcard.o(i.IsCardProgramming)
    KEY_Init                                 0x08001d59   Thumb Code   104  key.o(i.KEY_Init)
    LCD_Display                              0x08001dcd   Thumb Code    90  lcd.o(i.LCD_Display)
    LCD_DisplayJiuGongGe                     0x08001e2d   Thumb Code   578  lcd.o(i.LCD_DisplayJiuGongGe)
    LCD_Fast_DrawPoint                       0x08002075   Thumb Code    24  lcd.o(i.LCD_Fast_DrawPoint)
    LCD_Init                                 0x0800208d   Thumb Code   946  lcd.o(i.LCD_Init)
    LCD_RD_DATA                              0x08002451   Thumb Code    18  lcd.o(i.LCD_RD_DATA)
    LCD_Set                                  0x08002469   Thumb Code    28  lcd.o(i.LCD_Set)
    LCD_SetCursor                            0x08002489   Thumb Code    86  lcd.o(i.LCD_SetCursor)
    LCD_ShowChar                             0x080024e1   Thumb Code   272  lcd.o(i.LCD_ShowChar)
    LCD_ShowString                           0x08002609   Thumb Code   102  lcd.o(i.LCD_ShowString)
    LCD_WR_DATA                              0x08002671   Thumb Code    10  lcd.o(i.LCD_WR_DATA)
    LCD_WR_REG                               0x08002681   Thumb Code    20  lcd.o(i.LCD_WR_REG)
    LCD_WriteRAM                             0x08002699   Thumb Code    10  lcd.o(i.LCD_WriteRAM)
    LCD_WriteReg                             0x080026a9   Thumb Code    18  lcd.o(i.LCD_WriteReg)
    LED_Init                                 0x080026c1   Thumb Code   116  led.o(i.LED_Init)
    MemManage_Handler                        0x0800273d   Thumb Code     4  stm32f4xx_it.o(i.MemManage_Handler)
    NMI_Handler                              0x08002741   Thumb Code     2  stm32f4xx_it.o(i.NMI_Handler)
    NVIC_Init                                0x08002745   Thumb Code   106  misc.o(i.NVIC_Init)
    NVIC_PriorityGroupConfig                 0x080027bd   Thumb Code    10  misc.o(i.NVIC_PriorityGroupConfig)
    OUT1NO                                   0x080027d1   Thumb Code    64  data.o(i.OUT1NO)
    OUT1OFF                                  0x08002825   Thumb Code    62  data.o(i.OUT1OFF)
    OUT1ON                                   0x08002879   Thumb Code    62  data.o(i.OUT1ON)
    OUT2NO                                   0x080028cd   Thumb Code    64  data.o(i.OUT2NO)
    OUT2OFF                                  0x08002921   Thumb Code    62  data.o(i.OUT2OFF)
    OUT2ON                                   0x08002975   Thumb Code    62  data.o(i.OUT2ON)
    OUT3NO                                   0x080029c9   Thumb Code    64  data.o(i.OUT3NO)
    OUT3OFF                                  0x08002a1d   Thumb Code    62  data.o(i.OUT3OFF)
    OUT3ON                                   0x08002a71   Thumb Code    62  data.o(i.OUT3ON)
    OUT4NO                                   0x08002ac5   Thumb Code    56  data.o(i.OUT4NO)
    OUT4OFF                                  0x08002b15   Thumb Code    76  data.o(i.OUT4OFF)
    OUT4ON                                   0x08002b79   Thumb Code    76  data.o(i.OUT4ON)
    PWR_BackupAccessCmd                      0x08002bdd   Thumb Code     6  stm32f4xx_pwr.o(i.PWR_BackupAccessCmd)
    PWR_ClearFlag                            0x08002be9   Thumb Code    14  stm32f4xx_pwr.o(i.PWR_ClearFlag)
    PWR_EnterSTANDBYMode                     0x08002bfd   Thumb Code    32  stm32f4xx_pwr.o(i.PWR_EnterSTANDBYMode)
    PWR_WakeUpPinCmd                         0x08002c25   Thumb Code     6  stm32f4xx_pwr.o(i.PWR_WakeUpPinCmd)
    PendSV_Handler                           0x08002c31   Thumb Code     2  stm32f4xx_it.o(i.PendSV_Handler)
    RCC_AHB1PeriphClockCmd                   0x08002c35   Thumb Code    26  stm32f4xx_rcc.o(i.RCC_AHB1PeriphClockCmd)
    RCC_AHB1PeriphResetCmd                   0x08002c55   Thumb Code    26  stm32f4xx_rcc.o(i.RCC_AHB1PeriphResetCmd)
    RCC_AHB3PeriphClockCmd                   0x08002c75   Thumb Code    26  stm32f4xx_rcc.o(i.RCC_AHB3PeriphClockCmd)
    RCC_APB1PeriphClockCmd                   0x08002c95   Thumb Code    26  stm32f4xx_rcc.o(i.RCC_APB1PeriphClockCmd)
    RCC_APB1PeriphResetCmd                   0x08002cb5   Thumb Code    26  stm32f4xx_rcc.o(i.RCC_APB1PeriphResetCmd)
    RCC_APB2PeriphClockCmd                   0x08002cd5   Thumb Code    26  stm32f4xx_rcc.o(i.RCC_APB2PeriphClockCmd)
    RCC_APB2PeriphResetCmd                   0x08002cf5   Thumb Code    26  stm32f4xx_rcc.o(i.RCC_APB2PeriphResetCmd)
    RCC_GetClocksFreq                        0x08002d15   Thumb Code   214  stm32f4xx_rcc.o(i.RCC_GetClocksFreq)
    RCC_PLLI2SCmd                            0x08002dfd   Thumb Code     6  stm32f4xx_rcc.o(i.RCC_PLLI2SCmd)
    RCC_PLLI2SConfig                         0x08002e09   Thumb Code    12  stm32f4xx_rcc.o(i.RCC_PLLI2SConfig)
    RTC_ClearITPendingBit                    0x08002e19   Thumb Code    28  stm32f4xx_rtc.o(i.RTC_ClearITPendingBit)
    RTC_ITConfig                             0x08002e39   Thumb Code    94  stm32f4xx_rtc.o(i.RTC_ITConfig)
    SDEnWideBus                              0x08002e9d   Thumb Code   158  sdio_sdcard.o(i.SDEnWideBus)
    SDIO_ClearFlag                           0x08002f49   Thumb Code     6  stm32f4xx_sdio.o(i.SDIO_ClearFlag)
    SDIO_Clock_Set                           0x08002f55   Thumb Code    16  sdio_sdcard.o(i.SDIO_Clock_Set)
    SDIO_DataConfig                          0x08002f69   Thumb Code    46  stm32f4xx_sdio.o(i.SDIO_DataConfig)
    SDIO_GetFlagStatus                       0x08002f9d   Thumb Code    20  stm32f4xx_sdio.o(i.SDIO_GetFlagStatus)
    SDIO_GetPowerState                       0x08002fb5   Thumb Code    10  stm32f4xx_sdio.o(i.SDIO_GetPowerState)
    SDIO_IRQHandler                          0x08002fc5   Thumb Code     8  sdio_sdcard.o(i.SDIO_IRQHandler)
    SDIO_Init                                0x08002fcd   Thumb Code    42  stm32f4xx_sdio.o(i.SDIO_Init)
    SDIO_Register_Deinit                     0x08002ffd   Thumb Code    48  sdio_sdcard.o(i.SDIO_Register_Deinit)
    SDIO_SendCommand                         0x08003035   Thumb Code    40  stm32f4xx_sdio.o(i.SDIO_SendCommand)
    SDIO_SetPowerState                       0x08003061   Thumb Code     6  stm32f4xx_sdio.o(i.SDIO_SetPowerState)
    SD_DMA_Config                            0x0800306d   Thumb Code   118  sdio_sdcard.o(i.SD_DMA_Config)
    SD_EnableWideBusOperation                0x080030ed   Thumb Code    94  sdio_sdcard.o(i.SD_EnableWideBusOperation)
    SD_GetCardInfo                           0x08003155   Thumb Code   772  sdio_sdcard.o(i.SD_GetCardInfo)
    SD_Init                                  0x08003469   Thumb Code   284  sdio_sdcard.o(i.SD_Init)
    SD_InitializeCards                       0x08003599   Thumb Code   330  sdio_sdcard.o(i.SD_InitializeCards)
    SD_PowerON                               0x080036fd   Thumb Code   460  sdio_sdcard.o(i.SD_PowerON)
    SD_ProcessIRQSrc                         0x080038e1   Thumb Code   318  sdio_sdcard.o(i.SD_ProcessIRQSrc)
    SD_ReadBlock                             0x08003a35   Thumb Code   574  sdio_sdcard.o(i.SD_ReadBlock)
    SD_ReadDisk                              0x08003c9d   Thumb Code   148  sdio_sdcard.o(i.SD_ReadDisk)
    SD_ReadMultiBlocks                       0x08003d35   Thumb Code   710  sdio_sdcard.o(i.SD_ReadMultiBlocks)
    SD_SelectDeselect                        0x08004029   Thumb Code    42  sdio_sdcard.o(i.SD_SelectDeselect)
    SD_SetDeviceMode                         0x08004059   Thumb Code    20  sdio_sdcard.o(i.SD_SetDeviceMode)
    SD_WriteBlock                            0x08004071   Thumb Code   862  sdio_sdcard.o(i.SD_WriteBlock)
    SD_WriteDisk                             0x080043f9   Thumb Code   148  sdio_sdcard.o(i.SD_WriteDisk)
    SD_WriteMultiBlocks                      0x08004491   Thumb Code   934  sdio_sdcard.o(i.SD_WriteMultiBlocks)
    SPI2_Init                                0x08004861   Thumb Code   188  spi.o(i.SPI2_Init)
    SPI2_ReadWriteByte                       0x08004925   Thumb Code    50  spi.o(i.SPI2_ReadWriteByte)
    SPI2_SetSpeed                            0x0800495d   Thumb Code    36  spi.o(i.SPI2_SetSpeed)
    SPI_Cmd                                  0x08004985   Thumb Code    24  stm32f4xx_spi.o(i.SPI_Cmd)
    SPI_I2S_DMACmd                           0x0800499d   Thumb Code    18  stm32f4xx_spi.o(i.SPI_I2S_DMACmd)
    SPI_I2S_GetFlagStatus                    0x080049af   Thumb Code    18  stm32f4xx_spi.o(i.SPI_I2S_GetFlagStatus)
    SPI_I2S_ReceiveData                      0x080049c1   Thumb Code     6  stm32f4xx_spi.o(i.SPI_I2S_ReceiveData)
    SPI_I2S_SendData                         0x080049c7   Thumb Code     4  stm32f4xx_spi.o(i.SPI_I2S_SendData)
    SPI_Init                                 0x080049cb   Thumb Code    60  stm32f4xx_spi.o(i.SPI_Init)
    SVC_Handler                              0x08004a07   Thumb Code     2  stm32f4xx_it.o(i.SVC_Handler)
    SYSCFG_EXTILineConfig                    0x08004a09   Thumb Code    60  stm32f4xx_syscfg.o(i.SYSCFG_EXTILineConfig)
    SysTick_CLKSourceConfig                  0x08004b35   Thumb Code    40  misc.o(i.SysTick_CLKSourceConfig)
    SysTick_Handler                          0x08004b5d   Thumb Code     2  stm32f4xx_it.o(i.SysTick_Handler)
    Sys_Enter_Standby                        0x08004b61   Thumb Code    82  wkup.o(i.Sys_Enter_Standby)
    SystemInit                               0x08004bbd   Thumb Code    88  system_stm32f4xx.o(i.SystemInit)
    TIM3_PWM_Init                            0x08004c25   Thumb Code   230  pwm.o(i.TIM3_PWM_Init)
    TIM4_IRQHandler                          0x08004d15   Thumb Code    46  usmart.o(i.TIM4_IRQHandler)
    TIM4_PWM_Init                            0x08004d4d   Thumb Code   406  pwm.o(i.TIM4_PWM_Init)
    TIM_ARRPreloadConfig                     0x08004ef1   Thumb Code    24  stm32f4xx_tim.o(i.TIM_ARRPreloadConfig)
    TIM_ClearFlag                            0x08004f09   Thumb Code     6  stm32f4xx_tim.o(i.TIM_ClearFlag)
    TIM_ClearITPendingBit                    0x08004f0f   Thumb Code     6  stm32f4xx_tim.o(i.TIM_ClearITPendingBit)
    TIM_Cmd                                  0x08004f15   Thumb Code    24  stm32f4xx_tim.o(i.TIM_Cmd)
    TIM_GetCounter                           0x08004f2d   Thumb Code     6  stm32f4xx_tim.o(i.TIM_GetCounter)
    TIM_GetFlagStatus                        0x08004f33   Thumb Code    18  stm32f4xx_tim.o(i.TIM_GetFlagStatus)
    TIM_GetITStatus                          0x08004f45   Thumb Code    34  stm32f4xx_tim.o(i.TIM_GetITStatus)
    TIM_ITConfig                             0x08004f67   Thumb Code    18  stm32f4xx_tim.o(i.TIM_ITConfig)
    TIM_OC1Init                              0x08004f79   Thumb Code   114  stm32f4xx_tim.o(i.TIM_OC1Init)
    TIM_OC1PreloadConfig                     0x08004ff5   Thumb Code    18  stm32f4xx_tim.o(i.TIM_OC1PreloadConfig)
    TIM_OC2Init                              0x08005009   Thumb Code   154  stm32f4xx_tim.o(i.TIM_OC2Init)
    TIM_OC2PreloadConfig                     0x080050ad   Thumb Code    26  stm32f4xx_tim.o(i.TIM_OC2PreloadConfig)
    TIM_OC3Init                              0x080050c9   Thumb Code   150  stm32f4xx_tim.o(i.TIM_OC3Init)
    TIM_OC3PreloadConfig                     0x08005169   Thumb Code    18  stm32f4xx_tim.o(i.TIM_OC3PreloadConfig)
    TIM_OC4Init                              0x0800517d   Thumb Code   112  stm32f4xx_tim.o(i.TIM_OC4Init)
    TIM_OC4PreloadConfig                     0x080051f5   Thumb Code    26  stm32f4xx_tim.o(i.TIM_OC4PreloadConfig)
    TIM_SetAutoreload                        0x0800520f   Thumb Code     4  stm32f4xx_tim.o(i.TIM_SetAutoreload)
    TIM_SetCompare1                          0x08005213   Thumb Code     4  stm32f4xx_tim.o(i.TIM_SetCompare1)
    TIM_SetCompare2                          0x08005217   Thumb Code     4  stm32f4xx_tim.o(i.TIM_SetCompare2)
    TIM_SetCompare3                          0x0800521b   Thumb Code     4  stm32f4xx_tim.o(i.TIM_SetCompare3)
    TIM_SetCompare4                          0x0800521f   Thumb Code     4  stm32f4xx_tim.o(i.TIM_SetCompare4)
    TIM_SetCounter                           0x08005223   Thumb Code     4  stm32f4xx_tim.o(i.TIM_SetCounter)
    TIM_TimeBaseInit                         0x08005229   Thumb Code   104  stm32f4xx_tim.o(i.TIM_TimeBaseInit)
    Timer4_Init                              0x080052ad   Thumb Code    86  usmart.o(i.Timer4_Init)
    UI_IN                                    0x08005309   Thumb Code   164  data.o(i.UI_IN)
    UI_IN1                                   0x080053d5   Thumb Code    44  data.o(i.UI_IN1)
    UI_IN2                                   0x08005411   Thumb Code    44  data.o(i.UI_IN2)
    UI_IN3                                   0x0800544d   Thumb Code    44  data.o(i.UI_IN3)
    UI_init                                  0x08005489   Thumb Code   324  data.o(i.UI_init)
    USART1_IRQHandler                        0x08005615   Thumb Code   818  usart.o(i.USART1_IRQHandler)
    USART2_IRQHandler                        0x0800597d   Thumb Code   124  usart2.o(i.USART2_IRQHandler)
    USART_Cmd                                0x08005a05   Thumb Code    24  stm32f4xx_usart.o(i.USART_Cmd)
    USART_GetITStatus                        0x08005a1d   Thumb Code    84  stm32f4xx_usart.o(i.USART_GetITStatus)
    USART_ITConfig                           0x08005a71   Thumb Code    74  stm32f4xx_usart.o(i.USART_ITConfig)
    USART_Init                               0x08005abd   Thumb Code   204  stm32f4xx_usart.o(i.USART_Init)
    USART_ReceiveData                        0x08005b91   Thumb Code    10  stm32f4xx_usart.o(i.USART_ReceiveData)
    UsageFault_Handler                       0x08005b9b   Thumb Code     4  stm32f4xx_it.o(i.UsageFault_Handler)
    Usart1Init                               0x08005ba1   Thumb Code   206  usart.o(i.Usart1Init)
    VBAT                                     0x08005c79   Thumb Code   628  adc.o(i.VBAT)
    W25QXX_Erase_Sector                      0x08005f65   Thumb Code    70  w25qxx.o(i.W25QXX_Erase_Sector)
    W25QXX_Init                              0x08005fbd   Thumb Code    74  w25qxx.o(i.W25QXX_Init)
    W25QXX_Read                              0x08006015   Thumb Code    74  w25qxx.o(i.W25QXX_Read)
    W25QXX_ReadID                            0x08006065   Thumb Code    64  w25qxx.o(i.W25QXX_ReadID)
    W25QXX_ReadSR                            0x080060ad   Thumb Code    36  w25qxx.o(i.W25QXX_ReadSR)
    W25QXX_Read_Dyte                         0x080060d9   Thumb Code    58  w25qxx.o(i.W25QXX_Read_Dyte)
    W25QXX_Read_Num                          0x0800611d   Thumb Code    70  w25qxx.o(i.W25QXX_Read_Num)
    W25QXX_Wait_Busy                         0x0800616d   Thumb Code    18  w25qxx.o(i.W25QXX_Wait_Busy)
    W25QXX_Write                             0x08006181   Thumb Code   178  w25qxx.o(i.W25QXX_Write)
    W25QXX_Write_Enable                      0x08006239   Thumb Code    24  w25qxx.o(i.W25QXX_Write_Enable)
    W25QXX_Write_NoCheck                     0x08006259   Thumb Code    70  w25qxx.o(i.W25QXX_Write_NoCheck)
    W25QXX_Write_Page                        0x080062a1   Thumb Code    80  w25qxx.o(i.W25QXX_Write_Page)
    WKUP_Init                                0x080062f5   Thumb Code   124  wkup.o(i.WKUP_Init)
    WM8978_3D_Set                            0x08006375   Thumb Code    18  wm8978.o(i.WM8978_3D_Set)
    WM8978_ADDA_Cfg                          0x08006387   Thumb Code    64  wm8978.o(i.WM8978_ADDA_Cfg)
    WM8978_AUX_Gain                          0x080063c7   Thumb Code    54  wm8978.o(i.WM8978_AUX_Gain)
    WM8978_EQ1_Set                           0x080063fd   Thumb Code    50  wm8978.o(i.WM8978_EQ1_Set)
    WM8978_EQ2_Set                           0x0800642f   Thumb Code    40  wm8978.o(i.WM8978_EQ2_Set)
    WM8978_EQ3_Set                           0x08006457   Thumb Code    40  wm8978.o(i.WM8978_EQ3_Set)
    WM8978_EQ4_Set                           0x0800647f   Thumb Code    40  wm8978.o(i.WM8978_EQ4_Set)
    WM8978_EQ5_Set                           0x080064a7   Thumb Code    40  wm8978.o(i.WM8978_EQ5_Set)
    WM8978_EQ_3D_Dir                         0x080064cf   Thumb Code    34  wm8978.o(i.WM8978_EQ_3D_Dir)
    WM8978_HPvol_Set                         0x080064f1   Thumb Code    46  wm8978.o(i.WM8978_HPvol_Set)
    WM8978_I2S_Cfg                           0x0800651f   Thumb Code    28  wm8978.o(i.WM8978_I2S_Cfg)
    WM8978_Init                              0x0800653d   Thumb Code   270  wm8978.o(i.WM8978_Init)
    WM8978_Input_Cfg                         0x08006659   Thumb Code   102  wm8978.o(i.WM8978_Input_Cfg)
    WM8978_LINEIN_Gain                       0x080066bf   Thumb Code    54  wm8978.o(i.WM8978_LINEIN_Gain)
    WM8978_Output_Cfg                        0x080066f5   Thumb Code    42  wm8978.o(i.WM8978_Output_Cfg)
    WM8978_Read_Reg                          0x08006721   Thumb Code    10  wm8978.o(i.WM8978_Read_Reg)
    WM8978_SPKvol_Set                        0x08006731   Thumb Code    34  wm8978.o(i.WM8978_SPKvol_Set)
    WM8978_Write_Reg                         0x08006755   Thumb Code    80  wm8978.o(i.WM8978_Write_Reg)
    _is_digit                                0x080067a9   Thumb Code    14  __printf_wp.o(i._is_digit)
    _sys_exit                                0x080067b7   Thumb Code     6  usart.o(i._sys_exit)
    audio_play                               0x080067bd   Thumb Code    82  audioplay.o(i.audio_play)
    audio_start                              0x08006811   Thumb Code    14  audioplay.o(i.audio_start)
    audio_stop                               0x08006825   Thumb Code    14  audioplay.o(i.audio_stop)
    buf_data                                 0x08006839   Thumb Code 16768  data.o(i.buf_data)
    convert_from_bytes_to_power_of_two       0x0800a9c5   Thumb Code    18  sdio_sdcard.o(i.convert_from_bytes_to_power_of_two)
    delay_init                               0x0800a9d9   Thumb Code    52  delay.o(i.delay_init)
    delay_ms                                 0x0800aa15   Thumb Code    70  delay.o(i.delay_ms)
    delay_us                                 0x0800aa61   Thumb Code    72  delay.o(i.delay_us)
    delay_xms                                0x0800aaad   Thumb Code    72  delay.o(i.delay_xms)
    disk_ioctl                               0x0800aaf9   Thumb Code   170  diskio.o(i.disk_ioctl)
    disk_read                                0x0800abad   Thumb Code   122  diskio.o(i.disk_read)
    disk_status                              0x0800ac27   Thumb Code     6  diskio.o(i.disk_status)
    disk_write                               0x0800ac2d   Thumb Code   122  diskio.o(i.disk_write)
    exfuns_init                              0x0800aca9   Thumb Code   114  exfuns.o(i.exfuns_init)
    f_close                                  0x0800ad2d   Thumb Code    36  ff.o(i.f_close)
    f_sync                                   0x0800ad51   Thumb Code   176  ff.o(i.f_sync)
    fputc                                    0x0800ae01   Thumb Code    24  usart.o(i.fputc)
    get_fattime                              0x0800ae1d   Thumb Code     4  diskio.o(i.get_fattime)
    ka_9                                     0x0800ae21   Thumb Code   542  data.o(i.ka_9)
    ka_A                                     0x0800b055   Thumb Code   590  data.o(i.ka_A)
    ka_H                                     0x0800b2cd   Thumb Code  4604  data.o(i.ka_H)
    key_L                                    0x0800c4dd   Thumb Code   162  key.o(i.key_L)
    main                                     0x0800c591   Thumb Code   396  main.o(i.main)
    my_mem_free                              0x0800c7c9   Thumb Code    96  malloc.o(i.my_mem_free)
    my_mem_init                              0x0800c835   Thumb Code    54  malloc.o(i.my_mem_init)
    my_mem_malloc                            0x0800c879   Thumb Code   156  malloc.o(i.my_mem_malloc)
    my_mem_perused                           0x0800c921   Thumb Code    54  malloc.o(i.my_mem_perused)
    myfree                                   0x0800c961   Thumb Code    30  malloc.o(i.myfree)
    mymalloc                                 0x0800c985   Thumb Code    34  malloc.o(i.mymalloc)
    mymemset                                 0x0800c9ad   Thumb Code    20  malloc.o(i.mymemset)
    out_init                                 0x0800c9c1   Thumb Code    76  data.o(i.out_init)
    powe                                     0x0800ca1d   Thumb Code   116  power .o(i.powe)
    read_addr                                0x0800cac5   Thumb Code     6  usmart.o(i.read_addr)
    usart2_init                              0x0800cbf1   Thumb Code   162  usart2.o(i.usart2_init)
    usmart_cmd_rec                           0x0800cc9d   Thumb Code   170  usmart.o(i.usmart_cmd_rec)
    usmart_exe                               0x0800cd4d   Thumb Code   632  usmart.o(i.usmart_exe)
    usmart_get_aparm                         0x0800d021   Thumb Code   200  usmart_str.o(i.usmart_get_aparm)
    usmart_get_fname                         0x0800d0e9   Thumb Code   440  usmart_str.o(i.usmart_get_fname)
    usmart_get_fparam                        0x0800d2a9   Thumb Code   262  usmart_str.o(i.usmart_get_fparam)
    usmart_get_parmpos                       0x0800d3b5   Thumb Code    26  usmart_str.o(i.usmart_get_parmpos)
    usmart_get_runtime                       0x0800d3d5   Thumb Code    60  usmart.o(i.usmart_get_runtime)
    usmart_init                              0x0800d419   Thumb Code    36  usmart.o(i.usmart_init)
    usmart_pow                               0x0800d441   Thumb Code    22  usmart_str.o(i.usmart_pow)
    usmart_reset_runtime                     0x0800d459   Thumb Code    38  usmart.o(i.usmart_reset_runtime)
    usmart_scan                              0x0800d489   Thumb Code     2  usmart.o(i.usmart_scan)
    usmart_search_nextc                      0x0800d48b   Thumb Code    22  usmart_str.o(i.usmart_search_nextc)
    usmart_str2num                           0x0800d4a1   Thumb Code   202  usmart_str.o(i.usmart_str2num)
    usmart_strcmp                            0x0800d56b   Thumb Code    34  usmart_str.o(i.usmart_strcmp)
    usmart_strcopy                           0x0800d58d   Thumb Code    22  usmart_str.o(i.usmart_strcopy)
    usmart_strlen                            0x0800d5a3   Thumb Code    24  usmart_str.o(i.usmart_strlen)
    wav_buffill                              0x0800d5f1   Thumb Code   362  wavplay.o(i.wav_buffill)
    wav_decode_init                          0x0800d791   Thumb Code    52  wavplay.o(i.wav_decode_init)
    wav_i2s_dma_tx_callback                  0x0800d7c5   Thumb Code    96  wavplay.o(i.wav_i2s_dma_tx_callback)
    wav_play_song                            0x0800d835   Thumb Code   314  wavplay.o(i.wav_play_song)
    write_addr                               0x0800d989   Thumb Code     4  usmart.o(i.write_addr)
    _fp_init                                 0x0800d98d   Thumb Code    10  fpinit.o(x$fpl$fpinit)
    __fplib_config_fpu_vfp                   0x0800d995   Thumb Code     0  fpinit.o(x$fpl$fpinit)
    __fplib_config_pureend_doubles           0x0800d995   Thumb Code     0  fpinit.o(x$fpl$fpinit)
    asc2_1206                                0x0800d996   Data        1140  lcd.o(.constdata)
    asc2_1608                                0x0800de0a   Data        1520  lcd.o(.constdata)
    asc2_2412                                0x0800e3fa   Data        3420  lcd.o(.constdata)
    I2S_PSC_TBL                              0x0800f156   Data         110  i2s.o(.constdata)
    memtblsize                               0x0800f1c4   Data          12  malloc.o(.constdata)
    memblksize                               0x0800f1d0   Data          12  malloc.o(.constdata)
    memsize                                  0x0800f1dc   Data          12  malloc.o(.constdata)
    Region$$Table$$Base                      0x0800f3f4   Number         0  anon$$obj.o(Region$$Table)
    Region$$Table$$Limit                     0x0800f414   Number         0  anon$$obj.o(Region$$Table)
    mem3base                                 0x10000000   Data       61440  malloc.o(.ARM.__AT_0x10000000)
    mem3mapbase                              0x1000f000   Data        3840  malloc.o(.ARM.__AT_0x1000F000)
    usart1_buffer_len                        0x20000000   Data           4  main.o(.data)
    usart2_buffer_len                        0x20000004   Data           4  main.o(.data)
    r_buffer_len                             0x20000008   Data           4  main.o(.data)
    usart1_ka                                0x2000000c   Data           1  main.o(.data)
    rc                                       0x2000000d   Data           1  main.o(.data)
    sys_ready                                0x2000000e   Data           1  main.o(.data)
    G_ka_num                                 0x2000000f   Data           1  main.o(.data)
    G_cond                                   0x20000010   Data           1  main.o(.data)
    G_led_download                           0x20000011   Data           1  main.o(.data)
    audioplay                                0x20000012   Data           1  main.o(.data)
    time                                     0x20000014   Data           2  main.o(.data)
    POINT_COLOR                              0x20000018   Data           2  lcd.o(.data)
    BACK_COLOR                               0x2000001a   Data           2  lcd.o(.data)
    FLASH_SIZE                               0x2000001c   Data           4  lcd.o(.data)
    i2s_tx_callback                          0x20000020   Data           4  i2s.o(.data)
    TransferError                            0x2000002e   Data           1  sdio_sdcard.o(.data)
    TransferEnd                              0x2000002f   Data           1  sdio_sdcard.o(.data)
    tempbuff                                 0x20000030   Data           4  sdio_sdcard.o(.data)
    W25QXX_TYPE                              0x200000a8   Data           2  w25qxx.o(.data)
    adcx                                     0x200000aa   Data           2  adc.o(.data)
    i                                        0x200000ac   Data           2  adc.o(.data)
    j                                        0x200000ae   Data           1  power .o(.data)
    state                                    0x200000b4   Data           1  usart.o(.data)
    u1_ka_num                                0x200000b5   Data           1  usart.o(.data)
    flag_Ka                                  0x200000b6   Data           1  usart.o(.data)
    run                                      0x200000b7   Data           1  usart.o(.data)
    __stdout                                 0x200000b8   Data           4  usart.o(.data)
    USART2_RX_STA                            0x200000bc   Data           2  usart2.o(.data)
    H1                                       0x200000be   Data           2  data.o(.data)
    H0                                       0x200000c0   Data           2  data.o(.data)
    H2                                       0x200000c2   Data           2  data.o(.data)
    H3                                       0x200000c4   Data           2  data.o(.data)
    H4                                       0x200000c6   Data           2  data.o(.data)
    H5                                       0x200000c8   Data           2  data.o(.data)
    H6                                       0x200000ca   Data           2  data.o(.data)
    H7                                       0x200000cc   Data           2  data.o(.data)
    S1                                       0x200000ce   Data           2  data.o(.data)
    S2                                       0x200000d0   Data           2  data.o(.data)
    S3                                       0x200000d2   Data           2  data.o(.data)
    S4                                       0x200000d4   Data           2  data.o(.data)
    mallco_dev                               0x200000e8   Data          36  malloc.o(.data)
    usmart_nametab                           0x2000010c   Data         104  usmart_config.o(.data)
    usmart_dev                               0x20000174   Data         244  usmart_config.o(.data)
    FLASH_SECTOR_COUNT                       0x20000268   Data           2  diskio.o(.data)
    file                                     0x2000026c   Data           4  exfuns.o(.data)
    ftemp                                    0x20000270   Data           4  exfuns.o(.data)
    br                                       0x20000274   Data           4  exfuns.o(.data)
    bw                                       0x20000278   Data           4  exfuns.o(.data)
    fatbuf                                   0x2000027c   Data           4  exfuns.o(.data)
    wavtransferend                           0x20000280   Data           1  wavplay.o(.data)
    wavwitchbuf                              0x20000281   Data           1  wavplay.o(.data)
    addflag                                  0x20000284   Data           4  wavplay.o(.data)
    play_mun                                 0x20000288   Data           1  audioplay.o(.data)
    usart1_buffer_data                       0x2000028c   Data         240  main.o(.bss)
    usart2_buffer_data                       0x2000037c   Data          40  main.o(.bss)
    r_buffer_data                            0x200003a4   Data          12  main.o(.bss)
    lcddev                                   0x200003b0   Data          14  lcd.o(.bss)
    lcd_id                                   0x200003be   Data          12  lcd.o(.bss)
    SDIO_InitStructure                       0x200003d0   Data          24  sdio_sdcard.o(.bss)
    SDIO_CmdInitStructure                    0x200003e8   Data          20  sdio_sdcard.o(.bss)
    SDIO_DataInitStructure                   0x200003fc   Data          24  sdio_sdcard.o(.bss)
    SDCardInfo                               0x20000438   Data          88  sdio_sdcard.o(.bss)
    SDIO_DATA_BUFFER                         0x20000490   Data         512  sdio_sdcard.o(.bss)
    W25QXX_BUFFER                            0x20000690   Data        4096  w25qxx.o(.bss)
    USART2_TX_BUF                            0x20001690   Data         400  usart2.o(.bss)
    USART2_RX_BUF                            0x20001820   Data         400  usart2.o(.bss)
    mem1base                                 0x200019c0   Data       102400  malloc.o(.bss)
    mem1mapbase                              0x2001a9c0   Data        6400  malloc.o(.bss)
    fs                                       0x2001c2c0   Data          12  exfuns.o(.bss)
    fileinfo                                 0x2001c2cc   Data          32  exfuns.o(.bss)
    dir                                      0x2001c2ec   Data          36  exfuns.o(.bss)
    wavctrl                                  0x2001c310   Data          32  wavplay.o(.bss)
    Buffer                                   0x2001c330   Data        8192  wavplay.o(.bss)
    audiodev                                 0x2001e330   Data          17  audioplay.o(.bss)
    __libspace_start                         0x2001e344   Data          96  libspace.o(.bss)
    __temporary_stack_top$libspace           0x2001e3a4   Data           0  libspace.o(.bss)
    mem2base                                 0x68000000   Data       983040  malloc.o(.ARM.__AT_0x68000000)
    mem2mapbase                              0x680f0000   Data       61440  malloc.o(.ARM.__AT_0x680F0000)



==============================================================================

Memory Map of the image

  Image Entry point : 0x08000189

  Load Region LR_IROM1 (Base: 0x08000000, Size: 0x0000f6a0, Max: 0x00080000, ABSOLUTE, COMPRESSED[0x0000f4f8])

    Execution Region ER_IROM1 (Base: 0x08000000, Size: 0x0000f414, Max: 0x00080000, ABSOLUTE)

    Base Addr    Size         Type   Attr      Idx    E Section Name        Object

    0x08000000   0x00000188   Data   RO         1731    RESET               startup_stm32f40_41xxx.o
    0x08000188   0x00000008   Code   RO         5664  * !!!main             c_w.l(__main.o)
    0x08000190   0x00000034   Code   RO         5849    !!!scatter          c_w.l(__scatter.o)
    0x080001c4   0x0000005a   Code   RO         5847    !!dczerorl2         c_w.l(__dczerorl2.o)
    0x0800021e   0x00000002   PAD
    0x08000220   0x0000001c   Code   RO         5851    !!handler_zi        c_w.l(__scatter_zi.o)
    0x0800023c   0x00000000   Code   RO         5651    .ARM.Collect$$_printf_percent$$00000000  c_w.l(_printf_percent.o)
    0x0800023c   0x00000006   Code   RO         5649    .ARM.Collect$$_printf_percent$$00000009  c_w.l(_printf_d.o)
    0x08000242   0x00000006   Code   RO         5650    .ARM.Collect$$_printf_percent$$0000000A  c_w.l(_printf_u.o)
    0x08000248   0x00000006   Code   RO         5648    .ARM.Collect$$_printf_percent$$0000000C  c_w.l(_printf_x.o)
    0x0800024e   0x00000006   Code   RO         5646    .ARM.Collect$$_printf_percent$$00000013  c_w.l(_printf_c.o)
    0x08000254   0x00000006   Code   RO         5647    .ARM.Collect$$_printf_percent$$00000014  c_w.l(_printf_s.o)
    0x0800025a   0x00000004   Code   RO         5677    .ARM.Collect$$_printf_percent$$00000017  c_w.l(_printf_percent_end.o)
    0x0800025e   0x00000002   Code   RO         5718    .ARM.Collect$$libinit$$00000000  c_w.l(libinit.o)
    0x08000260   0x00000004   Code   RO         5728    .ARM.Collect$$libinit$$00000001  c_w.l(libinit2.o)
    0x08000264   0x00000000   Code   RO         5731    .ARM.Collect$$libinit$$00000004  c_w.l(libinit2.o)
    0x08000264   0x00000000   Code   RO         5734    .ARM.Collect$$libinit$$0000000A  c_w.l(libinit2.o)
    0x08000264   0x00000000   Code   RO         5736    .ARM.Collect$$libinit$$0000000C  c_w.l(libinit2.o)
    0x08000264   0x00000000   Code   RO         5738    .ARM.Collect$$libinit$$0000000E  c_w.l(libinit2.o)
    0x08000264   0x00000000   Code   RO         5741    .ARM.Collect$$libinit$$00000011  c_w.l(libinit2.o)
    0x08000264   0x00000000   Code   RO         5743    .ARM.Collect$$libinit$$00000013  c_w.l(libinit2.o)
    0x08000264   0x00000000   Code   RO         5745    .ARM.Collect$$libinit$$00000015  c_w.l(libinit2.o)
    0x08000264   0x00000000   Code   RO         5747    .ARM.Collect$$libinit$$00000017  c_w.l(libinit2.o)
    0x08000264   0x00000000   Code   RO         5749    .ARM.Collect$$libinit$$00000019  c_w.l(libinit2.o)
    0x08000264   0x00000000   Code   RO         5751    .ARM.Collect$$libinit$$0000001B  c_w.l(libinit2.o)
    0x08000264   0x00000000   Code   RO         5753    .ARM.Collect$$libinit$$0000001D  c_w.l(libinit2.o)
    0x08000264   0x00000000   Code   RO         5755    .ARM.Collect$$libinit$$0000001F  c_w.l(libinit2.o)
    0x08000264   0x00000000   Code   RO         5757    .ARM.Collect$$libinit$$00000021  c_w.l(libinit2.o)
    0x08000264   0x00000000   Code   RO         5759    .ARM.Collect$$libinit$$00000023  c_w.l(libinit2.o)
    0x08000264   0x00000000   Code   RO         5761    .ARM.Collect$$libinit$$00000025  c_w.l(libinit2.o)
    0x08000264   0x00000000   Code   RO         5765    .ARM.Collect$$libinit$$0000002C  c_w.l(libinit2.o)
    0x08000264   0x00000000   Code   RO         5767    .ARM.Collect$$libinit$$0000002E  c_w.l(libinit2.o)
    0x08000264   0x00000000   Code   RO         5769    .ARM.Collect$$libinit$$00000030  c_w.l(libinit2.o)
    0x08000264   0x00000000   Code   RO         5771    .ARM.Collect$$libinit$$00000032  c_w.l(libinit2.o)
    0x08000264   0x00000002   Code   RO         5772    .ARM.Collect$$libinit$$00000033  c_w.l(libinit2.o)
    0x08000266   0x00000002   Code   RO         5800    .ARM.Collect$$libshutdown$$00000000  c_w.l(libshutdown.o)
    0x08000268   0x00000000   Code   RO         5815    .ARM.Collect$$libshutdown$$00000003  c_w.l(libshutdown2.o)
    0x08000268   0x00000000   Code   RO         5818    .ARM.Collect$$libshutdown$$00000006  c_w.l(libshutdown2.o)
    0x08000268   0x00000000   Code   RO         5821    .ARM.Collect$$libshutdown$$00000009  c_w.l(libshutdown2.o)
    0x08000268   0x00000000   Code   RO         5823    .ARM.Collect$$libshutdown$$0000000B  c_w.l(libshutdown2.o)
    0x08000268   0x00000000   Code   RO         5826    .ARM.Collect$$libshutdown$$0000000E  c_w.l(libshutdown2.o)
    0x08000268   0x00000002   Code   RO         5827    .ARM.Collect$$libshutdown$$0000000F  c_w.l(libshutdown2.o)
    0x0800026a   0x00000000   Code   RO         5668    .ARM.Collect$$rtentry$$00000000  c_w.l(__rtentry.o)
    0x0800026a   0x00000000   Code   RO         5681    .ARM.Collect$$rtentry$$00000002  c_w.l(__rtentry2.o)
    0x0800026a   0x00000006   Code   RO         5693    .ARM.Collect$$rtentry$$00000004  c_w.l(__rtentry4.o)
    0x08000270   0x00000000   Code   RO         5683    .ARM.Collect$$rtentry$$00000009  c_w.l(__rtentry2.o)
    0x08000270   0x00000004   Code   RO         5684    .ARM.Collect$$rtentry$$0000000A  c_w.l(__rtentry2.o)
    0x08000274   0x00000000   Code   RO         5686    .ARM.Collect$$rtentry$$0000000C  c_w.l(__rtentry2.o)
    0x08000274   0x00000008   Code   RO         5687    .ARM.Collect$$rtentry$$0000000D  c_w.l(__rtentry2.o)
    0x0800027c   0x00000002   Code   RO         5722    .ARM.Collect$$rtexit$$00000000  c_w.l(rtexit.o)
    0x0800027e   0x00000000   Code   RO         5774    .ARM.Collect$$rtexit$$00000002  c_w.l(rtexit2.o)
    0x0800027e   0x00000004   Code   RO         5775    .ARM.Collect$$rtexit$$00000003  c_w.l(rtexit2.o)
    0x08000282   0x00000006   Code   RO         5776    .ARM.Collect$$rtexit$$00000004  c_w.l(rtexit2.o)
    0x08000288   0x00000010   Code   RO         1441    .emb_text           sys.o
    0x08000298   0x00000040   Code   RO         1732    .text               startup_stm32f40_41xxx.o
    0x080002d8   0x00000002   Code   RO         5589    .text               c_w.l(use_no_semi_2.o)
    0x080002da   0x00000048   Code   RO         5591    .text               c_w.l(llsdiv.o)
    0x08000322   0x00000002   PAD
    0x08000324   0x00000018   Code   RO         5595    .text               c_w.l(noretval__2printf.o)
    0x0800033c   0x0000004e   Code   RO         5599    .text               c_w.l(_printf_pad.o)
    0x0800038a   0x00000052   Code   RO         5601    .text               c_w.l(_printf_str.o)
    0x080003dc   0x00000078   Code   RO         5603    .text               c_w.l(_printf_dec.o)
    0x08000454   0x00000058   Code   RO         5608    .text               c_w.l(_printf_hex_int.o)
    0x080004ac   0x00000188   Code   RO         5643    .text               c_w.l(__printf_flags_ss_wp.o)
    0x08000634   0x0000008a   Code   RO         5658    .text               c_w.l(rt_memcpy_v6.o)
    0x080006be   0x00000006   Code   RO         5662    .text               c_w.l(heapauxi.o)
    0x080006c4   0x00000002   Code   RO         5666    .text               c_w.l(use_no_semi.o)
    0x080006c6   0x000000ee   Code   RO         5669    .text               c_w.l(lludivv7m.o)
    0x080007b4   0x000000b2   Code   RO         5671    .text               c_w.l(_printf_intcommon.o)
    0x08000866   0x0000002c   Code   RO         5673    .text               c_w.l(_printf_char.o)
    0x08000892   0x00000002   PAD
    0x08000894   0x00000024   Code   RO         5675    .text               c_w.l(_printf_char_file.o)
    0x080008b8   0x00000064   Code   RO         5678    .text               c_w.l(rt_memcpy_w.o)
    0x0800091c   0x00000030   Code   RO         5699    .text               c_w.l(_printf_char_common.o)
    0x0800094c   0x00000008   Code   RO         5701    .text               c_w.l(ferror.o)
    0x08000954   0x0000004a   Code   RO         5705    .text               c_w.l(sys_stackheap_outer.o)
    0x0800099e   0x0000000c   Code   RO         5711    .text               c_w.l(exit.o)
    0x080009aa   0x00000002   PAD
    0x080009ac   0x00000008   Code   RO         5719    .text               c_w.l(libspace.o)
    0x080009b4   0x00000016   Code   RO         4181    i.ADC_Cmd           stm32f4xx_adc.o
    0x080009ca   0x00000002   PAD
    0x080009cc   0x00000030   Code   RO         4182    i.ADC_CommonInit    stm32f4xx_adc.o
    0x080009fc   0x00000008   Code   RO         4193    i.ADC_GetConversionValue  stm32f4xx_adc.o
    0x08000a04   0x00000012   Code   RO         4194    i.ADC_GetFlagStatus  stm32f4xx_adc.o
    0x08000a16   0x00000002   PAD
    0x08000a18   0x00000054   Code   RO         4201    i.ADC_Init          stm32f4xx_adc.o
    0x08000a6c   0x000000b8   Code   RO         4206    i.ADC_RegularChannelConfig  stm32f4xx_adc.o
    0x08000b24   0x0000000a   Code   RO         4208    i.ADC_SoftwareStartConv  stm32f4xx_adc.o
    0x08000b2e   0x00000002   PAD
    0x08000b30   0x00000084   Code   RO         1310    i.Adc_Init          adc.o
    0x08000bb4   0x0000005a   Code   RO          455    i.BlockWrite        lcd.o
    0x08000c0e   0x00000004   Code   RO          229    i.BusFault_Handler  stm32f4xx_it.o
    0x08000c12   0x00000002   PAD
    0x08000c14   0x00000038   Code   RO         1271    i.Check_WKUP        wkup.o
    0x08000c4c   0x00000030   Code   RO          721    i.CmdError          sdio_sdcard.o
    0x08000c7c   0x00000064   Code   RO          722    i.CmdResp1Error     sdio_sdcard.o
    0x08000ce0   0x00000054   Code   RO          723    i.CmdResp2Error     sdio_sdcard.o
    0x08000d34   0x00000038   Code   RO          724    i.CmdResp3Error     sdio_sdcard.o
    0x08000d6c   0x00000094   Code   RO          725    i.CmdResp6Error     sdio_sdcard.o
    0x08000e00   0x0000004c   Code   RO          726    i.CmdResp7Error     sdio_sdcard.o
    0x08000e4c   0x0000002c   Code   RO          598    i.DMA1_Stream5_IRQHandler  i2s.o
    0x08000e78   0x00000034   Code   RO         3510    i.DMA_ClearITPendingBit  stm32f4xx_dma.o
    0x08000eac   0x00000016   Code   RO         3511    i.DMA_Cmd           stm32f4xx_dma.o
    0x08000ec2   0x00000002   PAD
    0x08000ec4   0x00000158   Code   RO         3512    i.DMA_DeInit        stm32f4xx_dma.o
    0x0800101c   0x00000016   Code   RO         3513    i.DMA_DoubleBufferModeCmd  stm32f4xx_dma.o
    0x08001032   0x00000018   Code   RO         3514    i.DMA_DoubleBufferModeConfig  stm32f4xx_dma.o
    0x0800104a   0x00000016   Code   RO         3515    i.DMA_FlowControllerConfig  stm32f4xx_dma.o
    0x08001060   0x00000014   Code   RO         3516    i.DMA_GetCmdStatus  stm32f4xx_dma.o
    0x08001074   0x00000064   Code   RO         3521    i.DMA_GetITStatus   stm32f4xx_dma.o
    0x080010d8   0x0000003a   Code   RO         3522    i.DMA_ITConfig      stm32f4xx_dma.o
    0x08001112   0x00000002   PAD
    0x08001114   0x00000058   Code   RO         3523    i.DMA_Init          stm32f4xx_dma.o
    0x0800116c   0x00000020   Code   RO         1462    i.Data_Clear        usart.o
    0x0800118c   0x00000002   Code   RO          230    i.DebugMon_Handler  stm32f4xx_it.o
    0x0800118e   0x00000002   PAD
    0x08001190   0x00000088   Code   RO          456    i.DisplayPicture    lcd.o
    0x08001218   0x00000024   Code   RO         1272    i.EXTI0_IRQHandler  wkup.o
    0x0800123c   0x0000000c   Code   RO         3992    i.EXTI_ClearITPendingBit  stm32f4xx_exti.o
    0x08001248   0x00000094   Code   RO         3997    i.EXTI_Init         stm32f4xx_exti.o
    0x080012dc   0x00000034   Code   RO         3031    i.FSMC_NORSRAMCmd   stm32f4xx_fsmc.o
    0x08001310   0x000000e6   Code   RO         3033    i.FSMC_NORSRAMInit  stm32f4xx_fsmc.o
    0x080013f6   0x00000002   PAD
    0x080013f8   0x00000194   Code   RO          727    i.FindSCR           sdio_sdcard.o
    0x0800158c   0x00000090   Code   RO         1783    i.GPIO_Init         stm32f4xx_gpio.o
    0x0800161c   0x00000046   Code   RO         1784    i.GPIO_PinAFConfig  stm32f4xx_gpio.o
    0x08001662   0x00000012   Code   RO         1787    i.GPIO_ReadInputDataBit  stm32f4xx_gpio.o
    0x08001674   0x00000004   Code   RO         1790    i.GPIO_ResetBits    stm32f4xx_gpio.o
    0x08001678   0x00000004   Code   RO         1791    i.GPIO_SetBits      stm32f4xx_gpio.o
    0x0800167c   0x00000030   Code   RO         1311    i.Get_Adc           adc.o
    0x080016ac   0x0000002e   Code   RO         1312    i.Get_Adc_Average   adc.o
    0x080016da   0x00000004   Code   RO          231    i.HardFault_Handler  stm32f4xx_it.o
    0x080016de   0x00000002   PAD
    0x080016e0   0x00000064   Code   RO          599    i.I2S2_Init         i2s.o
    0x08001744   0x000000ac   Code   RO          600    i.I2S2_SampleRate_Set  i2s.o
    0x080017f0   0x000000a4   Code   RO          601    i.I2S2_TX_DMA_Init  i2s.o
    0x08001894   0x00000018   Code   RO         3151    i.I2S_Cmd           stm32f4xx_spi.o
    0x080018ac   0x00000198   Code   RO         3153    i.I2S_Init          stm32f4xx_spi.o
    0x08001a44   0x00000010   Code   RO          602    i.I2S_Play_Start    i2s.o
    0x08001a54   0x00000010   Code   RO          603    i.I2S_Play_Stop     i2s.o
    0x08001a64   0x0000004c   Code   RO          657    i.IIC_Init          myiic.o
    0x08001ab0   0x00000068   Code   RO          660    i.IIC_Send_Byte     myiic.o
    0x08001b18   0x0000004c   Code   RO          661    i.IIC_Start         myiic.o
    0x08001b64   0x0000004c   Code   RO          662    i.IIC_Stop          myiic.o
    0x08001bb0   0x00000060   Code   RO          663    i.IIC_Wait_Ack      myiic.o
    0x08001c10   0x00000038   Code   RO          457    i.ILI9225G_Rst      lcd.o
    0x08001c48   0x00000010   Code   RO         4417    i.IWDG_Enable       stm32f4xx_iwdg.o
    0x08001c58   0x00000008   Code   RO         1351    i.IWDG_Feed         iwdg.o
    0x08001c60   0x00000024   Code   RO         1352    i.IWDG_Init         iwdg.o
    0x08001c84   0x00000010   Code   RO         4419    i.IWDG_ReloadCounter  stm32f4xx_iwdg.o
    0x08001c94   0x0000000c   Code   RO         4420    i.IWDG_SetPrescaler  stm32f4xx_iwdg.o
    0x08001ca0   0x0000000c   Code   RO         4421    i.IWDG_SetReload    stm32f4xx_iwdg.o
    0x08001cac   0x0000000c   Code   RO         4422    i.IWDG_WriteAccessCmd  stm32f4xx_iwdg.o
    0x08001cb8   0x000000a0   Code   RO          728    i.IsCardProgramming  sdio_sdcard.o
    0x08001d58   0x00000074   Code   RO          399    i.KEY_Init          key.o
    0x08001dcc   0x00000060   Code   RO          459    i.LCD_Display       lcd.o
    0x08001e2c   0x00000248   Code   RO          460    i.LCD_DisplayJiuGongGe  lcd.o
    0x08002074   0x00000018   Code   RO          461    i.LCD_Fast_DrawPoint  lcd.o
    0x0800208c   0x000003c4   Code   RO          463    i.LCD_Init          lcd.o
    0x08002450   0x00000018   Code   RO          464    i.LCD_RD_DATA       lcd.o
    0x08002468   0x00000020   Code   RO          465    i.LCD_Set           lcd.o
    0x08002488   0x00000056   Code   RO          466    i.LCD_SetCursor     lcd.o
    0x080024de   0x00000002   PAD
    0x080024e0   0x00000128   Code   RO          467    i.LCD_ShowChar      lcd.o
    0x08002608   0x00000066   Code   RO          468    i.LCD_ShowString    lcd.o
    0x0800266e   0x00000002   PAD
    0x08002670   0x00000010   Code   RO          469    i.LCD_WR_DATA       lcd.o
    0x08002680   0x00000018   Code   RO          470    i.LCD_WR_REG        lcd.o
    0x08002698   0x00000010   Code   RO          471    i.LCD_WriteRAM      lcd.o
    0x080026a8   0x00000018   Code   RO          472    i.LCD_WriteReg      lcd.o
    0x080026c0   0x0000007c   Code   RO          364    i.LED_Init          led.o
    0x0800273c   0x00000004   Code   RO          232    i.MemManage_Handler  stm32f4xx_it.o
    0x08002740   0x00000002   Code   RO          233    i.NMI_Handler       stm32f4xx_it.o
    0x08002742   0x00000002   PAD
    0x08002744   0x00000078   Code   RO         1738    i.NVIC_Init         misc.o
    0x080027bc   0x00000014   Code   RO         1739    i.NVIC_PriorityGroupConfig  misc.o
    0x080027d0   0x00000054   Code   RO         1575    i.OUT1NO            data.o
    0x08002824   0x00000054   Code   RO         1576    i.OUT1OFF           data.o
    0x08002878   0x00000054   Code   RO         1577    i.OUT1ON            data.o
    0x080028cc   0x00000054   Code   RO         1578    i.OUT2NO            data.o
    0x08002920   0x00000054   Code   RO         1579    i.OUT2OFF           data.o
    0x08002974   0x00000054   Code   RO         1580    i.OUT2ON            data.o
    0x080029c8   0x00000054   Code   RO         1581    i.OUT3NO            data.o
    0x08002a1c   0x00000054   Code   RO         1582    i.OUT3OFF           data.o
    0x08002a70   0x00000054   Code   RO         1583    i.OUT3ON            data.o
    0x08002ac4   0x00000050   Code   RO         1584    i.OUT4NO            data.o
    0x08002b14   0x00000064   Code   RO         1585    i.OUT4OFF           data.o
    0x08002b78   0x00000064   Code   RO         1586    i.OUT4ON            data.o
    0x08002bdc   0x0000000c   Code   RO         4053    i.PWR_BackupAccessCmd  stm32f4xx_pwr.o
    0x08002be8   0x00000014   Code   RO         4055    i.PWR_ClearFlag     stm32f4xx_pwr.o
    0x08002bfc   0x00000028   Code   RO         4057    i.PWR_EnterSTANDBYMode  stm32f4xx_pwr.o
    0x08002c24   0x0000000c   Code   RO         4070    i.PWR_WakeUpPinCmd  stm32f4xx_pwr.o
    0x08002c30   0x00000002   Code   RO          234    i.PendSV_Handler    stm32f4xx_it.o
    0x08002c32   0x00000002   PAD
    0x08002c34   0x00000020   Code   RO         1880    i.RCC_AHB1PeriphClockCmd  stm32f4xx_rcc.o
    0x08002c54   0x00000020   Code   RO         1882    i.RCC_AHB1PeriphResetCmd  stm32f4xx_rcc.o
    0x08002c74   0x00000020   Code   RO         1886    i.RCC_AHB3PeriphClockCmd  stm32f4xx_rcc.o
    0x08002c94   0x00000020   Code   RO         1889    i.RCC_APB1PeriphClockCmd  stm32f4xx_rcc.o
    0x08002cb4   0x00000020   Code   RO         1891    i.RCC_APB1PeriphResetCmd  stm32f4xx_rcc.o
    0x08002cd4   0x00000020   Code   RO         1892    i.RCC_APB2PeriphClockCmd  stm32f4xx_rcc.o
    0x08002cf4   0x00000020   Code   RO         1894    i.RCC_APB2PeriphResetCmd  stm32f4xx_rcc.o
    0x08002d14   0x000000e8   Code   RO         1901    i.RCC_GetClocksFreq  stm32f4xx_rcc.o
    0x08002dfc   0x0000000c   Code   RO         1920    i.RCC_PLLI2SCmd     stm32f4xx_rcc.o
    0x08002e08   0x00000010   Code   RO         1921    i.RCC_PLLI2SConfig  stm32f4xx_rcc.o
    0x08002e18   0x00000020   Code   RO         3646    i.RTC_ClearITPendingBit  stm32f4xx_rtc.o
    0x08002e38   0x00000064   Code   RO         3665    i.RTC_ITConfig      stm32f4xx_rtc.o
    0x08002e9c   0x000000ac   Code   RO          729    i.SDEnWideBus       sdio_sdcard.o
    0x08002f48   0x0000000c   Code   RO         3316    i.SDIO_ClearFlag    stm32f4xx_sdio.o
    0x08002f54   0x00000014   Code   RO          730    i.SDIO_Clock_Set    sdio_sdcard.o
    0x08002f68   0x00000034   Code   RO         3322    i.SDIO_DataConfig   stm32f4xx_sdio.o
    0x08002f9c   0x00000018   Code   RO         3328    i.SDIO_GetFlagStatus  stm32f4xx_sdio.o
    0x08002fb4   0x00000010   Code   RO         3330    i.SDIO_GetPowerState  stm32f4xx_sdio.o
    0x08002fc4   0x00000008   Code   RO          731    i.SDIO_IRQHandler   sdio_sdcard.o
    0x08002fcc   0x00000030   Code   RO         3333    i.SDIO_Init         stm32f4xx_sdio.o
    0x08002ffc   0x00000038   Code   RO          732    i.SDIO_Register_Deinit  sdio_sdcard.o
    0x08003034   0x0000002c   Code   RO         3336    i.SDIO_SendCommand  stm32f4xx_sdio.o
    0x08003060   0x0000000c   Code   RO         3338    i.SDIO_SetPowerState  stm32f4xx_sdio.o
    0x0800306c   0x00000080   Code   RO          733    i.SD_DMA_Config     sdio_sdcard.o
    0x080030ec   0x00000068   Code   RO          734    i.SD_EnableWideBusOperation  sdio_sdcard.o
    0x08003154   0x00000314   Code   RO          735    i.SD_GetCardInfo    sdio_sdcard.o
    0x08003468   0x00000130   Code   RO          737    i.SD_Init           sdio_sdcard.o
    0x08003598   0x00000164   Code   RO          738    i.SD_InitializeCards  sdio_sdcard.o
    0x080036fc   0x000001e4   Code   RO          740    i.SD_PowerON        sdio_sdcard.o
    0x080038e0   0x00000154   Code   RO          741    i.SD_ProcessIRQSrc  sdio_sdcard.o
    0x08003a34   0x00000268   Code   RO          742    i.SD_ReadBlock      sdio_sdcard.o
    0x08003c9c   0x00000098   Code   RO          743    i.SD_ReadDisk       sdio_sdcard.o
    0x08003d34   0x000002f4   Code   RO          744    i.SD_ReadMultiBlocks  sdio_sdcard.o
    0x08004028   0x00000030   Code   RO          745    i.SD_SelectDeselect  sdio_sdcard.o
    0x08004058   0x00000018   Code   RO          747    i.SD_SetDeviceMode  sdio_sdcard.o
    0x08004070   0x00000388   Code   RO          748    i.SD_WriteBlock     sdio_sdcard.o
    0x080043f8   0x00000098   Code   RO          749    i.SD_WriteDisk      sdio_sdcard.o
    0x08004490   0x000003d0   Code   RO          750    i.SD_WriteMultiBlocks  sdio_sdcard.o
    0x08004860   0x000000c4   Code   RO          935    i.SPI2_Init         spi.o
    0x08004924   0x00000038   Code   RO          936    i.SPI2_ReadWriteByte  spi.o
    0x0800495c   0x00000028   Code   RO          937    i.SPI2_SetSpeed     spi.o
    0x08004984   0x00000018   Code   RO         3157    i.SPI_Cmd           stm32f4xx_spi.o
    0x0800499c   0x00000012   Code   RO         3163    i.SPI_I2S_DMACmd    stm32f4xx_spi.o
    0x080049ae   0x00000012   Code   RO         3165    i.SPI_I2S_GetFlagStatus  stm32f4xx_spi.o
    0x080049c0   0x00000006   Code   RO         3168    i.SPI_I2S_ReceiveData  stm32f4xx_spi.o
    0x080049c6   0x00000004   Code   RO         3169    i.SPI_I2S_SendData  stm32f4xx_spi.o
    0x080049ca   0x0000003c   Code   RO         3170    i.SPI_Init          stm32f4xx_spi.o
    0x08004a06   0x00000002   Code   RO          235    i.SVC_Handler       stm32f4xx_it.o
    0x08004a08   0x00000040   Code   RO         2405    i.SYSCFG_EXTILineConfig  stm32f4xx_syscfg.o
    0x08004a48   0x000000ec   Code   RO          327    i.SetSysClock       system_stm32f4xx.o
    0x08004b34   0x00000028   Code   RO         1742    i.SysTick_CLKSourceConfig  misc.o
    0x08004b5c   0x00000002   Code   RO          236    i.SysTick_Handler   stm32f4xx_it.o
    0x08004b5e   0x00000002   PAD
    0x08004b60   0x0000005c   Code   RO         1273    i.Sys_Enter_Standby  wkup.o
    0x08004bbc   0x00000068   Code   RO          329    i.SystemInit        system_stm32f4xx.o
    0x08004c24   0x000000f0   Code   RO          429    i.TIM3_PWM_Init     pwm.o
    0x08004d14   0x00000038   Code   RO         4547    i.TIM4_IRQHandler   usmart.o
    0x08004d4c   0x000001a4   Code   RO          430    i.TIM4_PWM_Init     pwm.o
    0x08004ef0   0x00000018   Code   RO         2462    i.TIM_ARRPreloadConfig  stm32f4xx_tim.o
    0x08004f08   0x00000006   Code   RO         2468    i.TIM_ClearFlag     stm32f4xx_tim.o
    0x08004f0e   0x00000006   Code   RO         2469    i.TIM_ClearITPendingBit  stm32f4xx_tim.o
    0x08004f14   0x00000018   Code   RO         2474    i.TIM_Cmd           stm32f4xx_tim.o
    0x08004f2c   0x00000006   Code   RO         2493    i.TIM_GetCounter    stm32f4xx_tim.o
    0x08004f32   0x00000012   Code   RO         2494    i.TIM_GetFlagStatus  stm32f4xx_tim.o
    0x08004f44   0x00000022   Code   RO         2495    i.TIM_GetITStatus   stm32f4xx_tim.o
    0x08004f66   0x00000012   Code   RO         2499    i.TIM_ITConfig      stm32f4xx_tim.o
    0x08004f78   0x0000007c   Code   RO         2503    i.TIM_OC1Init       stm32f4xx_tim.o
    0x08004ff4   0x00000012   Code   RO         2506    i.TIM_OC1PreloadConfig  stm32f4xx_tim.o
    0x08005006   0x00000002   PAD
    0x08005008   0x000000a4   Code   RO         2508    i.TIM_OC2Init       stm32f4xx_tim.o
    0x080050ac   0x0000001a   Code   RO         2511    i.TIM_OC2PreloadConfig  stm32f4xx_tim.o
    0x080050c6   0x00000002   PAD
    0x080050c8   0x000000a0   Code   RO         2513    i.TIM_OC3Init       stm32f4xx_tim.o
    0x08005168   0x00000012   Code   RO         2516    i.TIM_OC3PreloadConfig  stm32f4xx_tim.o
    0x0800517a   0x00000002   PAD
    0x0800517c   0x00000078   Code   RO         2518    i.TIM_OC4Init       stm32f4xx_tim.o
    0x080051f4   0x0000001a   Code   RO         2520    i.TIM_OC4PreloadConfig  stm32f4xx_tim.o
    0x0800520e   0x00000004   Code   RO         2534    i.TIM_SetAutoreload  stm32f4xx_tim.o
    0x08005212   0x00000004   Code   RO         2536    i.TIM_SetCompare1   stm32f4xx_tim.o
    0x08005216   0x00000004   Code   RO         2537    i.TIM_SetCompare2   stm32f4xx_tim.o
    0x0800521a   0x00000004   Code   RO         2538    i.TIM_SetCompare3   stm32f4xx_tim.o
    0x0800521e   0x00000004   Code   RO         2539    i.TIM_SetCompare4   stm32f4xx_tim.o
    0x08005222   0x00000004   Code   RO         2540    i.TIM_SetCounter    stm32f4xx_tim.o
    0x08005226   0x00000002   PAD
    0x08005228   0x00000084   Code   RO         2546    i.TIM_TimeBaseInit  stm32f4xx_tim.o
    0x080052ac   0x0000005c   Code   RO         4548    i.Timer4_Init       usmart.o
    0x08005308   0x000000cc   Code   RO         1587    i.UI_IN             data.o
    0x080053d4   0x0000003c   Code   RO         1588    i.UI_IN1            data.o
    0x08005410   0x0000003c   Code   RO         1589    i.UI_IN2            data.o
    0x0800544c   0x0000003c   Code   RO         1590    i.UI_IN3            data.o
    0x08005488   0x0000018c   Code   RO         1592    i.UI_init           data.o
    0x08005614   0x00000368   Code   RO         1463    i.USART1_IRQHandler  usart.o
    0x0800597c   0x00000088   Code   RO         1541    i.USART2_IRQHandler  usart2.o
    0x08005a04   0x00000018   Code   RO         2218    i.USART_Cmd         stm32f4xx_usart.o
    0x08005a1c   0x00000054   Code   RO         2222    i.USART_GetITStatus  stm32f4xx_usart.o
    0x08005a70   0x0000004a   Code   RO         2224    i.USART_ITConfig    stm32f4xx_usart.o
    0x08005aba   0x00000002   PAD
    0x08005abc   0x000000d4   Code   RO         2225    i.USART_Init        stm32f4xx_usart.o
    0x08005b90   0x0000000a   Code   RO         2232    i.USART_ReceiveData  stm32f4xx_usart.o
    0x08005b9a   0x00000004   Code   RO          237    i.UsageFault_Handler  stm32f4xx_it.o
    0x08005b9e   0x00000002   PAD
    0x08005ba0   0x000000d8   Code   RO         1466    i.Usart1Init        usart.o
    0x08005c78   0x000002ec   Code   RO         1313    i.VBAT              adc.o
    0x08005f64   0x00000058   Code   RO         1148    i.W25QXX_Erase_Sector  w25qxx.o
    0x08005fbc   0x00000058   Code   RO         1149    i.W25QXX_Init       w25qxx.o
    0x08006014   0x00000050   Code   RO         1151    i.W25QXX_Read       w25qxx.o
    0x08006064   0x00000048   Code   RO         1152    i.W25QXX_ReadID     w25qxx.o
    0x080060ac   0x0000002c   Code   RO         1153    i.W25QXX_ReadSR     w25qxx.o
    0x080060d8   0x00000044   Code   RO         1154    i.W25QXX_Read_Dyte  w25qxx.o
    0x0800611c   0x00000050   Code   RO         1155    i.W25QXX_Read_Num   w25qxx.o
    0x0800616c   0x00000012   Code   RO         1157    i.W25QXX_Wait_Busy  w25qxx.o
    0x0800617e   0x00000002   PAD
    0x08006180   0x000000b8   Code   RO         1158    i.W25QXX_Write      w25qxx.o
    0x08006238   0x00000020   Code   RO         1160    i.W25QXX_Write_Enable  w25qxx.o
    0x08006258   0x00000046   Code   RO         1161    i.W25QXX_Write_NoCheck  w25qxx.o
    0x0800629e   0x00000002   PAD
    0x080062a0   0x00000054   Code   RO         1162    i.W25QXX_Write_Page  w25qxx.o
    0x080062f4   0x00000080   Code   RO         1274    i.WKUP_Init         wkup.o
    0x08006374   0x00000012   Code   RO         1017    i.WM8978_3D_Set     wm8978.o
    0x08006386   0x00000040   Code   RO         1018    i.WM8978_ADDA_Cfg   wm8978.o
    0x080063c6   0x00000036   Code   RO         1019    i.WM8978_AUX_Gain   wm8978.o
    0x080063fc   0x00000032   Code   RO         1020    i.WM8978_EQ1_Set    wm8978.o
    0x0800642e   0x00000028   Code   RO         1021    i.WM8978_EQ2_Set    wm8978.o
    0x08006456   0x00000028   Code   RO         1022    i.WM8978_EQ3_Set    wm8978.o
    0x0800647e   0x00000028   Code   RO         1023    i.WM8978_EQ4_Set    wm8978.o
    0x080064a6   0x00000028   Code   RO         1024    i.WM8978_EQ5_Set    wm8978.o
    0x080064ce   0x00000022   Code   RO         1025    i.WM8978_EQ_3D_Dir  wm8978.o
    0x080064f0   0x0000002e   Code   RO         1026    i.WM8978_HPvol_Set  wm8978.o
    0x0800651e   0x0000001c   Code   RO         1027    i.WM8978_I2S_Cfg    wm8978.o
    0x0800653a   0x00000002   PAD
    0x0800653c   0x0000011c   Code   RO         1028    i.WM8978_Init       wm8978.o
    0x08006658   0x00000066   Code   RO         1029    i.WM8978_Input_Cfg  wm8978.o
    0x080066be   0x00000036   Code   RO         1030    i.WM8978_LINEIN_Gain  wm8978.o
    0x080066f4   0x0000002a   Code   RO         1032    i.WM8978_Output_Cfg  wm8978.o
    0x0800671e   0x00000002   PAD
    0x08006720   0x00000010   Code   RO         1033    i.WM8978_Read_Reg   wm8978.o
    0x08006730   0x00000022   Code   RO         1034    i.WM8978_SPKvol_Set  wm8978.o
    0x08006752   0x00000002   PAD
    0x08006754   0x00000054   Code   RO         1035    i.WM8978_Write_Reg  wm8978.o
    0x080067a8   0x0000000e   Code   RO         5636    i._is_digit         c_w.l(__printf_wp.o)
    0x080067b6   0x00000006   Code   RO         1467    i._sys_exit         usart.o
    0x080067bc   0x00000052   Code   RO         5530    i.audio_play        audioplay.o
    0x0800680e   0x00000002   PAD
    0x08006810   0x00000014   Code   RO         5531    i.audio_start       audioplay.o
    0x08006824   0x00000014   Code   RO         5532    i.audio_stop        audioplay.o
    0x08006838   0x0000418c   Code   RO         1593    i.buf_data          data.o
    0x0800a9c4   0x00000012   Code   RO          751    i.convert_from_bytes_to_power_of_two  sdio_sdcard.o
    0x0800a9d6   0x00000002   PAD
    0x0800a9d8   0x0000003c   Code   RO         1400    i.delay_init        delay.o
    0x0800aa14   0x0000004c   Code   RO         1401    i.delay_ms          delay.o
    0x0800aa60   0x0000004c   Code   RO         1402    i.delay_us          delay.o
    0x0800aaac   0x0000004c   Code   RO         1403    i.delay_xms         delay.o
    0x0800aaf8   0x000000b4   Code   RO         4740    i.disk_ioctl        diskio.o
    0x0800abac   0x0000007a   Code   RO         4741    i.disk_read         diskio.o
    0x0800ac26   0x00000006   Code   RO         4742    i.disk_status       diskio.o
    0x0800ac2c   0x0000007a   Code   RO         4743    i.disk_write        diskio.o
    0x0800aca6   0x00000002   PAD
    0x0800aca8   0x00000084   Code   RO         5154    i.exfuns_init       exfuns.o
    0x0800ad2c   0x00000024   Code   RO         4820    i.f_close           ff.o
    0x0800ad50   0x000000b0   Code   RO         4839    i.f_sync            ff.o
    0x0800ae00   0x0000001c   Code   RO         1468    i.fputc             usart.o
    0x0800ae1c   0x00000004   Code   RO         4746    i.get_fattime       diskio.o
    0x0800ae20   0x00000234   Code   RO         1594    i.ka_9              data.o
    0x0800b054   0x00000278   Code   RO         1595    i.ka_A              data.o
    0x0800b2cc   0x00001210   Code   RO         1596    i.ka_H              data.o
    0x0800c4dc   0x000000b4   Code   RO          400    i.key_L             key.o
    0x0800c590   0x000001f0   Code   RO            3    i.main              main.o
    0x0800c780   0x00000014   Code   RO         4854    i.mem_set           ff.o
    0x0800c794   0x00000032   Code   RO         4855    i.move_window       ff.o
    0x0800c7c6   0x00000002   PAD
    0x0800c7c8   0x0000006c   Code   RO         4467    i.my_mem_free       malloc.o
    0x0800c834   0x00000044   Code   RO         4468    i.my_mem_init       malloc.o
    0x0800c878   0x000000a8   Code   RO         4469    i.my_mem_malloc     malloc.o
    0x0800c920   0x00000040   Code   RO         4470    i.my_mem_perused    malloc.o
    0x0800c960   0x00000024   Code   RO         4471    i.myfree            malloc.o
    0x0800c984   0x00000028   Code   RO         4472    i.mymalloc          malloc.o
    0x0800c9ac   0x00000014   Code   RO         4474    i.mymemset          malloc.o
    0x0800c9c0   0x0000005c   Code   RO         1597    i.out_init          data.o
    0x0800ca1c   0x000000a8   Code   RO         1377    i.powe              power .o
    0x0800cac4   0x00000006   Code   RO         4549    i.read_addr         usmart.o
    0x0800caca   0x00000010   Code   RO         4860    i.st_clust          ff.o
    0x0800cada   0x000000c8   Code   RO         4862    i.sync_fs           ff.o
    0x0800cba2   0x0000004c   Code   RO         4863    i.sync_window       ff.o
    0x0800cbee   0x00000002   PAD
    0x0800cbf0   0x000000ac   Code   RO         1542    i.usart2_init       usart2.o
    0x0800cc9c   0x000000b0   Code   RO         4550    i.usmart_cmd_rec    usmart.o
    0x0800cd4c   0x000002d4   Code   RO         4551    i.usmart_exe        usmart.o
    0x0800d020   0x000000c8   Code   RO         4659    i.usmart_get_aparm  usmart_str.o
    0x0800d0e8   0x000001c0   Code   RO         4661    i.usmart_get_fname  usmart_str.o
    0x0800d2a8   0x0000010c   Code   RO         4662    i.usmart_get_fparam  usmart_str.o
    0x0800d3b4   0x00000020   Code   RO         4663    i.usmart_get_parmpos  usmart_str.o
    0x0800d3d4   0x00000044   Code   RO         4552    i.usmart_get_runtime  usmart.o
    0x0800d418   0x00000028   Code   RO         4553    i.usmart_init       usmart.o
    0x0800d440   0x00000016   Code   RO         4664    i.usmart_pow        usmart_str.o
    0x0800d456   0x00000002   PAD
    0x0800d458   0x00000030   Code   RO         4554    i.usmart_reset_runtime  usmart.o
    0x0800d488   0x00000002   Code   RO         4555    i.usmart_scan       usmart.o
    0x0800d48a   0x00000016   Code   RO         4665    i.usmart_search_nextc  usmart_str.o
    0x0800d4a0   0x000000ca   Code   RO         4666    i.usmart_str2num    usmart_str.o
    0x0800d56a   0x00000022   Code   RO         4667    i.usmart_strcmp     usmart_str.o
    0x0800d58c   0x00000016   Code   RO         4668    i.usmart_strcopy    usmart_str.o
    0x0800d5a2   0x00000018   Code   RO         4669    i.usmart_strlen     usmart_str.o
    0x0800d5ba   0x00000036   Code   RO         4864    i.validate          ff.o
    0x0800d5f0   0x000001a0   Code   RO         5470    i.wav_buffill       wavplay.o
    0x0800d790   0x00000034   Code   RO         5471    i.wav_decode_init   wavplay.o
    0x0800d7c4   0x00000070   Code   RO         5473    i.wav_i2s_dma_tx_callback  wavplay.o
    0x0800d834   0x00000154   Code   RO         5474    i.wav_play_song     wavplay.o
    0x0800d988   0x00000004   Code   RO         4557    i.write_addr        usmart.o
    0x0800d98c   0x0000000a   Code   RO         5788    x$fpl$fpinit        fz_wm.l(fpinit.o)
    0x0800d996   0x000017c0   Data   RO          475    .constdata          lcd.o
    0x0800f156   0x0000006e   Data   RO          604    .constdata          i2s.o
    0x0800f1c4   0x00000024   Data   RO         4481    .constdata          malloc.o
    0x0800f1e8   0x00000028   Data   RO         5609    .constdata          c_w.l(_printf_hex_int.o)
    0x0800f210   0x00000011   Data   RO         5644    .constdata          c_w.l(__printf_flags_ss_wp.o)
    0x0800f221   0x00000003   PAD
    0x0800f224   0x000001d0   Data   RO         4638    .conststring        usmart_config.o
    0x0800f3f4   0x00000020   Data   RO         5845    Region$$Table       anon$$obj.o


    Execution Region RW_IRAM1 (Base: 0x20000000, Size: 0x0001e9a8, Max: 0x00020000, ABSOLUTE, COMPRESSED[0x000000e4])

    Base Addr    Size         Type   Attr      Idx    E Section Name        Object

    0x20000000   0x00000016   Data   RW            5    .data               main.o
    0x20000016   0x00000002   PAD
    0x20000018   0x00000008   Data   RW          476    .data               lcd.o
    0x20000020   0x00000004   Data   RW          605    .data               i2s.o
    0x20000024   0x00000010   Data   RW          753    .data               sdio_sdcard.o
    0x20000034   0x00000074   Data   RW         1036    .data               wm8978.o
    0x200000a8   0x00000002   Data   RW         1165    .data               w25qxx.o
    0x200000aa   0x00000004   Data   RW         1314    .data               adc.o
    0x200000ae   0x00000001   Data   RW         1378    .data               power .o
    0x200000af   0x00000001   PAD
    0x200000b0   0x00000004   Data   RW         1404    .data               delay.o
    0x200000b4   0x00000008   Data   RW         1469    .data               usart.o
    0x200000bc   0x00000002   Data   RW         1544    .data               usart2.o
    0x200000be   0x00000018   Data   RW         1598    .data               data.o
    0x200000d6   0x00000010   Data   RW         1933    .data               stm32f4xx_rcc.o
    0x200000e6   0x00000002   PAD
    0x200000e8   0x00000024   Data   RW         4482    .data               malloc.o
    0x2000010c   0x0000015c   Data   RW         4639    .data               usmart_config.o
    0x20000268   0x00000002   Data   RW         4747    .data               diskio.o
    0x2000026a   0x00000002   PAD
    0x2000026c   0x00000014   Data   RW         5159    .data               exfuns.o
    0x20000280   0x00000008   Data   RW         5476    .data               wavplay.o
    0x20000288   0x00000004   Data   RW         5534    .data               audioplay.o
    0x2000028c   0x00000124   Zero   RW            4    .bss                main.o
    0x200003b0   0x0000001a   Zero   RW          474    .bss                lcd.o
    0x200003ca   0x00000006   PAD
    0x200003d0   0x000002c0   Zero   RW          752    .bss                sdio_sdcard.o
    0x20000690   0x00001000   Zero   RW         1164    .bss                w25qxx.o
    0x20001690   0x00000320   Zero   RW         1543    .bss                usart2.o
    0x200019b0   0x00000010   PAD
    0x200019c0   0x0001a900   Zero   RW         4480    .bss                malloc.o
    0x2001c2c0   0x00000050   Zero   RW         5156    .bss                exfuns.o
    0x2001c310   0x00002020   Zero   RW         5475    .bss                wavplay.o
    0x2001e330   0x00000011   Zero   RW         5533    .bss                audioplay.o
    0x2001e341   0x00000003   PAD
    0x2001e344   0x00000060   Zero   RW         5720    .bss                c_w.l(libspace.o)
    0x2001e3a4   0x00000004   PAD
    0x2001e3a8   0x00000200   Zero   RW         1730    HEAP                startup_stm32f40_41xxx.o
    0x2001e5a8   0x00000400   Zero   RW         1729    STACK               startup_stm32f40_41xxx.o



  Load Region LR$$.ARM.__AT_0x10000000 (Base: 0x10000000, Size: 0x00000000, Max: 0x0000f000, ABSOLUTE)

    Execution Region ER$$.ARM.__AT_0x10000000 (Base: 0x10000000, Size: 0x0000f000, Max: 0x0000f000, ABSOLUTE, UNINIT)

    Base Addr    Size         Type   Attr      Idx    E Section Name        Object

    0x10000000   0x0000f000   Zero   RW         4476    .ARM.__AT_0x10000000  malloc.o



  Load Region LR$$.ARM.__AT_0x1000F000 (Base: 0x1000f000, Size: 0x00000000, Max: 0x00000f00, ABSOLUTE)

    Execution Region ER$$.ARM.__AT_0x1000F000 (Base: 0x1000f000, Size: 0x00000f00, Max: 0x00000f00, ABSOLUTE, UNINIT)

    Base Addr    Size         Type   Attr      Idx    E Section Name        Object

    0x1000f000   0x00000f00   Zero   RW         4477    .ARM.__AT_0x1000F000  malloc.o



  Load Region LR$$.ARM.__AT_0x68000000 (Base: 0x68000000, Size: 0x00000000, Max: 0x000f0000, ABSOLUTE)

    Execution Region ER$$.ARM.__AT_0x68000000 (Base: 0x68000000, Size: 0x000f0000, Max: 0x000f0000, ABSOLUTE, UNINIT)

    Base Addr    Size         Type   Attr      Idx    E Section Name        Object

    0x68000000   0x000f0000   Zero   RW         4478    .ARM.__AT_0x68000000  malloc.o



  Load Region LR$$.ARM.__AT_0x680F0000 (Base: 0x680f0000, Size: 0x00000000, Max: 0x0000f000, ABSOLUTE)

    Execution Region ER$$.ARM.__AT_0x680F0000 (Base: 0x680f0000, Size: 0x0000f000, Max: 0x0000f000, ABSOLUTE, UNINIT)

    Base Addr    Size         Type   Attr      Idx    E Section Name        Object

    0x680f0000   0x0000f000   Zero   RW         4479    .ARM.__AT_0x680F0000  malloc.o


==============================================================================

Image component sizes


      Code (inc. data)   RO Data    RW Data    ZI Data      Debug   Object Name

       974        132          0          4          0       3003   adc.o
       122         12          0          4         17       3846   audioplay.o
     24508       1038          0         24          0      29894   data.o
       288         22          0          4          0       2647   delay.o
       434         10          0          2          0       5199   diskio.o
       132         18          0         20         80       1690   exfuns.o
       628          0          0          0          0      10299   ff.o
       512         68        110          4          0       4746   i2s.o
        44          0          0          0          0       1120   iwdg.o
       296         30          0          0          0       1243   key.o
      2570        102       6080          8         26      16063   lcd.o
       124          8          0          0          0        599   led.o
       496        100          0         22        292     340130   main.o
       504         60         36         36    1218560       6718   malloc.o
       180         24          0          0          0       2193   misc.o
       428         68          0          0          0       2973   myiic.o
       168         52          0          1          0        791   power .o
       660         24          0          0          0       1808   pwm.o
      7482        400          0         16        704      35353   sdio_sdcard.o
       292         18          0          0          0       1897   spi.o
        64         26        392          0       1536        864   startup_stm32f40_41xxx.o
       374         24          0          0          0       5738   stm32f4xx_adc.o
       752         58          0          0          0       7900   stm32f4xx_dma.o
       160         12          0          0          0       1585   stm32f4xx_exti.o
       282          6          0          0          0       1909   stm32f4xx_fsmc.o
       240          0          0          0          0       3679   stm32f4xx_gpio.o
        26          0          0          0          0       4346   stm32f4xx_it.o
        68         30          0          0          0       2718   stm32f4xx_iwdg.o
        84         26          0          0          0       2204   stm32f4xx_pwr.o
       484         70          0         16          0       8430   stm32f4xx_rcc.o
       132         10          0          0          0       1199   stm32f4xx_rtc.o
       208         38          0          0          0       5901   stm32f4xx_sdio.o
       562         12          0          0          0       5832   stm32f4xx_spi.o
        64          4          0          0          0        684   stm32f4xx_syscfg.o
       948         66          0          0          0      15335   stm32f4xx_tim.o
       404          8          0          0          0       4394   stm32f4xx_usart.o
        16          0          0          0          0        520   sys.o
       340         32          0          0          0       1569   system_stm32f4xx.o
      1154         80          0          8          0       5991   usart.o
       308         22          0          2        800       2221   usart2.o
      1216        148          0          0          0       6707   usmart.o
         0          0        464        348          0       1616   usmart_config.o
      1274         20          0          0          0       8308   usmart_str.o
       908         92          0          2       4096       8791   w25qxx.o
       920         96          0          8       8224       4273   wavplay.o
       312         26          0          0          0       2480   wkup.o
      1070         24          0        116          0      12423   wm8978.o

    ----------------------------------------------------------------------
     53274       3116       7114        652    1234360     599829   Object Totals
         0          0         32          0          0          0   (incl. Generated)
        62          0          0          7         25          0   (incl. Padding)

    ----------------------------------------------------------------------

      Code (inc. data)   RO Data    RW Data    ZI Data      Debug   Library Member Name

        90          0          0          0          0          0   __dczerorl2.o
         8          0          0          0          0         68   __main.o
       392          4         17          0          0         92   __printf_flags_ss_wp.o
        14          0          0          0          0         68   __printf_wp.o
         0          0          0          0          0          0   __rtentry.o
        12          0          0          0          0          0   __rtentry2.o
         6          0          0          0          0          0   __rtentry4.o
        52          8          0          0          0          0   __scatter.o
        28          0          0          0          0          0   __scatter_zi.o
         6          0          0          0          0          0   _printf_c.o
        44          0          0          0          0        108   _printf_char.o
        48          6          0          0          0         96   _printf_char_common.o
        36          4          0          0          0         80   _printf_char_file.o
         6          0          0          0          0          0   _printf_d.o
       120         16          0          0          0         92   _printf_dec.o
        88          4         40          0          0         88   _printf_hex_int.o
       178          0          0          0          0         88   _printf_intcommon.o
        78          0          0          0          0        108   _printf_pad.o
         0          0          0          0          0          0   _printf_percent.o
         4          0          0          0          0          0   _printf_percent_end.o
         6          0          0          0          0          0   _printf_s.o
        82          0          0          0          0         80   _printf_str.o
         6          0          0          0          0          0   _printf_u.o
         6          0          0          0          0          0   _printf_x.o
        12          0          0          0          0         72   exit.o
         8          0          0          0          0         68   ferror.o
         6          0          0          0          0        152   heapauxi.o
         2          0          0          0          0          0   libinit.o
         6          0          0          0          0          0   libinit2.o
         2          0          0          0          0          0   libshutdown.o
         2          0          0          0          0          0   libshutdown2.o
         8          4          0          0         96         68   libspace.o
        72          0          0          0          0         76   llsdiv.o
       238          0          0          0          0        100   lludivv7m.o
        24          4          0          0          0         84   noretval__2printf.o
       138          0          0          0          0         68   rt_memcpy_v6.o
       100          0          0          0          0         80   rt_memcpy_w.o
         2          0          0          0          0          0   rtexit.o
        10          0          0          0          0          0   rtexit2.o
        74          0          0          0          0         80   sys_stackheap_outer.o
         2          0          0          0          0         68   use_no_semi.o
         2          0          0          0          0         68   use_no_semi_2.o
        10          0          0          0          0        116   fpinit.o

    ----------------------------------------------------------------------
      2036         50         60          0        100       2068   Library Totals
         8          0          3          0          4          0   (incl. Padding)

    ----------------------------------------------------------------------

      Code (inc. data)   RO Data    RW Data    ZI Data      Debug   Library Name

      2018         50         57          0         96       1952   c_w.l
        10          0          0          0          0        116   fz_wm.l

    ----------------------------------------------------------------------
      2036         50         60          0        100       2068   Library Totals

    ----------------------------------------------------------------------

==============================================================================


      Code (inc. data)   RO Data    RW Data    ZI Data      Debug   

     55310       3166       7174        652    1234460     572509   Grand Totals
     55310       3166       7174        228    1234460     572509   ELF Image Totals (compressed)
     55310       3166       7174        228          0          0   ROM Totals

==============================================================================

    Total RO  Size (Code + RO Data)                62484 (  61.02kB)
    Total RW  Size (RW Data + ZI Data)           1235112 (1206.16kB)
    Total ROM Size (Code + RO Data + RW Data)      62712 (  61.24kB)

==============================================================================

